Component: ARM Compiler 5.06 update 2 (build 183) Tool: armlink [4d35b7]

==============================================================================

Section Cross References

    main.o(i.main) refers to port.o(i.vPortEnterCritical) for vPortEnterCritical
    main.o(i.main) refers to bsp.o(i.bsp_Init) for bsp_Init
    main.o(i.main) refers to sysinit.o(i.sys_Init) for sys_Init
    main.o(i.main) refers to apptask.o(i.AppTaskCreate) for AppTaskCreate
    main.o(i.main) refers to tasks.o(i.vTaskStartScheduler) for vTaskStartScheduler
    apptask.o(i.AppTaskCreate) refers to tasks.o(i.xTaskCreate) for xTaskCreate
    apptask.o(i.AppTaskCreate) refers to apptask.o(.data) for .data
    apptask.o(i.AppTaskCreate) refers to apptask.o(i.vTaskCLI) for vTaskCLI
    apptask.o(i.AppTaskCreate) refers to apptask.o(i.vTaskGUI) for vTaskGUI
    apptask.o(i.AppTaskCreate) refers to apptask.o(i.vTaskMsgPro) for vTaskMsgPro
    apptask.o(i.AppTaskCreate) refers to apptask.o(i.vTaskStart) for vTaskStart
    apptask.o(i.vApplicationTickHook) refers to tasks.o(i.xTaskGetTickCount) for xTaskGetTickCount
    apptask.o(i.vApplicationTickHook) refers to apptask.o(.data) for .data
    apptask.o(i.vTaskCLI) refers to cli_main.o(i.cli_main) for cli_main
    apptask.o(i.vTaskGUI) refers to tasks.o(i.vTaskDelay) for vTaskDelay
    apptask.o(i.vTaskMsgPro) refers to tasks.o(i.vTaskDelay) for vTaskDelay
    apptask.o(i.vTaskStart) refers to tasks.o(i.vTaskDelay) for vTaskDelay
    sysinit.o(i.sys_Init) refers to malloc.o(i.my_mem_init) for my_mem_init
    sysinit.o(i.sys_Init) refers to ff_gen_drv.o(i.FATFS_LinkDriver) for FATFS_LinkDriver
    sysinit.o(i.sys_Init) refers to ff.o(i.f_mount) for f_mount
    sysinit.o(i.sys_Init) refers to wm_setcreateflags.o(i.WM_SetCreateFlags) for WM_SetCreateFlags
    sysinit.o(i.sys_Init) refers to gui_core.o(i.GUI_Init) for GUI_Init
    sysinit.o(i.sys_Init) refers to wm_multibuf.o(i.WM_MULTIBUF_Enable) for WM_MULTIBUF_Enable
    sysinit.o(i.sys_Init) refers to __2printf.o(.text) for __2printf
    sysinit.o(i.sys_Init) refers to sysinit.o(.data) for .data
    sysinit.o(i.sys_Init) refers to nand_diskio.o(.constdata) for NANDDISK_Driver
    sysinit.o(i.sys_Init) refers to sysinit.o(.bss) for .bss
    cli_main.o(i.cli_init) refers to tinysh.o(i.tinysh_set_prompt) for tinysh_set_prompt
    cli_main.o(i.cli_init) refers to tinysh.o(i.tinysh_add_command) for tinysh_add_command
    cli_main.o(i.cli_init) refers to cli_app.o(.data) for cli_hello_cmd
    cli_main.o(i.cli_init) refers to cli_app.o(.data) for cli_systemdate_cmd
    cli_main.o(i.cli_init) refers to cli_rtos.o(.data) for cli_tasklist_cmd
    cli_main.o(i.cli_init) refers to cli_fatfs.o(.data) for cli_mkfs_cmd
    cli_main.o(i.cli_init) refers to cli_fatfs.o(.data) for cli_mount_cmd
    cli_main.o(i.cli_init) refers to cli_fatfs.o(.data) for cli_umount_cmd
    cli_main.o(i.cli_init) refers to cli_fatfs.o(.data) for cli_fatfs_cmd
    cli_main.o(i.cli_init) refers to cli_xml.o(.data) for cli_testxml_cmd
    cli_main.o(i.cli_init) refers to cli_app.o(.data) for cli_testsdram_cmd
    cli_main.o(i.cli_init) refers to cli_app.o(.data) for myfoocmd
    cli_main.o(i.cli_init) refers to cli_app.o(.data) for ctxcmd
    cli_main.o(i.cli_init) refers to cli_app.o(.data) for item1
    cli_main.o(i.cli_init) refers to cli_app.o(.data) for item2
    cli_main.o(i.cli_init) refers to cli_app.o(.data) for atoxi_cmd
    cli_main.o(i.cli_main) refers to cli_main.o(i.cli_init) for cli_init
    cli_main.o(i.cli_main) refers to tinysh.o(i.tinysh_char_in) for tinysh_char_in
    cli_main.o(i.cli_main) refers to tasks.o(i.vTaskDelay) for vTaskDelay
    cli_main.o(i.cli_main) refers to bsp_uart.o(.data) for CLI_RX_STA
    cli_main.o(i.tinysh_char_out) refers to putc.o(.text) for putc
    cli_main.o(i.tinysh_char_out) refers to bsp_uart.o(.data) for __stdout
    cli_app.o(i.atoxi_fnt) refers to _printf_percent.o(.ARM.Collect$$_printf_percent$$00000000) for _printf_percent
    cli_app.o(i.atoxi_fnt) refers to _printf_u.o(.ARM.Collect$$_printf_percent$$0000000A) for _printf_u
    cli_app.o(i.atoxi_fnt) refers to _printf_x.o(.ARM.Collect$$_printf_percent$$0000000C) for _printf_x
    cli_app.o(i.atoxi_fnt) refers to _printf_s.o(.ARM.Collect$$_printf_percent$$00000014) for _printf_s
    cli_app.o(i.atoxi_fnt) refers to _printf_dec.o(.text) for _printf_int_dec
    cli_app.o(i.atoxi_fnt) refers to _printf_hex_int_ll_ptr.o(.text) for _printf_longlong_hex
    cli_app.o(i.atoxi_fnt) refers to _printf_str.o(.text) for _printf_str
    cli_app.o(i.atoxi_fnt) refers to tinysh.o(i.tinysh_atoxi) for tinysh_atoxi
    cli_app.o(i.atoxi_fnt) refers to __2printf.o(.text) for __2printf
    cli_app.o(i.cli_hello_fnt) refers to _printf_percent.o(.ARM.Collect$$_printf_percent$$00000000) for _printf_percent
    cli_app.o(i.cli_hello_fnt) refers to _printf_d.o(.ARM.Collect$$_printf_percent$$00000009) for _printf_d
    cli_app.o(i.cli_hello_fnt) refers to _printf_dec.o(.text) for _printf_int_dec
[...]
    0x08004d08   0x00000024   Code   RO         2132    i.HAL_NVIC_SetPriorityGrouping  stm32f4xx_hal_cortex.o
    0x08004d2c   0x0000008c   Code   RO         2317    i.HAL_PWREx_EnableOverDrive  stm32f4xx_hal_pwr_ex.o
    0x08004db8   0x00000018   Code   RO         4277    i.HAL_PWR_EnableBkUpAccess  stm32f4xx_hal_pwr.o
    0x08004dd0   0x000002b8   Code   RO         3870    i.HAL_RCCEx_PeriphCLKConfig  stm32f4xx_hal_rcc_ex.o
    0x08005088   0x0000017c   Code   RO         2384    i.HAL_RCC_ClockConfig  stm32f4xx_hal_rcc.o
    0x08005204   0x00000030   Code   RO         2391    i.HAL_RCC_GetPCLK1Freq  stm32f4xx_hal_rcc.o
    0x08005234   0x00000030   Code   RO         2392    i.HAL_RCC_GetPCLK2Freq  stm32f4xx_hal_rcc.o
    0x08005264   0x00000074   Code   RO         2393    i.HAL_RCC_GetSysClockFreq  stm32f4xx_hal_rcc.o
    0x080052d8   0x000002e4   Code   RO         2396    i.HAL_RCC_OscConfig  stm32f4xx_hal_rcc.o
    0x080055bc   0x00000002   Code   RO         4042    i.HAL_RTCEx_AlarmBEventCallback  stm32f4xx_hal_rtc_ex.o
    0x080055be   0x0000000a   Code   RO         4043    i.HAL_RTCEx_BKUPRead  stm32f4xx_hal_rtc_ex.o
    0x080055c8   0x0000000a   Code   RO         4044    i.HAL_RTCEx_BKUPWrite  stm32f4xx_hal_rtc_ex.o
    0x080055d2   0x00000002   Code   RO         1472    i.HAL_RTCEx_WakeUpTimerEventCallback  bsp_rtc.o
    0x080055d4   0x00000038   Code   RO         4076    i.HAL_RTCEx_WakeUpTimerIRQHandler  stm32f4xx_hal_rtc_ex.o
    0x0800560c   0x00000014   Code   RO         1473    i.HAL_RTC_AlarmAEventCallback  bsp_rtc.o
    0x08005620   0x0000005c   Code   RO         3906    i.HAL_RTC_AlarmIRQHandler  stm32f4xx_hal_rtc.o
    0x0800567c   0x00000044   Code   RO         3910    i.HAL_RTC_GetDate   stm32f4xx_hal_rtc.o
    0x080056c0   0x00000058   Code   RO         3912    i.HAL_RTC_GetTime   stm32f4xx_hal_rtc.o
    0x08005718   0x0000009c   Code   RO         3913    i.HAL_RTC_Init      stm32f4xx_hal_rtc.o
    0x080057b4   0x0000004c   Code   RO         1474    i.HAL_RTC_MspInit   bsp_rtc.o
    0x08005800   0x000000d0   Code   RO         3919    i.HAL_RTC_SetDate   stm32f4xx_hal_rtc.o
    0x080058d0   0x000000f0   Code   RO         3920    i.HAL_RTC_SetTime   stm32f4xx_hal_rtc.o
    0x080059c0   0x00000036   Code   RO         3921    i.HAL_RTC_WaitForSynchro  stm32f4xx_hal_rtc.o
    0x080059f6   0x00000042   Code   RO         3085    i.HAL_SDRAM_Init    stm32f4xx_hal_sdram.o
    0x08005a38   0x000000dc   Code   RO         1305    i.HAL_SDRAM_MspInit  bsp_sdram.o
    0x08005b14   0x00000022   Code   RO         3088    i.HAL_SDRAM_ProgramRefreshRate  stm32f4xx_hal_sdram.o
    0x08005b36   0x00000002   PAD
    0x08005b38   0x00000030   Code   RO         3094    i.HAL_SDRAM_SendCommand  stm32f4xx_hal_sdram.o
    0x08005b68   0x00000028   Code   RO         2136    i.HAL_SYSTICK_Config  stm32f4xx_hal_cortex.o
    0x08005b90   0x00000002   Code   RO         1176    i.HAL_UART_ErrorCallback  bsp_uart.o
    0x08005b92   0x0000000a   Code   RO         2502    i.HAL_UART_GetState  stm32f4xx_hal_uart.o
    0x08005b9c   0x00000110   Code   RO         2503    i.HAL_UART_IRQHandler  stm32f4xx_hal_uart.o
    0x08005cac   0x00000062   Code   RO         2504    i.HAL_UART_Init     stm32f4xx_hal_uart.o
    0x08005d0e   0x00000002   PAD
    0x08005d10   0x000000e0   Code   RO         1177    i.HAL_UART_MspInit  bsp_uart.o
    0x08005df0   0x00000048   Code   RO         2509    i.HAL_UART_Receive_IT  stm32f4xx_hal_uart.o
    0x08005e38   0x00000018   Code   RO         1178    i.HAL_UART_RxCpltCallback  bsp_uart.o
    0x08005e50   0x000000ba   Code   RO         2512    i.HAL_UART_Transmit  stm32f4xx_hal_uart.o
    0x08005f0a   0x00000002   Code   RO         1179    i.HAL_UART_TxCpltCallback  bsp_uart.o
    0x08005f0c   0x00000002   Code   RO          284    i.HardFault_Handler  stm32f4xx_it.o
    0x08005f0e   0x0000000c   Code   RO          835    i.Index2ColorBulk_M1555IDMA2D  lcdconf_lin_atk_7016.o
    0x08005f1a   0x0000000c   Code   RO          836    i.Index2ColorBulk_M4444IDMA2D  lcdconf_lin_atk_7016.o
    0x08005f26   0x0000000c   Code   RO          837    i.Index2ColorBulk_M8888IDMA2D  lcdconf_lin_atk_7016.o
    0x08005f32   0x0000000c   Code   RO          838    i.Index2ColorBulk_M888DMA2D  lcdconf_lin_atk_7016.o
    0x08005f3e   0x0000000e   Code   RO          839    i.InvertAlpha       lcdconf_lin_atk_7016.o
    0x08005f4c   0x00000026   Code   RO          840    i.InvertAlpha_SwapRB  lcdconf_lin_atk_7016.o
    0x08005f72   0x00000002   PAD
    0x08005f74   0x00000020   Code   RO          841    i.LCD_BackLight     lcdconf_lin_atk_7016.o
    0x08005f94   0x0000001c   Code   RO         6680    i.LCD_Color2Index   STemWin532_CM4_OS_Keil.lib(lcd.o)
    0x08005fb0   0x00000056   Code   RO         6397    i.LCD_Color2Index_8666  STemWin532_CM4_OS_Keil.lib(guicc_8666.o)
    0x08006006   0x00000002   PAD
    0x08006008   0x00000204   Code   RO         6681    i.LCD_DrawBitmap    STemWin532_CM4_OS_Keil.lib(lcd.o)
    0x0800620c   0x00000058   Code   RO         6682    i.LCD_DrawHLine     STemWin532_CM4_OS_Keil.lib(lcd.o)
    0x08006264   0x00000068   Code   RO         6683    i.LCD_DrawPixel     STemWin532_CM4_OS_Keil.lib(lcd.o)
    0x080062cc   0x00000058   Code   RO         6685    i.LCD_FillRect      STemWin532_CM4_OS_Keil.lib(lcd.o)
    0x08006324   0x00000006   Code   RO         6737    i.LCD_GetBitsPerPixelEx  STemWin532_CM4_OS_Keil.lib(lcd_getex.o)
    0x0800632a   0x00000002   PAD
    0x0800632c   0x00000018   Code   RO         6739    i.LCD_GetDevFunc    STemWin532_CM4_OS_Keil.lib(lcd_getex.o)
    0x08006344   0x00000006   Code   RO         6741    i.LCD_GetMirrorXEx  STemWin532_CM4_OS_Keil.lib(lcd_getex.o)
    0x0800634a   0x00000006   Code   RO         6743    i.LCD_GetMirrorYEx  STemWin532_CM4_OS_Keil.lib(lcd_getex.o)
    0x08006350   0x00000010   Code   RO         6744    i.LCD_GetNumColors  STemWin532_CM4_OS_Keil.lib(lcd_getex.o)
    0x08006360   0x00000006   Code   RO         6745    i.LCD_GetNumColorsEx  STemWin532_CM4_OS_Keil.lib(lcd_getex.o)
    0x08006366   0x0000001a   Code   RO         7039    i.LCD_GetNumLayers  STemWin532_CM4_OS_Keil.lib(lcd_getnumdisplays.o)
    0x08006380   0x00000010   Code   RO         6746    i.LCD_GetPalette    STemWin532_CM4_OS_Keil.lib(lcd_getex.o)
    0x08006390   0x00000018   Code   RO         6747    i.LCD_GetPaletteEx  STemWin532_CM4_OS_Keil.lib(lcd_getex.o)
    0x080063a8   0x0000002c   Code   RO         6819    i.LCD_GetPosEx      STemWin532_CM4_OS_Keil.lib(lcd_set.o)
    0x080063d4   0x00000006   Code   RO         6749    i.LCD_GetSwapXYEx   STemWin532_CM4_OS_Keil.lib(lcd_getex.o)
    0x080063da   0x00000002   PAD
    0x080063dc   0x0000000c   Code   RO         6759    i.LCD_GetXSizeDisplay  STemWin532_CM4_OS_Keil.lib(lcd_getex.o)
    0x080063e8   0x00000006   Code   RO         6761    i.LCD_GetXSizeMax   STemWin532_CM4_OS_Keil.lib(lcd_getex.o)
    0x080063ee   0x00000002   PAD
    0x080063f0   0x0000000c   Code   RO         6765    i.LCD_GetYSizeDisplay  STemWin532_CM4_OS_Keil.lib(lcd_getex.o)
    0x080063fc   0x00000006   Code   RO         6767    i.LCD_GetYSizeMax   STemWin532_CM4_OS_Keil.lib(lcd_getex.o)
    0x08006402   0x00000004   Code   RO         6718    i.LCD_GetpPalConvTable  STemWin532_CM4_OS_Keil.lib(lcd_color.o)
    0x08006406   0x00000004   Code   RO         6719    i.LCD_GetpPalConvTableBM  STemWin532_CM4_OS_Keil.lib(lcd_color.o)
    0x0800640a   0x00000002   PAD
    0x0800640c   0x00000048   Code   RO         6720    i.LCD_GetpPalConvTableUncached  STemWin532_CM4_OS_Keil.lib(lcd_color.o)
    0x08006454   0x0000001c   Code   RO         6686    i.LCD_Index2Color   STemWin532_CM4_OS_Keil.lib(lcd.o)
    0x08006470   0x00000064   Code   RO         6398    i.LCD_Index2Color_8666  STemWin532_CM4_OS_Keil.lib(guicc_8666.o)
    0x080064d4   0x0000002c   Code   RO         6655    i.LCD_Index2Color_M565  STemWin532_CM4_OS_Keil.lib(guicc_m565.o)
    0x08006500   0x00000014   Code   RO         7035    i.LCD_Index2Color_M888  STemWin532_CM4_OS_Keil.lib(guicc_m888_index2color.o)
    0x08006514   0x0000001e   Code   RO         7037    i.LCD_Index2Color_M8888I  STemWin532_CM4_OS_Keil.lib(guicc_m8888i_index2color.o)
    0x08006532   0x00000002   PAD
    0x08006534   0x00000034   Code   RO         6721    i.LCD_InitColors    STemWin532_CM4_OS_Keil.lib(lcd_color.o)
    0x08006568   0x0000007c   Code   RO         6722    i.LCD_InitLUT       STemWin532_CM4_OS_Keil.lib(lcd_color.o)
    0x080065e4   0x0000007c   Code   RO          842    i.LCD_LL_GetPixelformat  lcdconf_lin_atk_7016.o
    0x08006660   0x0000009c   Code   RO          843    i.LCD_LL_Init       lcdconf_lin_atk_7016.o
    0x080066fc   0x000000bc   Code   RO          844    i.LCD_LL_LayerInit  lcdconf_lin_atk_7016.o
    0x080067b8   0x000000c4   Code   RO          845    i.LCD_MixColorsBulk  lcdconf_lin_atk_7016.o
    0x0800687c   0x00000040   Code   RO         7277    i.LCD_SelectLCD     STemWin532_CM4_OS_Keil.lib(lcd_selectlcd.o)
    0x080068bc   0x0000000c   Code   RO         6687    i.LCD_SetBkColor    STemWin532_CM4_OS_Keil.lib(lcd.o)
    0x080068c8   0x00000018   Code   RO         6688    i.LCD_SetBkColorIndex  STemWin532_CM4_OS_Keil.lib(lcd.o)
    0x080068e0   0x00000030   Code   RO         7279    i.LCD_SetClipRectEx  STemWin532_CM4_OS_Keil.lib(lcd_setcliprectex.o)
    0x08006910   0x0000001c   Code   RO         6689    i.LCD_SetClipRectMax  STemWin532_CM4_OS_Keil.lib(lcd.o)
    0x0800692c   0x0000000c   Code   RO         6690    i.LCD_SetColor      STemWin532_CM4_OS_Keil.lib(lcd.o)
    0x08006938   0x00000018   Code   RO         6691    i.LCD_SetColorIndex  STemWin532_CM4_OS_Keil.lib(lcd.o)
    0x08006950   0x0000002c   Code   RO         6830    i.LCD_SetDevFunc    STemWin532_CM4_OS_Keil.lib(lcd_set.o)
    0x0800697c   0x0000000c   Code   RO         6770    i.LCD_SetDisplaySize  STemWin532_CM4_OS_Keil.lib(lcd_getex.o)
    0x08006988   0x0000000c   Code   RO         6692    i.LCD_SetDrawMode   STemWin532_CM4_OS_Keil.lib(lcd.o)
    0x08006994   0x0000002c   Code   RO         6832    i.LCD_SetLUTEntryEx  STemWin532_CM4_OS_Keil.lib(lcd_set.o)
    0x080069c0   0x0000002c   Code   RO         6836    i.LCD_SetSizeEx     STemWin532_CM4_OS_Keil.lib(lcd_set.o)
    0x080069ec   0x00000028   Code   RO         6838    i.LCD_SetVRAMAddrEx  STemWin532_CM4_OS_Keil.lib(lcd_set.o)
    0x08006a14   0x0000002c   Code   RO         6840    i.LCD_SetVSizeEx    STemWin532_CM4_OS_Keil.lib(lcd_set.o)
    0x08006a40   0x00000024   Code   RO         7281    i.LCD_UpdateColorIndices  STemWin532_CM4_OS_Keil.lib(lcd_updatecolorindices.o)
    0x08006a64   0x0000014c   Code   RO          846    i.LCD_X_Config      lcdconf_lin_atk_7016.o
    0x08006bb0   0x0000012c   Code   RO          847    i.LCD_X_DisplayDriver  lcdconf_lin_atk_7016.o
    0x08006cdc   0x000001b4   Code   RO         6693    i.LCD__DrawBitmap_1bpp  STemWin532_CM4_OS_Keil.lib(lcd.o)
    0x08006e90   0x0000005c   Code   RO         6771    i.LCD__GetBPP       STemWin532_CM4_OS_Keil.lib(lcd_getex.o)
    0x08006eec   0x00000032   Code   RO         6772    i.LCD__GetBPPDevice  STemWin532_CM4_OS_Keil.lib(lcd_getex.o)
    0x08006f1e   0x00000002   PAD
    0x08006f20   0x0000000c   Code   RO          848    i.LTDC_IRQHandler   lcdconf_lin_atk_7016.o
    0x08006f2c   0x00000162   Code   RO         3454    i.LTDC_SetConfig    stm32f4xx_hal_ltdc.o
    0x0800708e   0x00000002   Code   RO          285    i.MemManage_Handler  stm32f4xx_it.o
    0x08007090   0x00000190   Code   RO         1773    i.NAND_CopyPageWithWrite  bsp_nand_hw.o
    0x08007220   0x00000070   Code   RO         1774    i.NAND_CopyPageWithoutWrite  bsp_nand_hw.o
    0x08007290   0x00000010   Code   RO         1775    i.NAND_Delay        bsp_nand_hw.o
    0x080072a0   0x00000098   Code   RO         1776    i.NAND_ECC_Correction  bsp_nand_hw.o
    0x08007338   0x00000030   Code   RO         1777    i.NAND_ECC_Get_OE   bsp_nand_hw.o
    0x08007368   0x00000054   Code   RO         1778    i.NAND_EraseBlock   bsp_nand_hw.o
    0x080073bc   0x000000ac   Code   RO         1780    i.NAND_Init         bsp_nand_hw.o
    0x08007468   0x00000034   Code   RO         1781    i.NAND_ModeSet      bsp_nand_hw.o
    0x0800749c   0x00000048   Code   RO         1782    i.NAND_ReadID       bsp_nand_hw.o
    0x080074e4   0x00000238   Code   RO         1783    i.NAND_ReadPage     bsp_nand_hw.o
    0x0800771c   0x0000005c   Code   RO         1784    i.NAND_ReadPageComp  bsp_nand_hw.o
    0x08007778   0x00000020   Code   RO         1785    i.NAND_ReadSpare    bsp_nand_hw.o
    0x08007798   0x00000054   Code   RO         1786    i.NAND_ReadStatus   bsp_nand_hw.o
    0x080077ec   0x0000001c   Code   RO         1787    i.NAND_Reset        bsp_nand_hw.o
    0x08007808   0x00000028   Code   RO         1788    i.NAND_WaitForReady  bsp_nand_hw.o
    0x08007830   0x00000158   Code   RO         1790    i.NAND_WritePage    bsp_nand_hw.o
    0x08007988   0x00000050   Code   RO         1791    i.NAND_WritePageConst  bsp_nand_hw.o
    0x080079d8   0x00000020   Code   RO         1792    i.NAND_WriteSpare   bsp_nand_hw.o
    0x080079f8   0x00000020   Code   RO         6109    i.NAND_initialize   nand_diskio.o
    0x08007a18   0x00000050   Code   RO         6110    i.NAND_ioctl        nand_diskio.o
    0x08007a68   0x00000018   Code   RO         6111    i.NAND_read         nand_diskio.o
    0x08007a80   0x00000018   Code   RO         6112    i.NAND_status       nand_diskio.o
    0x08007a98   0x00000018   Code   RO         6113    i.NAND_write        nand_diskio.o
    0x08007ab0   0x00000002   Code   RO          286    i.NMI_Handler       stm32f4xx_it.o
    0x08007ab2   0x00000020   Code   RO         2138    i.NVIC_SetPriority  stm32f4xx_hal_cortex.o
    0x08007ad2   0x00000002   PAD
    0x08007ad4   0x0000000c   Code   RO         1475    i.RTC_Alarm_IRQHandler  bsp_rtc.o
    0x08007ae0   0x00000012   Code   RO         3922    i.RTC_Bcd2ToByte    stm32f4xx_hal_rtc.o
    0x08007af2   0x00000016   Code   RO         3923    i.RTC_ByteToBcd2    stm32f4xx_hal_rtc.o
    0x08007b08   0x0000003a   Code   RO         3924    i.RTC_EnterInitMode  stm32f4xx_hal_rtc.o
    0x08007b42   0x00000002   PAD
    0x08007b44   0x00000070   Code   RO         1477    i.RTC_Set_Date      bsp_rtc.o
    0x08007bb4   0x0000004c   Code   RO         1478    i.RTC_Set_Time      bsp_rtc.o
    0x08007c00   0x0000000c   Code   RO         1480    i.RTC_WKUP_IRQHandler  bsp_rtc.o
    0x08007c0c   0x00000040   Code   RO         1306    i.SDRAM_Initialization_Sequence  bsp_sdram.o
    0x08007c4c   0x00000034   Code   RO         1307    i.SDRAM_Send_Cmd    bsp_sdram.o
    0x08007c80   0x0000002c   Code   RO         5315    i.SysTick_Handler   port.o
    0x08007cac   0x00000088   Code   RO         1134    i.SystemClock_Config  bsp.o
    0x08007d34   0x0000007c   Code   RO         1919    i.SystemCoreClockUpdate  system_stm32f4xx.o
    0x08007db0   0x00000054   Code   RO         1920    i.SystemInit        system_stm32f4xx.o
    0x08007e04   0x00000010   Code   RO         2517    i.UART_DMAAbortOnError  stm32f4xx_hal_uart.o
    0x08007e14   0x0000001c   Code   RO         2523    i.UART_EndRxTransfer  stm32f4xx_hal_uart.o
    0x08007e30   0x0000008c   Code   RO         2525    i.UART_Receive_IT   stm32f4xx_hal_uart.o
    0x08007ebc   0x000002ac   Code   RO         2526    i.UART_SetConfig    stm32f4xx_hal_uart.o
    0x08008168   0x00000062   Code   RO         2527    i.UART_Transmit_IT  stm32f4xx_hal_uart.o
    0x080081ca   0x00000064   Code   RO         2528    i.UART_WaitOnFlagUntilTimeout  stm32f4xx_hal_uart.o
    0x0800822e   0x00000002   PAD
    0x08008230   0x00000040   Code   RO         1180    i.USART2_IRQHandler  bsp_uart.o
    0x08008270   0x00000002   Code   RO          287    i.UsageFault_Handler  stm32f4xx_it.o
    0x08008272   0x00000002   PAD
    0x08008274   0x00000010   Code   RO         7085    i.WM_Activate       STemWin532_CM4_OS_Keil.lib(wm.o)
    0x08008284   0x00000088   Code   RO         7353    i.WM_BringToBottom  STemWin532_CM4_OS_Keil.lib(wm_bringtobottom.o)
    0x0800830c   0x00000150   Code   RO         7087    i.WM_CreateWindowAsChild  STemWin532_CM4_OS_Keil.lib(wm.o)
    0x0800845c   0x00000046   Code   RO         7089    i.WM_DefaultProc    STemWin532_CM4_OS_Keil.lib(wm.o)
    0x080084a2   0x00000002   PAD
    0x080084a4   0x00000018   Code   RO         7199    i.WM_GetDesktopWindow  STemWin532_CM4_OS_Keil.lib(wm_getdesktopwindow.o)
    0x080084bc   0x0000001a   Code   RO         7365    i.WM_GetFirstChild  STemWin532_CM4_OS_Keil.lib(wm_getfirstchild.o)
    0x080084d6   0x0000001a   Code   RO         7697    i.WM_GetParent      STemWin532_CM4_OS_Keil.lib(wm_getparent.o)
    0x080084f0   0x000000d4   Code   RO         7094    i.WM_Init           STemWin532_CM4_OS_Keil.lib(wm.o)
    0x080085c4   0x00000080   Code   RO         7095    i.WM_InvalidateRect  STemWin532_CM4_OS_Keil.lib(wm.o)
    0x08008644   0x00000006   Code   RO         7096    i.WM_InvalidateWindow  STemWin532_CM4_OS_Keil.lib(wm.o)
    0x0800864a   0x0000005e   Code   RO         7097    i.WM_InvalidateWindowAndDescsEx  STemWin532_CM4_OS_Keil.lib(wm.o)
    0x080086a8   0x0000001c   Code   RO         6945    i.WM_MULTIBUF_Enable  STemWin532_CM4_OS_Keil.lib(wm_multibuf.o)
    0x080086c4   0x00000044   Code   RO         7098    i.WM_SelectWindow   STemWin532_CM4_OS_Keil.lib(wm.o)
    0x08008708   0x00000026   Code   RO         7371    i.WM_SendToParent   STemWin532_CM4_OS_Keil.lib(wm_sendtoparent.o)
    0x0800872e   0x00000002   PAD
    0x08008730   0x00000010   Code   RO         6947    i.WM_SetCreateFlags  STemWin532_CM4_OS_Keil.lib(wm_setcreateflags.o)
    0x08008740   0x00000048   Code   RO         7101    i.WM__ActivateClipRect  STemWin532_CM4_OS_Keil.lib(wm.o)
    0x08008788   0x00000010   Code   RO         7355    i.WM__AddCriticalHandle  STemWin532_CM4_OS_Keil.lib(wm_criticalhandle.o)
    0x08008798   0x00000010   Code   RO         7102    i.WM__Client2Screen  STemWin532_CM4_OS_Keil.lib(wm.o)
    0x080087a8   0x0000004e   Code   RO         7103    i.WM__ClipAtParentBorders  STemWin532_CM4_OS_Keil.lib(wm.o)
    0x080087f6   0x00000020   Code   RO         7361    i.WM__GetClientRectEx  STemWin532_CM4_OS_Keil.lib(wm_getclientrect.o)
    0x08008816   0x00000018   Code   RO         7106    i.WM__GetClientRectWin  STemWin532_CM4_OS_Keil.lib(wm.o)
    0x0800882e   0x00000012   Code   RO         7850    i.WM__GetFirstSibling  STemWin532_CM4_OS_Keil.lib(wm__getfirstsibling.o)
    0x08008840   0x00000040   Code   RO         7107    i.WM__GetNextIVR    STemWin532_CM4_OS_Keil.lib(wm.o)
    0x08008880   0x00000024   Code   RO         7677    i.WM__GetPrevSibling  STemWin532_CM4_OS_Keil.lib(wm__getprevsibling.o)
    0x080088a4   0x00000018   Code   RO         7108    i.WM__GetTopLevelLayer  STemWin532_CM4_OS_Keil.lib(wm.o)
    0x080088bc   0x000000f0   Code   RO         7109    i.WM__InitIVRSearch  STemWin532_CM4_OS_Keil.lib(wm.o)
    0x080089ac   0x000000a4   Code   RO         7110    i.WM__InsertWindowIntoList  STemWin532_CM4_OS_Keil.lib(wm.o)
    0x08008a50   0x00000006   Code   RO         7111    i.WM__Invalidate1Abs  STemWin532_CM4_OS_Keil.lib(wm.o)
    0x08008a56   0x00000002   PAD
    0x08008a58   0x00000054   Code   RO         7112    i.WM__InvalidateDrawAndDescs  STemWin532_CM4_OS_Keil.lib(wm.o)
    0x08008aac   0x00000076   Code   RO         7114    i.WM__InvalidateRect  STemWin532_CM4_OS_Keil.lib(wm.o)
    0x08008b22   0x00000006   Code   RO         7115    i.WM__InvalidateRectEx  STemWin532_CM4_OS_Keil.lib(wm.o)
    0x08008b28   0x00000020   Code   RO         7120    i.WM__RectIsNZ      STemWin532_CM4_OS_Keil.lib(wm.o)
    0x08008b48   0x00000014   Code   RO         7122    i.WM__SelectTopLevelLayer  STemWin532_CM4_OS_Keil.lib(wm.o)
    0x08008b5c   0x0000003c   Code   RO         7350    i.WM__SendMessage   STemWin532_CM4_OS_Keil.lib(wm__sendmessage.o)
    0x08008b98   0x0000000e   Code   RO         7123    i.WM__SendMsgNoData  STemWin532_CM4_OS_Keil.lib(wm.o)
    0x08008ba6   0x00000002   PAD
    0x08008ba8   0x00000090   Code   RO         6501    i._AddFreeMemory    STemWin532_CM4_OS_Keil.lib(gui_alloc.o)
    0x08008c38   0x000000b8   Code   RO         6502    i._Alloc            STemWin532_CM4_OS_Keil.lib(gui_alloc.o)
    0x08008cf0   0x00000004   Code   RO         7010    i._CalcSizeOfChar   STemWin532_CM4_OS_Keil.lib(gui_uc_encodenone.o)
    0x08008cf4   0x0000004c   Code   RO         6656    i._Color2IndexBulk  STemWin532_CM4_OS_Keil.lib(guicc_m565.o)
    0x08008d40   0x00000034   Code   RO         6669    i._Color2IndexBulk  STemWin532_CM4_OS_Keil.lib(guicc_m888.o)
    0x08008d74   0x00000044   Code   RO         6386    i._Color2IndexBulk_1616I  STemWin532_CM4_OS_Keil.lib(guicc_1616i.o)
    0x08008db8   0x00000038   Code   RO         6404    i._Color2IndexBulk_88666I  STemWin532_CM4_OS_Keil.lib(guicc_88666i.o)
    0x08008df0   0x00000054   Code   RO         6416    i._Color2IndexBulk_M1555I  STemWin532_CM4_OS_Keil.lib(guicc_m1555i.o)
    0x08008e44   0x00000060   Code   RO         6430    i._Color2IndexBulk_M4444I  STemWin532_CM4_OS_Keil.lib(guicc_m4444i.o)
    0x08008ea4   0x00000044   Code   RO         6444    i._Color2IndexBulk_M8888I  STemWin532_CM4_OS_Keil.lib(guicc_m8888i.o)
    0x08008ee8   0x00000054   Code   RO         7022    i._Color2Index_0    STemWin532_CM4_OS_Keil.lib(guicc_0.o)
    0x08008f3c   0x00000072   Code   RO         6949    i._Color2Index_16   STemWin532_CM4_OS_Keil.lib(guicc_16.o)
    0x08008fae   0x00000002   PAD
    0x08008fb0   0x00000028   Code   RO         6387    i._Color2Index_1616I  STemWin532_CM4_OS_Keil.lib(guicc_1616i.o)
    0x08008fd8   0x00000020   Code   RO         6405    i._Color2Index_88666I  STemWin532_CM4_OS_Keil.lib(guicc_88666i.o)
    0x08008ff8   0x00000030   Code   RO         6417    i._Color2Index_M1555I  STemWin532_CM4_OS_Keil.lib(guicc_m1555i.o)
    0x08009028   0x0000003a   Code   RO         6431    i._Color2Index_M4444I  STemWin532_CM4_OS_Keil.lib(guicc_m4444i.o)
    0x08009062   0x00000002   PAD
    0x08009064   0x0000002c   Code   RO         6657    i._Color2Index_M565  STemWin532_CM4_OS_Keil.lib(guicc_m565.o)
    0x08009090   0x00000014   Code   RO         6670    i._Color2Index_M888  STemWin532_CM4_OS_Keil.lib(guicc_m888.o)
    0x080090a4   0x0000001e   Code   RO         6445    i._Color2Index_M8888I  STemWin532_CM4_OS_Keil.lib(guicc_m8888i.o)
    0x080090c2   0x0000003e   Code   RO         7340    i._Convert16        STemWin532_CM4_OS_Keil.lib(guidev_writetoactiveopaque.o)
    0x08009100   0x0000003e   Code   RO         7341    i._Convert8         STemWin532_CM4_OS_Keil.lib(guidev_writetoactiveopaque.o)
    0x0800913e   0x00000050   Code   RO         6868    i._CopyBuffer       STemWin532_CM4_OS_Keil.lib(guidrv_lin_16.o)
    0x0800918e   0x00000002   PAD
    0x08009190   0x00000020   Code   RO         7125    i._DesktopHandle2Index  STemWin532_CM4_OS_Keil.lib(wm.o)
    0x080091b0   0x000000f4   Code   RO         6869    i._DrawBitLine1BPP  STemWin532_CM4_OS_Keil.lib(guidrv_lin_16.o)
    0x080092a4   0x00000148   Code   RO         7052    i._DrawBitLine1BPP  STemWin532_CM4_OS_Keil.lib(guidev_16.o)
    0x080093ec   0x00000114   Code   RO         6870    i._DrawBitLine2BPP  STemWin532_CM4_OS_Keil.lib(guidrv_lin_16.o)
    0x08009500   0x000000e0   Code   RO         7053    i._DrawBitLine2BPP  STemWin532_CM4_OS_Keil.lib(guidev_16.o)
    0x080095e0   0x00000114   Code   RO         6871    i._DrawBitLine4BPP  STemWin532_CM4_OS_Keil.lib(guidrv_lin_16.o)
    0x080096f4   0x00000160   Code   RO         7054    i._DrawBitLine4BPP  STemWin532_CM4_OS_Keil.lib(guidev_16.o)
    0x08009854   0x000000fc   Code   RO         6872    i._DrawBitLine8BPP  STemWin532_CM4_OS_Keil.lib(guidrv_lin_16.o)
    0x08009950   0x00000188   Code   RO         6873    i._DrawBitmap       STemWin532_CM4_OS_Keil.lib(guidrv_lin_16.o)
    0x08009ad8   0x000002a0   Code   RO         7055    i._DrawBitmap       STemWin532_CM4_OS_Keil.lib(guidev_16.o)
    0x08009d78   0x0000000a   Code   RO         6874    i._DrawHLine        STemWin532_CM4_OS_Keil.lib(guidrv_lin_16.o)
    0x08009d82   0x0000000a   Code   RO         7056    i._DrawHLine        STemWin532_CM4_OS_Keil.lib(guidev_16.o)
    0x08009d8c   0x0000000c   Code   RO         6875    i._DrawVLine        STemWin532_CM4_OS_Keil.lib(guidrv_lin_16.o)
    0x08009d98   0x000000b8   Code   RO         7057    i._DrawVLine        STemWin532_CM4_OS_Keil.lib(guidev_16.o)
    0x08009e50   0x00000006   Code   RO         7011    i._Encode           STemWin532_CM4_OS_Keil.lib(gui_uc_encodenone.o)
    0x08009e56   0x00000002   PAD
    0x08009e58   0x00000098   Code   RO         6503    i._EnlargeBlocks    STemWin532_CM4_OS_Keil.lib(gui_alloc.o)
    0x08009ef0   0x00000028   Code   RO         6876    i._FillRect         STemWin532_CM4_OS_Keil.lib(guidrv_lin_16.o)
    0x08009f18   0x000000ac   Code   RO         7058    i._FillRect         STemWin532_CM4_OS_Keil.lib(guidev_16.o)
    0x08009fc4   0x0000014c   Code   RO         6877    i._FillRectOpt16    STemWin532_CM4_OS_Keil.lib(guidrv_lin_16.o)
    0x0800a110   0x00000148   Code   RO         7128    i._FindNext_IVR     STemWin532_CM4_OS_Keil.lib(wm.o)
    0x0800a258   0x0000007c   Code   RO         7129    i._Findx0           STemWin532_CM4_OS_Keil.lib(wm.o)
    0x0800a2d4   0x00000072   Code   RO         7130    i._Findx1           STemWin532_CM4_OS_Keil.lib(wm.o)
    0x0800a346   0x000000a6   Code   RO         7131    i._Findy1           STemWin532_CM4_OS_Keil.lib(wm.o)
    0x0800a3ec   0x00000004   Code   RO         7012    i._GetCharCode      STemWin532_CM4_OS_Keil.lib(gui_uc_encodenone.o)
    0x0800a3f0   0x00000004   Code   RO         7013    i._GetCharSize      STemWin532_CM4_OS_Keil.lib(gui_uc_encodenone.o)
    0x0800a3f4   0x00000010   Code   RO         6878    i._GetDevData       STemWin532_CM4_OS_Keil.lib(guidrv_lin_16.o)
    0x0800a404   0x00000010   Code   RO         7059    i._GetDevData       STemWin532_CM4_OS_Keil.lib(guidev_16.o)
    0x0800a414   0x000000dc   Code   RO         6879    i._GetDevFunc       STemWin532_CM4_OS_Keil.lib(guidrv_lin_16.o)
    0x0800a4f0   0x00000010   Code   RO         7060    i._GetDevFunc       STemWin532_CM4_OS_Keil.lib(guidev_16.o)
    0x0800a500   0x0000001e   Code   RO         6773    i._GetDevProp       STemWin532_CM4_OS_Keil.lib(lcd_getex.o)
    0x0800a51e   0x0000003c   Code   RO         6880    i._GetDevProp       STemWin532_CM4_OS_Keil.lib(guidrv_lin_16.o)
    0x0800a55a   0x00000010   Code   RO         7061    i._GetDevProp       STemWin532_CM4_OS_Keil.lib(guidev_16.o)
    0x0800a56a   0x00000052   Code   RO         7023    i._GetIndexMask_0   STemWin532_CM4_OS_Keil.lib(guicc_0.o)
    0x0800a5bc   0x00000004   Code   RO         6950    i._GetIndexMask_16  STemWin532_CM4_OS_Keil.lib(guicc_16.o)
    0x0800a5c0   0x00000004   Code   RO         6388    i._GetIndexMask_1616I  STemWin532_CM4_OS_Keil.lib(guicc_1616i.o)
    0x0800a5c4   0x00000004   Code   RO         6399    i._GetIndexMask_8666  STemWin532_CM4_OS_Keil.lib(guicc_8666.o)
    0x0800a5c8   0x00000006   Code   RO         6406    i._GetIndexMask_88666I  STemWin532_CM4_OS_Keil.lib(guicc_88666i.o)
    0x0800a5ce   0x00000006   Code   RO         6418    i._GetIndexMask_M1555I  STemWin532_CM4_OS_Keil.lib(guicc_m1555i.o)
    0x0800a5d4   0x00000006   Code   RO         6432    i._GetIndexMask_M4444I  STemWin532_CM4_OS_Keil.lib(guicc_m4444i.o)
    0x0800a5da   0x00000006   Code   RO         6658    i._GetIndexMask_M565  STemWin532_CM4_OS_Keil.lib(guicc_m565.o)
    0x0800a5e0   0x00000006   Code   RO         6671    i._GetIndexMask_M888  STemWin532_CM4_OS_Keil.lib(guicc_m888.o)
    0x0800a5e6   0x00000006   Code   RO         6446    i._GetIndexMask_M8888I  STemWin532_CM4_OS_Keil.lib(guicc_m8888i.o)
    0x0800a5ec   0x0000001e   Code   RO         6774    i._GetMaxValue      STemWin532_CM4_OS_Keil.lib(lcd_getex.o)
    0x0800a60a   0x00000002   PAD
    0x0800a60c   0x0000001c   Code   RO         6504    i._GetMinIndex      STemWin532_CM4_OS_Keil.lib(gui_alloc.o)
    0x0800a628   0x00000010   Code   RO         6881    i._GetPixelIndex    STemWin532_CM4_OS_Keil.lib(guidrv_lin_16.o)
    0x0800a638   0x0000000e   Code   RO         7062    i._GetPixelIndex    STemWin532_CM4_OS_Keil.lib(guidev_16.o)
    0x0800a646   0x0000001c   Code   RO         6882    i._GetPos           STemWin532_CM4_OS_Keil.lib(guidrv_lin_16.o)
    0x0800a662   0x00000016   Code   RO         6883    i._GetRect          STemWin532_CM4_OS_Keil.lib(guidrv_lin_16.o)
    0x0800a678   0x00000030   Code   RO         7063    i._GetRect          STemWin532_CM4_OS_Keil.lib(guidev_16.o)
    0x0800a6a8   0x0000003c   Code   RO         6997    i._GetTaskNo        STemWin532_CM4_OS_Keil.lib(gui_task.o)
    0x0800a6e4   0x00000010   Code   RO         6979    i._GotoX            STemWin532_CM4_OS_Keil.lib(gui_goto.o)
    0x0800a6f4   0x00000010   Code   RO         6980    i._GotoY            STemWin532_CM4_OS_Keil.lib(gui_goto.o)
    0x0800a704   0x00000058   Code   RO         6659    i._Index2ColorBulk  STemWin532_CM4_OS_Keil.lib(guicc_m565.o)
    0x0800a75c   0x00000034   Code   RO         6672    i._Index2ColorBulk  STemWin532_CM4_OS_Keil.lib(guicc_m888.o)
    0x0800a790   0x0000004c   Code   RO         6389    i._Index2ColorBulk_1616I  STemWin532_CM4_OS_Keil.lib(guicc_1616i.o)
    0x0800a7dc   0x00000044   Code   RO         6407    i._Index2ColorBulk_88666I  STemWin532_CM4_OS_Keil.lib(guicc_88666i.o)
    0x0800a820   0x0000005c   Code   RO         6419    i._Index2ColorBulk_M1555I  STemWin532_CM4_OS_Keil.lib(guicc_m1555i.o)
    0x0800a87c   0x0000005c   Code   RO         6433    i._Index2ColorBulk_M4444I  STemWin532_CM4_OS_Keil.lib(guicc_m4444i.o)
    0x0800a8d8   0x00000044   Code   RO         6447    i._Index2ColorBulk_M8888I  STemWin532_CM4_OS_Keil.lib(guicc_m8888i.o)
    0x0800a91c   0x00000020   Code   RO         7024    i._Index2Color_0    STemWin532_CM4_OS_Keil.lib(guicc_0.o)
    0x0800a93c   0x00000036   Code   RO         6951    i._Index2Color_16   STemWin532_CM4_OS_Keil.lib(guicc_16.o)
    0x0800a972   0x00000002   PAD
    0x0800a974   0x00000028   Code   RO         6390    i._Index2Color_1616I  STemWin532_CM4_OS_Keil.lib(guicc_1616i.o)
    0x0800a99c   0x00000020   Code   RO         6408    i._Index2Color_88666I  STemWin532_CM4_OS_Keil.lib(guicc_88666i.o)
    0x0800a9bc   0x00000030   Code   RO         6420    i._Index2Color_M1555I  STemWin532_CM4_OS_Keil.lib(guicc_m1555i.o)
    0x0800a9ec   0x00000030   Code   RO         6434    i._Index2Color_M4444I  STemWin532_CM4_OS_Keil.lib(guicc_m4444i.o)
    0x0800aa1c   0x00000018   Code   RO         6884    i._Init             STemWin532_CM4_OS_Keil.lib(guidrv_lin_16.o)
    0x0800aa34   0x00000074   Code   RO         6561    i._InitContext      STemWin532_CM4_OS_Keil.lib(gui_core.o)
    0x0800aaa8   0x000000a8   Code   RO         6505    i._InitOnce         STemWin532_CM4_OS_Keil.lib(gui_alloc.o)
    0x0800ab50   0x00000024   Code   RO         6885    i._InitOnce         STemWin532_CM4_OS_Keil.lib(guidrv_lin_16.o)
    0x0800ab74   0x00000080   Code   RO         7132    i._Invalidate1Abs   STemWin532_CM4_OS_Keil.lib(wm.o)
    0x0800abf4   0x0000005c   Code   RO          849    i._LCD_GetpPalConvTable  lcdconf_lin_atk_7016.o
    0x0800ac50   0x0000000a   Code   RO         6886    i._Off              STemWin532_CM4_OS_Keil.lib(guidrv_lin_16.o)
    0x0800ac5a   0x0000000a   Code   RO         6887    i._On               STemWin532_CM4_OS_Keil.lib(guidrv_lin_16.o)
    0x0800ac64   0x00000034   Code   RO         6506    i._OnExit           STemWin532_CM4_OS_Keil.lib(gui_alloc.o)
    0x0800ac98   0x0000002c   Code   RO         6562    i._OnExit           STemWin532_CM4_OS_Keil.lib(gui_core.o)
    0x0800acc4   0x00000014   Code   RO         6724    i._OnExit           STemWin532_CM4_OS_Keil.lib(lcd_color.o)
    0x0800acd8   0x00000014   Code   RO         6998    i._OnExit           STemWin532_CM4_OS_Keil.lib(gui_task.o)
    0x0800acec   0x00000034   Code   RO         7133    i._OnExit           STemWin532_CM4_OS_Keil.lib(wm.o)
    0x0800ad20   0x00000040   Code   RO         6507    i._PopFreeBlock     STemWin532_CM4_OS_Keil.lib(gui_alloc.o)
    0x0800ad60   0x00000028   Code   RO         6508    i._PushFreeBlock    STemWin532_CM4_OS_Keil.lib(gui_alloc.o)
    0x0800ad88   0x00000030   Code   RO         6888    i._ReadRect         STemWin532_CM4_OS_Keil.lib(guidrv_lin_16.o)
    0x0800adb8   0x00000034   Code   RO         6509    i._RemoveFreeBlock  STemWin532_CM4_OS_Keil.lib(gui_alloc.o)
    0x0800adec   0x000000a0   Code   RO         6510    i._RemoveHoles      STemWin532_CM4_OS_Keil.lib(gui_alloc.o)
    0x0800ae8c   0x00000026   Code   RO         6889    i._SetAlpha         STemWin532_CM4_OS_Keil.lib(guidrv_lin_16.o)
    0x0800aeb2   0x00000010   Code   RO         6890    i._SetAlphaMode     STemWin532_CM4_OS_Keil.lib(guidrv_lin_16.o)
    0x0800aec2   0x00000002   PAD
    0x0800aec4   0x00000020   Code   RO         6694    i._SetBkColor       STemWin532_CM4_OS_Keil.lib(lcd.o)
    0x0800aee4   0x00000012   Code   RO         6891    i._SetChroma        STemWin532_CM4_OS_Keil.lib(guidrv_lin_16.o)
    0x0800aef6   0x00000010   Code   RO         6892    i._SetChromaMode    STemWin532_CM4_OS_Keil.lib(guidrv_lin_16.o)
    0x0800af06   0x00000002   PAD
    0x0800af08   0x0000004c   Code   RO         7137    i._SetClipRectUserIntersect  STemWin532_CM4_OS_Keil.lib(wm.o)
    0x0800af54   0x00000020   Code   RO         6695    i._SetColor         STemWin532_CM4_OS_Keil.lib(lcd.o)
    0x0800af74   0x00000044   Code   RO         6893    i._SetDevFunc       STemWin532_CM4_OS_Keil.lib(guidrv_lin_16.o)
    0x0800afb8   0x0000002c   Code   RO         6696    i._SetDrawMode      STemWin532_CM4_OS_Keil.lib(lcd.o)
    0x0800afe4   0x000000a4   Code   RO         6894    i._SetOrg           STemWin532_CM4_OS_Keil.lib(guidrv_lin_16.o)
    0x0800b088   0x0000000e   Code   RO         7064    i._SetOrg           STemWin532_CM4_OS_Keil.lib(guidev_16.o)
    0x0800b096   0x00000012   Code   RO         6895    i._SetPixelIndex    STemWin532_CM4_OS_Keil.lib(guidrv_lin_16.o)
    0x0800b0a8   0x00000048   Code   RO         7065    i._SetPixelIndex    STemWin532_CM4_OS_Keil.lib(guidev_16.o)
    0x0800b0f0   0x000000ea   Code   RO         6896    i._SetPos           STemWin532_CM4_OS_Keil.lib(guidrv_lin_16.o)
    0x0800b1da   0x00000044   Code   RO         6897    i._SetSize          STemWin532_CM4_OS_Keil.lib(guidrv_lin_16.o)
    0x0800b21e   0x00000028   Code   RO         6898    i._SetVRAMAddr      STemWin532_CM4_OS_Keil.lib(guidrv_lin_16.o)
    0x0800b246   0x0000002a   Code   RO         6899    i._SetVSize         STemWin532_CM4_OS_Keil.lib(guidrv_lin_16.o)
    0x0800b270   0x00000026   Code   RO         6900    i._SetVis           STemWin532_CM4_OS_Keil.lib(guidrv_lin_16.o)
    0x0800b296   0x00000024   Code   RO         6901    i._ShowBuffer       STemWin532_CM4_OS_Keil.lib(guidrv_lin_16.o)
    0x0800b2ba   0x00000002   PAD
    0x0800b2bc   0x000000ea   Code   RO         6511    i._TestRAM          STemWin532_CM4_OS_Keil.lib(gui_alloc.o)
    0x0800b3a6   0x0000000e   Code   RO         6512    i._WriteTagData     STemWin532_CM4_OS_Keil.lib(gui_alloc.o)
    0x0800b3b4   0x00000340   Code   RO         7342    i._WriteToActiveOpaque_8  STemWin532_CM4_OS_Keil.lib(guidev_writetoactiveopaque.o)
    0x0800b6f4   0x00000344   Code   RO         7343    i._WriteToActiveOpaque_HT  STemWin532_CM4_OS_Keil.lib(guidev_writetoactiveopaque.o)
    0x0800ba38   0x0000003c   Code   RO         7066    i._XY2PTR           STemWin532_CM4_OS_Keil.lib(guidev_16.o)
    0x0800ba74   0x00000028   Code   RO         6902    i._XorPixel         STemWin532_CM4_OS_Keil.lib(guidrv_lin_16.o)
    0x0800ba9c   0x00000054   Code   RO         7067    i._XorPixel         STemWin532_CM4_OS_Keil.lib(guidev_16.o)
    0x0800baf0   0x00000030   Code   RO         8332    i.__ARM_fpclassify  m_wm.l(fpclassify.o)
    0x0800bb20   0x00000050   Code   RO         7138    i._cbBackWin        STemWin532_CM4_OS_Keil.lib(wm.o)
    0x0800bb70   0x0000000e   Code   RO         8012    i._is_digit         c_w.l(__printf_wp.o)
    0x0800bb7e   0x00000002   Code   RO         1181    i._sys_exit         bsp_uart.o
    0x0800bb80   0x000001b0   Code   RO         5440    i._tinysh_char_in   tinysh.o
    0x0800bd30   0x0000001c   Code   RO         1182    i._ttywrch          bsp_uart.o
    0x0800bd4c   0x0000004c   Code   RO          601    i.atoxi_fnt         cli_app.o
    0x0800bd98   0x00000024   Code   RO         1353    i.bsp_DWT_Init      bsp_dwt.o
    0x0800bdbc   0x0000000a   Code   RO         1354    i.bsp_DelayMS       bsp_dwt.o
    0x0800bdc6   0x00000002   PAD
    0x0800bdc8   0x0000002c   Code   RO         1355    i.bsp_DelayUS       bsp_dwt.o
    0x0800bdf4   0x00000038   Code   RO         1136    i.bsp_Init          bsp.o
    0x0800be2c   0x00000060   Code   RO         1481    i.bsp_RTC_Init      bsp_rtc.o
    0x0800be8c   0x00000084   Code   RO         1308    i.bsp_SDRAM_Init    bsp_sdram.o
    0x0800bf10   0x0000005c   Code   RO         1183    i.bsp_Uart_Init     bsp_uart.o
    0x0800bf6c   0x0000007c   Code   RO         5616    i.change_bitmap     ff.o
    0x0800bfe8   0x0000008c   Code   RO         5617    i.check_fs          ff.o
    0x0800c074   0x00000010   Code   RO         5618    i.chk_chr           ff.o
    0x0800c084   0x00000074   Code   RO          710    i.cli_fatfs_fnt     cli_fatfs.o
    0x0800c0f8   0x000000d4   Code   RO          602    i.cli_hello_fnt     cli_app.o
    0x0800c1cc   0x000000a8   Code   RO          548    i.cli_init          cli_main.o
    0x0800c274   0x00000028   Code   RO          549    i.cli_main          cli_main.o
    0x0800c29c   0x00000190   Code   RO          711    i.cli_mkfs_fnt      cli_fatfs.o
    0x0800c42c   0x00000074   Code   RO          712    i.cli_mount_fnt     cli_fatfs.o
    0x0800c4a0   0x00000200   Code   RO          603    i.cli_systemtime_fnt  cli_app.o
    0x0800c6a0   0x000000e4   Code   RO          681    i.cli_tasklist_fnt  cli_rtos.o
    0x0800c784   0x00000012   Code   RO          604    i.cli_testsdram_fnt  cli_app.o
    0x0800c796   0x00000002   PAD
    0x0800c798   0x0000009c   Code   RO          760    i.cli_testxml_fnt   cli_xml.o
    0x0800c834   0x00000078   Code   RO          713    i.cli_umount_fnt    cli_fatfs.o
    0x0800c8ac   0x00000032   Code   RO         5619    i.clmt_clust        ff.o
    0x0800c8de   0x00000018   Code   RO         5620    i.clust2sect        ff.o
    0x0800c8f6   0x00000002   PAD
    0x0800c8f8   0x00000080   Code   RO         5621    i.cmp_lfn           ff.o
    0x0800c978   0x0000013c   Code   RO         5441    i.complete_command_line  tinysh.o
    0x0800cab4   0x0000010e   Code   RO         5622    i.create_chain      ff.o
    0x0800cbc2   0x00000002   PAD
    0x0800cbc4   0x00000244   Code   RO         5623    i.create_name       ff.o
    0x0800ce08   0x0000007c   Code   RO         5624    i.create_xdir       ff.o
    0x0800ce84   0x00000058   Code   RO         5625    i.dir_alloc         ff.o
    0x0800cedc   0x00000146   Code   RO         5626    i.dir_find          ff.o
    0x0800d022   0x00000108   Code   RO         5627    i.dir_next          ff.o
    0x0800d12a   0x000000e4   Code   RO         5628    i.dir_read          ff.o
    0x0800d20e   0x00000002   PAD
    0x0800d210   0x0000023c   Code   RO         5629    i.dir_register      ff.o
    0x0800d44c   0x00000096   Code   RO         5631    i.dir_sdi           ff.o
    0x0800d4e2   0x00000002   PAD
    0x0800d4e4   0x00000028   Code   RO         5545    i.disk_initialize   diskio.o
    0x0800d50c   0x0000001c   Code   RO         5546    i.disk_ioctl        diskio.o
    0x0800d528   0x0000001c   Code   RO         5547    i.disk_read         diskio.o
    0x0800d544   0x00000018   Code   RO         5548    i.disk_status       diskio.o
    0x0800d55c   0x0000001c   Code   RO         5549    i.disk_write        diskio.o
    0x0800d578   0x00000030   Code   RO          605    i.display_args      cli_app.o
    0x0800d5a8   0x00000060   Code   RO         5442    i.display_child_help  tinysh.o
    0x0800d608   0x00000068   Code   RO         4850    i.eTaskGetState     tasks.o
    0x0800d670   0x0000008a   Code   RO         6697    i.emWin_LCD_Init    STemWin532_CM4_OS_Keil.lib(lcd.o)
    0x0800d6fa   0x00000002   PAD
    0x0800d6fc   0x00000090   Code   RO         5443    i.exec_command      tinysh.o
    0x0800d78c   0x00000098   Code   RO         5444    i.exec_command_line  tinysh.o
    0x0800d824   0x0000003c   Code   RO         6181    i.ezxml_add_child   ezxml.o
    0x0800d860   0x0000009e   Code   RO         6183    i.ezxml_attr        ezxml.o
    0x0800d8fe   0x0000008c   Code   RO         6184    i.ezxml_char_content  ezxml.o
    0x0800d98a   0x00000020   Code   RO         6185    i.ezxml_child       ezxml.o
    0x0800d9aa   0x00000002   PAD
    0x0800d9ac   0x00000054   Code   RO         6186    i.ezxml_close_tag   ezxml.o
    0x0800da00   0x0000024c   Code   RO         6188    i.ezxml_decode      ezxml.o
    0x0800dc4c   0x0000006a   Code   RO         6189    i.ezxml_ent_ok      ezxml.o
    0x0800dcb6   0x00000002   PAD
    0x0800dcb8   0x00000060   Code   RO         6190    i.ezxml_err         ezxml.o
    0x0800dd18   0x00000118   Code   RO         6192    i.ezxml_free        ezxml.o
    0x0800de30   0x00000060   Code   RO         6193    i.ezxml_free_attr   ezxml.o
    0x0800de90   0x0000009e   Code   RO         6196    i.ezxml_insert      ezxml.o
    0x0800df2e   0x00000002   PAD
    0x0800df30   0x00000468   Code   RO         6197    i.ezxml_internal_dtd  ezxml.o
    0x0800e398   0x00000020   Code   RO         6198    i.ezxml_mem_strdup  ezxml.o
    0x0800e3b8   0x00000048   Code   RO         6199    i.ezxml_new         ezxml.o
    0x0800e400   0x0000002e   Code   RO         6200    i.ezxml_open_tag    ezxml.o
    0x0800e42e   0x0000002a   Code   RO         6201    i.ezxml_parse_file  ezxml.o
    0x0800e458   0x00000050   Code   RO         6202    i.ezxml_parse_fp    ezxml.o
    0x0800e4a8   0x00000578   Code   RO         6203    i.ezxml_parse_str   ezxml.o
    0x0800ea20   0x00000170   Code   RO         6205    i.ezxml_proc_inst   ezxml.o
    0x0800eb90   0x0000000c   Code   RO         6207    i.ezxml_set_flag    ezxml.o
    0x0800eb9c   0x000000fa   Code   RO         6209    i.ezxml_str2utf8    ezxml.o
    0x0800ec96   0x0000001e   Code   RO         5632    i.f_close           ff.o
    0x0800ecb4   0x00000ac4   Code   RO         5639    i.f_mkfs            ff.o
    0x0800f778   0x0000004c   Code   RO         5640    i.f_mount           ff.o
    0x0800f7c4   0x00000308   Code   RO         5641    i.f_open            ff.o
    0x0800facc   0x00000186   Code   RO         5646    i.f_read            ff.o
    0x0800fc52   0x00000158   Code   RO         5651    i.f_sync            ff.o
    0x0800fdaa   0x00000006   Code   RO         1184    i.ferror            bsp_uart.o
    0x0800fdb0   0x0000004c   Code   RO         6026    i.ff_convert        cc936.o
    0x0800fdfc   0x00000008   Code   RO         5550    i.ff_memalloc       diskio.o
    0x0800fe04   0x00000008   Code   RO         5551    i.ff_memfree        diskio.o
    0x0800fe0c   0x00000080   Code   RO         6027    i.ff_wtoupper       cc936.o
    0x0800fe8c   0x0000002e   Code   RO         5655    i.fill_fat_chain    ff.o
    0x0800feba   0x0000008a   Code   RO         5656    i.find_bitmap       ff.o
    0x0800ff44   0x00000354   Code   RO         5657    i.find_volume       ff.o
    0x08010298   0x000000b2   Code   RO         5658    i.follow_path       ff.o
    0x0801034a   0x00000002   PAD
    0x0801034c   0x0000002c   Code   RO          606    i.foo_fnt           cli_app.o
    0x08010378   0x00000044   Code   RO         1186    i.fputc             bsp_uart.o
    0x080103bc   0x000000c8   Code   RO          607    i.fsmc_sdram_test   cli_app.o
    0x08010484   0x0000008c   Code   RO         5659    i.gen_numname       ff.o
    0x08010510   0x00000128   Code   RO         5660    i.get_fat           ff.o
    0x08010638   0x00000004   Code   RO         5552    i.get_fattime       diskio.o
    0x0801063c   0x0000003c   Code   RO         5662    i.get_ldnumber      ff.o
    0x08010678   0x000000c4   Code   RO         5445    i.help_command_line  tinysh.o
    0x0801073c   0x0000014c   Code   RO         5446    i.help_fnt          tinysh.o
    0x08010888   0x00000038   Code   RO          608    i.item_fnt          cli_app.o
    0x080108c0   0x00000026   Code   RO         5664    i.ld_clust          ff.o
    0x080108e6   0x00000016   Code   RO         5665    i.ld_dword          ff.o
    0x080108fc   0x00000056   Code   RO         5666    i.ld_qword          ff.o
    0x08010952   0x0000000a   Code   RO         5667    i.ld_word           ff.o
    0x0801095c   0x00000038   Code   RO         5668    i.load_obj_dir      ff.o
    0x08010994   0x000000aa   Code   RO         5669    i.load_xdir         ff.o
    0x08010a3e   0x00000016   Code   RO            4    i.main              main.o
    0x08010a54   0x0000001a   Code   RO         5670    i.mem_cmp           ff.o
    0x08010a6e   0x00000012   Code   RO         5671    i.mem_cpy           ff.o
    0x08010a80   0x0000000e   Code   RO         5672    i.mem_set           ff.o
    0x08010a8e   0x00000032   Code   RO         5673    i.move_window       ff.o
    0x08010ac0   0x00000058   Code   RO         1389    i.my_mem_free       malloc.o
    0x08010b18   0x0000002c   Code   RO         1390    i.my_mem_init       malloc.o
    0x08010b44   0x00000088   Code   RO         1391    i.my_mem_malloc     malloc.o
    0x08010bcc   0x0000003c   Code   RO         1392    i.my_mem_perused    malloc.o
    0x08010c08   0x00000018   Code   RO         1393    i.myfree            malloc.o
    0x08010c20   0x00000020   Code   RO         1394    i.mymalloc          malloc.o
    0x08010c40   0x0000000e   Code   RO         1396    i.mymemset          malloc.o
    0x08010c4e   0x00000002   PAD
    0x08010c50   0x0000008e   Code   RO         5447    i.parse_command     tinysh.o
    0x08010cde   0x00000002   PAD
    0x08010ce0   0x00000074   Code   RO         5674    i.pick_lfn          ff.o
    0x08010d54   0x00000070   Code   RO         4852    i.prvAddCurrentTaskToDelayedList  tasks.o
    0x08010dc4   0x000000d4   Code   RO         4853    i.prvAddNewTaskToReadyList  tasks.o
    0x08010e98   0x00000050   Code   RO         5199    i.prvCheckForValidListAndQueue  timers.o
    0x08010ee8   0x00000050   Code   RO         4854    i.prvCheckTasksWaitingTermination  tasks.o
    0x08010f38   0x00000026   Code   RO         4669    i.prvCopyDataFromQueue  queue.o
    0x08010f5e   0x0000006c   Code   RO         4670    i.prvCopyDataToQueue  queue.o
    0x08010fca   0x00000014   Code   RO         4855    i.prvDeleteTCB      tasks.o
    0x08010fde   0x00000002   PAD
    0x08010fe0   0x0000004c   Code   RO         5391    i.prvHeapInit       heap_4.o
    0x0801102c   0x0000002c   Code   RO         4856    i.prvIdleTask       tasks.o
    0x08011058   0x0000009e   Code   RO         4857    i.prvInitialiseNewTask  tasks.o
    0x080110f6   0x00000002   PAD
    0x080110f8   0x0000004c   Code   RO         5392    i.prvInsertBlockIntoFreeList  heap_4.o
    0x08011144   0x00000038   Code   RO         5200    i.prvInsertTimerInActiveList  timers.o
    0x0801117c   0x0000001c   Code   RO         4671    i.prvIsQueueEmpty   queue.o
    0x08011198   0x00000058   Code   RO         4858    i.prvListTasksWithinSingleList  tasks.o
    0x080111f0   0x000000c8   Code   RO         5201    i.prvProcessReceivedCommands  timers.o
    0x080112b8   0x000000b4   Code   RO         5202    i.prvProcessTimerOrBlockTask  timers.o
    0x0801136c   0x00000020   Code   RO         4859    i.prvResetNextTaskUnblockTime  tasks.o
    0x0801138c   0x00000028   Code   RO         5203    i.prvSampleTimeNow  timers.o
    0x080113b4   0x0000006c   Code   RO         5204    i.prvSwitchTimerLists  timers.o
    0x08011420   0x00000028   Code   RO         5316    i.prvTaskExitError  port.o
    0x08011448   0x00000024   Code   RO         5205    i.prvTimerTask      timers.o
    0x0801146c   0x0000006a   Code   RO         4672    i.prvUnlockQueue    queue.o
    0x080114d6   0x00000022   Code   RO         4861    i.prvWriteNameToBuffer  tasks.o
    0x080114f8   0x000000f6   Code   RO         5675    i.put_fat           ff.o
    0x080115ee   0x00000002   PAD
    0x080115f0   0x000000e0   Code   RO         5393    i.pvPortMalloc      heap_4.o
    0x080116d0   0x00000018   Code   RO         4862    i.pvTaskIncrementMutexHeldCount  tasks.o
    0x080116e8   0x0000002c   Code   RO         5317    i.pxPortInitialiseStack  port.o
    0x08011714   0x000000e4   Code   RO         5678    i.remove_chain      ff.o
    0x080117f8   0x00000028   Code   RO         5679    i.st_clust          ff.o
    0x08011820   0x00000010   Code   RO         5680    i.st_dword          ff.o
    0x08011830   0x0000004a   Code   RO         5681    i.st_qword          ff.o
    0x0801187a   0x00000008   Code   RO         5682    i.st_word           ff.o
    0x08011882   0x00000002   PAD
    0x08011884   0x00000030   Code   RO         5448    i.start_of_line     tinysh.o
    0x080118b4   0x0000006a   Code   RO         5683    i.store_xdir        ff.o
    0x0801191e   0x0000002a   Code   RO         5449    i.strstart          tinysh.o
    0x08011948   0x0000001a   Code   RO         5684    i.sum_sfn           ff.o
    0x08011962   0x00000002   PAD
    0x08011964   0x00000088   Code   RO         5685    i.sync_fs           ff.o
    0x080119ec   0x00000052   Code   RO         5686    i.sync_window       ff.o
    0x08011a3e   0x00000002   PAD
    0x08011a40   0x00000084   Code   RO          507    i.sys_Init          sysinit.o
    0x08011ac4   0x00000030   Code   RO         5450    i.tinysh_add_command  tinysh.o
    0x08011af4   0x00000066   Code   RO         5451    i.tinysh_atoxi      tinysh.o
    0x08011b5a   0x00000004   Code   RO         5452    i.tinysh_char_in    tinysh.o
    0x08011b5e   0x00000002   PAD
    0x08011b60   0x0000000c   Code   RO          550    i.tinysh_char_out   cli_main.o
    0x08011b6c   0x0000000c   Code   RO         5453    i.tinysh_get_arg    tinysh.o
    0x08011b78   0x00000014   Code   RO         5454    i.tinysh_puts       tinysh.o
    0x08011b8c   0x00000020   Code   RO         5455    i.tinysh_set_prompt  tinysh.o
    0x08011bac   0x00000012   Code   RO         5456    i.tinysh_strlen     tinysh.o
    0x08011bbe   0x00000024   Code   RO         4632    i.uxListRemove      list.o
    0x08011be2   0x00000002   PAD
    0x08011be4   0x000000b0   Code   RO         4865    i.uxTaskGetSystemState  tasks.o
    0x08011c94   0x00000002   Code   RO          354    i.vApplicationIdleHook  apptask.o
    0x08011c96   0x00000010   Code   RO          355    i.vApplicationMallocFailedHook  apptask.o
    0x08011ca6   0x00000010   Code   RO          356    i.vApplicationStackOverflowHook  apptask.o
    0x08011cb6   0x00000002   PAD
    0x08011cb8   0x00000010   Code   RO          357    i.vApplicationTickHook  apptask.o
    0x08011cc8   0x00000016   Code   RO         4633    i.vListInitialise   list.o
    0x08011cde   0x00000006   Code   RO         4634    i.vListInitialiseItem  list.o
    0x08011ce4   0x00000030   Code   RO         4635    i.vListInsert       list.o
    0x08011d14   0x00000018   Code   RO         4636    i.vListInsertEnd    list.o
    0x08011d2c   0x00000040   Code   RO         5319    i.vPortEnterCritical  port.o
    0x08011d6c   0x00000028   Code   RO         5320    i.vPortExitCritical  port.o
    0x08011d94   0x0000005c   Code   RO         5394    i.vPortFree         heap_4.o
    0x08011df0   0x00000020   Code   RO         5321    i.vPortSetupTimerInterrupt  port.o
    0x08011e10   0x00000054   Code   RO         5322    i.vPortValidateInterruptPriority  port.o
    0x08011e64   0x00000028   Code   RO         4678    i.vQueueAddToRegistry  queue.o
    0x08011e8c   0x00000044   Code   RO         4682    i.vQueueWaitForMessageRestricted  queue.o
    0x08011ed0   0x00000004   Code   RO          358    i.vTaskCLI          apptask.o
    0x08011ed4   0x0000004c   Code   RO         4870    i.vTaskDelay        tasks.o
    0x08011f20   0x0000000c   Code   RO          359    i.vTaskGUI          apptask.o
    0x08011f2c   0x00000080   Code   RO         4874    i.vTaskGetInfo      tasks.o
    0x08011fac   0x000000b4   Code   RO         4875    i.vTaskGetRunTimeStats  tasks.o
    0x08012060   0x000000bc   Code   RO         4876    i.vTaskList         tasks.o
    0x0801211c   0x0000000c   Code   RO         4877    i.vTaskMissedYield  tasks.o
    0x08012128   0x0000000c   Code   RO          360    i.vTaskMsgPro       apptask.o
    0x08012134   0x00000030   Code   RO         4879    i.vTaskPlaceOnEventList  tasks.o
    0x08012164   0x00000038   Code   RO         4880    i.vTaskPlaceOnEventListRestricted  tasks.o
    0x0801219c   0x00000084   Code   RO         4882    i.vTaskPriorityInherit  tasks.o
    0x08012220   0x00000024   Code   RO         4886    i.vTaskSetTimeOutState  tasks.o
    0x08012244   0x0000000c   Code   RO          361    i.vTaskStart        apptask.o
    0x08012250   0x00000078   Code   RO         4887    i.vTaskStartScheduler  tasks.o
    0x080122c8   0x00000010   Code   RO         4889    i.vTaskSuspendAll   tasks.o
    0x080122d8   0x000000a4   Code   RO         4890    i.vTaskSwitchContext  tasks.o
    0x0801237c   0x00000032   Code   RO         5687    i.validate          ff.o
    0x080123ae   0x00000002   PAD
    0x080123b0   0x000000e0   Code   RO         5323    i.xPortStartScheduler  port.o
    0x08012490   0x00000024   Code   RO         4684    i.xQueueCreateMutex  queue.o
    0x080124b4   0x00000052   Code   RO         4685    i.xQueueGenericCreate  queue.o
    0x08012506   0x00000002   PAD
    0x08012508   0x0000016c   Code   RO         4686    i.xQueueGenericReceive  queue.o
    0x08012674   0x00000088   Code   RO         4687    i.xQueueGenericReset  queue.o
    0x080126fc   0x00000160   Code   RO         4688    i.xQueueGenericSend  queue.o
    0x0801285c   0x000000bc   Code   RO         4689    i.xQueueGenericSendFromISR  queue.o
    0x08012918   0x0000006c   Code   RO         4891    i.xTaskCheckForTimeOut  tasks.o
    0x08012984   0x00000056   Code   RO         4892    i.xTaskCreate       tasks.o
    0x080129da   0x00000002   PAD
    0x080129dc   0x0000000c   Code   RO         4895    i.xTaskGetCurrentTaskHandle  tasks.o
    0x080129e8   0x0000001c   Code   RO         4896    i.xTaskGetSchedulerState  tasks.o
    0x08012a04   0x0000000c   Code   RO         4897    i.xTaskGetTickCount  tasks.o
    0x08012a10   0x000000d4   Code   RO         4899    i.xTaskIncrementTick  tasks.o
    0x08012ae4   0x00000098   Code   RO         4902    i.xTaskPriorityDisinherit  tasks.o
    0x08012b7c   0x00000074   Code   RO         4903    i.xTaskRemoveFromEventList  tasks.o
    0x08012bf0   0x000000c4   Code   RO         4905    i.xTaskResumeAll    tasks.o
    0x08012cb4   0x0000004c   Code   RO         5209    i.xTimerCreateTimerTask  timers.o
    0x08012d00   0x00000068   Code   RO         5210    i.xTimerGenericCommand  timers.o
    0x08012d68   0x00000034   Code   RO         5688    i.xdir_sum          ff.o
    0x08012d9c   0x0000003c   Code   RO         5689    i.xname_sum         ff.o
    0x08012dd8   0x00000010   Code   RO         5690    i.xsum32            ff.o
    0x08012de8   0x0000002c   Code   RO         8168    locale$$code        c_w.l(lc_ctype_c.o)
    0x08012e14   0x0000002c   Code   RO         8307    locale$$code        c_w.l(lc_numeric_c.o)
    0x08012e40   0x0000000a   Code   RO         8270    x$fpl$fpinit        fz_wm.l(fpinit.o)
    0x08012e4a   0x00000004   Code   RO         8217    x$fpl$printf1       fz_wm.l(printf1.o)
    0x08012e4e   0x00000000   Code   RO         8331    x$fpl$usenofp       fz_wm.l(usenofp.o)
    0x08012e4e   0x00000002   PAD
    0x08012e50   0x0000001e   Data   RO          715    .constdata          cli_fatfs.o
    0x08012e6e   0x00000002   PAD
    0x08012e70   0x00000024   Data   RO         1404    .constdata          malloc.o
    0x08012e94   0x00000010   Data   RO         1921    .constdata          system_stm32f4xx.o
    0x08012ea4   0x00000010   Data   RO         2397    .constdata          stm32f4xx_hal_rcc.o
    0x08012eb4   0x0000003a   Data   RO         5691    .constdata          ff.o
    0x08012eee   0x0002abb6   Data   RO         6028    .constdata          cc936.o
    0x0803daa4   0x00000014   Data   RO         6114    .constdata          nand_diskio.o
    0x0803dab8   0x00000018   Data   RO         6391    .constdata          STemWin532_CM4_OS_Keil.lib(guicc_1616i.o)
    0x0803dad0   0x00000018   Data   RO         6400    .constdata          STemWin532_CM4_OS_Keil.lib(guicc_8666.o)
    0x0803dae8   0x00000018   Data   RO         6409    .constdata          STemWin532_CM4_OS_Keil.lib(guicc_88666i.o)
    0x0803db00   0x00000018   Data   RO         6421    .constdata          STemWin532_CM4_OS_Keil.lib(guicc_m1555i.o)
    0x0803db18   0x00000018   Data   RO         6435    .constdata          STemWin532_CM4_OS_Keil.lib(guicc_m4444i.o)
    0x0803db30   0x00000018   Data   RO         6448    .constdata          STemWin532_CM4_OS_Keil.lib(guicc_m8888i.o)
    0x0803db48   0x00000008   Data   RO         6564    .constdata          STemWin532_CM4_OS_Keil.lib(gui_core.o)
    0x0803db50   0x00000008   Data   RO         6621    .constdata          STemWin532_CM4_OS_Keil.lib(gui_multibuf.o)
    0x0803db58   0x00000018   Data   RO         6660    .constdata          STemWin532_CM4_OS_Keil.lib(guicc_m565.o)
    0x0803db70   0x00000018   Data   RO         6673    .constdata          STemWin532_CM4_OS_Keil.lib(guicc_m888.o)
    0x0803db88   0x0000000c   Data   RO         6698    .constdata          STemWin532_CM4_OS_Keil.lib(lcd.o)
    0x0803db94   0x00000034   Data   RO         6903    .constdata          STemWin532_CM4_OS_Keil.lib(guidrv_lin_16.o)
    0x0803dbc8   0x00000518   Data   RO         6939    .constdata          STemWin532_CM4_OS_Keil.lib(f6x8.o)
    0x0803e0e0   0x000001c0   Data   RO         6940    .constdata          STemWin532_CM4_OS_Keil.lib(f6x8.o)
    0x0803e2a0   0x00000008   Data   RO         6941    .constdata          STemWin532_CM4_OS_Keil.lib(f6x8.o)
    0x0803e2a8   0x00000014   Data   RO         6942    .constdata          STemWin532_CM4_OS_Keil.lib(f6x8.o)
    0x0803e2bc   0x00000024   Data   RO         6943    .constdata          STemWin532_CM4_OS_Keil.lib(f6x8.o)
    0x0803e2e0   0x00000018   Data   RO         6952    .constdata          STemWin532_CM4_OS_Keil.lib(guicc_16.o)
    0x0803e2f8   0x00000010   Data   RO         6956    .constdata          STemWin532_CM4_OS_Keil.lib(gui__divtbl_15_255.o)
    0x0803e308   0x00000020   Data   RO         6957    .constdata          STemWin532_CM4_OS_Keil.lib(gui__divtbl_31_255.o)
    0x0803e328   0x00000040   Data   RO         6958    .constdata          STemWin532_CM4_OS_Keil.lib(gui__divtbl_63_255.o)
    0x0803e368   0x00000100   Data   RO         6959    .constdata          STemWin532_CM4_OS_Keil.lib(gui__divtbl_255_15.o)
    0x0803e468   0x00000100   Data   RO         6960    .constdata          STemWin532_CM4_OS_Keil.lib(gui__divtbl_255_31.o)
    0x0803e568   0x00000100   Data   RO         6961    .constdata          STemWin532_CM4_OS_Keil.lib(gui__divtbl_255_63.o)
    0x0803e668   0x00000010   Data   RO         7014    .constdata          STemWin532_CM4_OS_Keil.lib(gui_uc_encodenone.o)
    0x0803e678   0x00000018   Data   RO         7025    .constdata          STemWin532_CM4_OS_Keil.lib(guicc_0.o)
    0x0803e690   0x00000100   Data   RO         7041    .constdata          STemWin532_CM4_OS_Keil.lib(lcd_mirror.o)
    0x0803e790   0x00000074   Data   RO         7068    .constdata          STemWin532_CM4_OS_Keil.lib(guidev_16.o)
    0x0803e804   0x00000008   Data   RO         7344    .constdata          STemWin532_CM4_OS_Keil.lib(guidev_writetoactiveopaque.o)
    0x0803e80c   0x00000028   Data   RO         8000    .constdata          c_w.l(_printf_hex_int_ll_ptr.o)
    0x0803e834   0x00000011   Data   RO         8020    .constdata          c_w.l(__printf_flags_ss_wp.o)
    0x0803e845   0x00000003   PAD
    0x0803e848   0x00000008   Data   RO         8137    .constdata          c_w.l(_printf_wctomb.o)
    0x0803e850   0x00000094   Data   RO         8282    .constdata          c_w.l(bigflt0.o)
    0x0803e8e4   0x00000016   Data   RO          609    .conststring        cli_app.o
    0x0803e8fa   0x00000002   PAD
    0x0803e8fc   0x00000016   Data   RO          610    .conststring        cli_app.o
    0x0803e912   0x00000002   PAD
    0x0803e914   0x00000011   Data   RO          611    .conststring        cli_app.o
    0x0803e925   0x00000003   PAD
    0x0803e928   0x00000018   Data   RO          612    .conststring        cli_app.o
    0x0803e940   0x00000024   Data   RO          613    .conststring        cli_app.o
    0x0803e964   0x00000013   Data   RO          614    .conststring        cli_app.o
    0x0803e977   0x00000001   PAD
    0x0803e978   0x00000014   Data   RO          615    .conststring        cli_app.o
    0x0803e98c   0x00000036   Data   RO          616    .conststring        cli_app.o
    0x0803e9c2   0x00000002   PAD
    0x0803e9c4   0x0000001d   Data   RO          683    .conststring        cli_rtos.o
    0x0803e9e1   0x00000003   PAD
    0x0803e9e4   0x00000017   Data   RO          716    .conststring        cli_fatfs.o
    0x0803e9fb   0x00000001   PAD
    0x0803e9fc   0x00000035   Data   RO          717    .conststring        cli_fatfs.o
    0x0803ea31   0x00000003   PAD
    0x0803ea34   0x0000002a   Data   RO          718    .conststring        cli_fatfs.o
    0x0803ea5e   0x00000002   PAD
    0x0803ea60   0x0000002b   Data   RO          719    .conststring        cli_fatfs.o
    0x0803ea8b   0x00000001   PAD
    0x0803ea8c   0x00000014   Data   RO          761    .conststring        cli_xml.o
    0x0803eaa0   0x00000039   Data   RO         5458    .conststring        tinysh.o
    0x0803ead9   0x00000003   PAD
    0x0803eadc   0x00000046   Data   RO         6213    .conststring        ezxml.o
    0x0803eb22   0x00000002   PAD
    0x0803eb24   0x00000020   Data   RO         8388    Region$$Table       anon$$obj.o
    0x0803eb44   0x00000110   Data   RO         8167    locale$$data        c_w.l(lc_ctype_c.o)
    0x0803ec54   0x0000001c   Data   RO         8306    locale$$data        c_w.l(lc_numeric_c.o)


    Execution Region RW_IRAM1 (Base: 0x20000000, Size: 0x0002f240, Max: 0x00030000, ABSOLUTE, COMPRESSED[0x00000154])

    Base Addr    Size         Type   Attr      Idx    E Section Name        Object

    0x20000000   0x00000014   Data   RW          362    .data               apptask.o
    0x20000014   0x00000004   Data   RW          509    .data               sysinit.o
    0x20000018   0x00000020   Data   RW          617    .data               cli_app.o
    0x20000038   0x00000020   Data   RW          618    .data               cli_app.o
    0x20000058   0x00000020   Data   RW          619    .data               cli_app.o
    0x20000078   0x00000020   Data   RW          620    .data               cli_app.o
    0x20000098   0x00000020   Data   RW          621    .data               cli_app.o
    0x200000b8   0x00000020   Data   RW          622    .data               cli_app.o
    0x200000d8   0x00000020   Data   RW          623    .data               cli_app.o
    0x200000f8   0x00000020   Data   RW          624    .data               cli_app.o
    0x20000118   0x00000020   Data   RW          684    .data               cli_rtos.o
    0x20000138   0x00000020   Data   RW          720    .data               cli_fatfs.o
    0x20000158   0x00000020   Data   RW          721    .data               cli_fatfs.o
    0x20000178   0x00000020   Data   RW          722    .data               cli_fatfs.o
    0x20000198   0x00000020   Data   RW          723    .data               cli_fatfs.o
    0x200001b8   0x00000020   Data   RW          762    .data               cli_xml.o
    0x200001d8   0x00000004   Data   RW          851    .data               lcdconf_lin_atk_7016.o
    0x200001dc   0x00000008   Data   RW         1042    .data               gui_x_freertos.o
    0x200001e4   0x00000004   Data   RW         1188    .data               bsp_uart.o
    0x200001e8   0x00000004   Data   RW         1189    .data               bsp_uart.o
    0x200001ec   0x00000024   Data   RW         1405    .data               malloc.o
    0x20000210   0x00000004   Data   RW         1684    .data               bsp_nand_ftl.o
    0x20000214   0x00000004   Data   RW         1922    .data               system_stm32f4xx.o
    0x20000218   0x00000004   Data   RW         1986    .data               stm32f4xx_hal.o
    0x2000021c   0x00000044   Data   RW         4908    .data               tasks.o
    0x20000260   0x00000014   Data   RW         5218    .data               timers.o
    0x20000274   0x0000000c   Data   RW         5324    .data               port.o
    0x20000280   0x00000018   Data   RW         5399    .data               heap_4.o
    0x20000298   0x00000020   Data   RW         5459    .data               tinysh.o
    0x200002b8   0x0000002d   Data   RW         5460    .data               tinysh.o
    0x200002e5   0x00000003   PAD
    0x200002e8   0x0000000c   Data   RW         5692    .data               ff.o
    0x200002f4   0x00000001   Data   RW         6115    .data               nand_diskio.o
    0x200002f5   0x00000003   PAD
    0x200002f8   0x00000030   Data   RW         6214    .data               ezxml.o
    0x20000328   0x00000008   Data   RW         6422    .data               STemWin532_CM4_OS_Keil.lib(guicc_m1555i.o)
    0x20000330   0x00000008   Data   RW         6436    .data               STemWin532_CM4_OS_Keil.lib(guicc_m4444i.o)
    0x20000338   0x00000008   Data   RW         6449    .data               STemWin532_CM4_OS_Keil.lib(guicc_m8888i.o)
    0x20000340   0x00000028   Data   RW         6465    .data               STemWin532_CM4_OS_Keil.lib(gui__alpha.o)
    0x20000368   0x00000008   Data   RW         6514    .data               STemWin532_CM4_OS_Keil.lib(gui_alloc.o)
    0x20000370   0x0000002c   Data   RW         6565    .data               STemWin532_CM4_OS_Keil.lib(gui_core.o)
    0x2000039c   0x00000002   Data   RW         6573    .data               STemWin532_CM4_OS_Keil.lib(gui_core.o)
    0x2000039e   0x00000002   PAD
    0x200003a0   0x00000004   Data   RW         6575    .data               STemWin532_CM4_OS_Keil.lib(gui_core.o)
    0x200003a4   0x00000002   Data   RW         6576    .data               STemWin532_CM4_OS_Keil.lib(gui_core.o)
    0x200003a6   0x00000002   Data   RW         6577    .data               STemWin532_CM4_OS_Keil.lib(gui_core.o)
    0x200003a8   0x00000024   Data   RW         6623    .data               STemWin532_CM4_OS_Keil.lib(gui_multibuf.o)
    0x200003cc   0x00000008   Data   RW         6661    .data               STemWin532_CM4_OS_Keil.lib(guicc_m565.o)
    0x200003d4   0x00000008   Data   RW         6674    .data               STemWin532_CM4_OS_Keil.lib(guicc_m888.o)
    0x200003dc   0x00000004   Data   RW         6699    .data               STemWin532_CM4_OS_Keil.lib(lcd.o)
    0x200003e0   0x00000010   Data   RW         6725    .data               STemWin532_CM4_OS_Keil.lib(lcd_color.o)
    0x200003f0   0x00000008   Data   RW         6775    .data               STemWin532_CM4_OS_Keil.lib(lcd_getex.o)
    0x200003f8   0x0000001c   Data   RW         6999    .data               STemWin532_CM4_OS_Keil.lib(gui_task.o)
    0x20000414   0x00000064   Data   RW         7142    .data               STemWin532_CM4_OS_Keil.lib(wm.o)
    0x20000478   0x00000010   Data   RW         7239    .data               STemWin532_CM4_OS_Keil.lib(gui_onkey.o)
    0x20000488   0x0000000c   Data   RW         7270    .data               STemWin532_CM4_OS_Keil.lib(gui_waitevent.o)
    0x20000494   0x00000004   Data   RW         7351    .data               STemWin532_CM4_OS_Keil.lib(wm__sendmessage.o)
    0x20000498   0x00000238   Zero   RW          508    .bss                sysinit.o
    0x200006d0   0x000001f4   Zero   RW          682    .bss                cli_rtos.o
    0x200008c4   0x00000004   PAD
    0x200008c8   0x00000250   Zero   RW          714    .bss                cli_fatfs.o
    0x20000b18   0x0000c534   Zero   RW          850    .bss                lcdconf_lin_atk_7016.o
    0x2000d04c   0x00000080   Zero   RW         1187    .bss                bsp_uart.o
    0x2000d0cc   0x00000034   Zero   RW         1309    .bss                bsp_sdram.o
    0x2000d100   0x0000c800   Zero   RW         1402    .bss                malloc.o
    0x20019900   0x00000c80   Zero   RW         1403    .bss                malloc.o
    0x2001a580   0x00000020   Zero   RW         1482    .bss                bsp_rtc.o
    0x2001a5a0   0x00000094   Zero   RW         1793    .bss                bsp_nand_hw.o
    0x2001a634   0x00000040   Zero   RW         4697    .bss                queue.o
    0x2001a674   0x0000012c   Zero   RW         4907    .bss                tasks.o
    0x2001a7a0   0x00000028   Zero   RW         5217    .bss                timers.o
    0x2001a7c8   0x00012c00   Zero   RW         5398    .bss                heap_4.o
    0x2002d3c8   0x00001212   Zero   RW         5457    .bss                tinysh.o
    0x2002e5da   0x00000002   PAD
    0x2002e5dc   0x00000010   Zero   RW         6063    .bss                ff_gen_drv.o
    0x2002e5ec   0x000000cc   Zero   RW         6513    .bss                STemWin532_CM4_OS_Keil.lib(gui_alloc.o)
    0x2002e6b8   0x00000070   Zero   RW         6563    .bss                STemWin532_CM4_OS_Keil.lib(gui_core.o)
    0x2002e728   0x00000018   Zero   RW         7140    .bss                STemWin532_CM4_OS_Keil.lib(wm.o)
    0x2002e740   0x00000058   Zero   RW         7238    .bss                STemWin532_CM4_OS_Keil.lib(gui_onkey.o)
    0x2002e798   0x00000048   Zero   RW         7392    .bss                STemWin532_CM4_OS_Keil.lib(wm_touch.o)
    0x2002e7e0   0x00000060   Zero   RW         8222    .bss                c_w.l(libspace.o)
    0x2002e840   0x00000000   Zero   RW         1954    HEAP                startup_stm32f429xx.o
    0x2002e840   0x00000a00   Zero   RW         1953    STACK               startup_stm32f429xx.o



  Load Region LR$$.ARM.__AT_0x10000000 (Base: 0x10000000, Size: 0x00000000, Max: 0x0000f000, ABSOLUTE)

    Execution Region ER$$.ARM.__AT_0x10000000 (Base: 0x10000000, Size: 0x0000f000, Max: 0x0000f000, ABSOLUTE, UNINIT)

    Base Addr    Size         Type   Attr      Idx    E Section Name        Object

    0x10000000   0x0000f000   Zero   RW         1398    .ARM.__AT_0x10000000  malloc.o



  Load Region LR$$.ARM.__AT_0x1000F000 (Base: 0x1000f000, Size: 0x00000000, Max: 0x00000f00, ABSOLUTE)

    Execution Region ER$$.ARM.__AT_0x1000F000 (Base: 0x1000f000, Size: 0x00000f00, Max: 0x00000f00, ABSOLUTE, UNINIT)

    Base Addr    Size         Type   Attr      Idx    E Section Name        Object

    0x1000f000   0x00000f00   Zero   RW         1399    .ARM.__AT_0x1000F000  malloc.o



  Load Region LR$$.ARM.__AT_0xC0600000 (Base: 0xc0600000, Size: 0x00000000, Max: 0x01800000, ABSOLUTE)

    Execution Region ER$$.ARM.__AT_0xC0600000 (Base: 0xc0600000, Size: 0x01800000, Max: 0x01800000, ABSOLUTE, UNINIT)

    Base Addr    Size         Type   Attr      Idx    E Section Name        Object

    0xc0600000   0x01800000   Zero   RW         1400    .ARM.__AT_0xC0600000  malloc.o



  Load Region LR$$.ARM.__AT_0xC1E00000 (Base: 0xc1e00000, Size: 0x00000000, Max: 0x00180000, ABSOLUTE)

    Execution Region ER$$.ARM.__AT_0xC1E00000 (Base: 0xc1e00000, Size: 0x00180000, Max: 0x00180000, ABSOLUTE, UNINIT)

    Base Addr    Size         Type   Attr      Idx    E Section Name        Object

    0xc1e00000   0x00180000   Zero   RW         1401    .ARM.__AT_0xC1E00000  malloc.o


==============================================================================

Image component sizes


      Code (inc. data)   RO Data    RW Data    ZI Data      Debug   Object Name

       250         72          0         20          0      13342   apptask.o
       192         12          0          0          0       1791   bsp.o
        90         22          0          0          0       2215   bsp_dwt.o
      1936        292          0          4          0      11707   bsp_nand_ftl.o
      2584        286          0          0        148      17451   bsp_nand_hw.o
       406         54          0          0         32       5517   bsp_rtc.o
       468         40          0          0         52       3566   bsp_sdram.o
       512         60          0          8        128      30466   bsp_uart.o
       204         26     175030          0          0       2975   cc936.o
      1166        496        214        256          0       6086   cli_app.o
       752        352        191        128        592       3657   cli_fatfs.o
       220         86          0          0          0       1536   cli_main.o
       228        162         29         32        500       1217   cli_rtos.o
       156         60         20         32          0       2246   cli_xml.o
       168         22          0          0          0       7658   diskio.o
         0          0          0          0          0       9532   event_groups.o
      5228        600         70         48          0      21991   ezxml.o
     10912        180         58         12          0      56061   ff.o
        70          4          0          0         16       1627   ff_gen_drv.o
       148         16          0          8          0       8255   gui_x_freertos.o
        40          4          0          0          0        611   guiconf.o
       468         22          0         24      76800       4687   heap_4.o
      2920        350          0          4      50484      30072   lcdconf_lin_atk_7016.o
       136          0          0          0          0       3374   list.o
        22          0          0          0          0     453391   main.o
       398         42         36         36   26858368       6881   malloc.o
       184         22         20          1          0       4148   nand_diskio.o
       754         84          0         12          0      11577   port.o
      1546         20          0          0         64      14585   queue.o
        60         22        428          0       2560        952   startup_stm32f429xx.o
       106         16          0          4          0       3735   stm32f4xx_hal.o
       194         14          0          0          0      30591   stm32f4xx_hal_cortex.o
        36          0          0          0          0       1275   stm32f4xx_hal_dma.o
        90          0          0          0          0       1933   stm32f4xx_hal_dma2d.o
       470         52          0          0          0       2612   stm32f4xx_hal_gpio.o
      1556         10          0          0          0      13234   stm32f4xx_hal_ltdc.o
        98          0          0          0          0       1296   stm32f4xx_hal_nand.o
        24          4          0          0          0        563   stm32f4xx_hal_pwr.o
       140         14          0          0          0       1340   stm32f4xx_hal_pwr_ex.o
      1332         74         16          0          0       5563   stm32f4xx_hal_rcc.o
       696         36          0          0          0       1644   stm32f4xx_hal_rcc_ex.o
      1004         32          0          0          0       8390   stm32f4xx_hal_rtc.o
        78          4          0          0          0       3073   stm32f4xx_hal_rtc_ex.o
       148          0          0          0          0       2812   stm32f4xx_hal_sdram.o
      1704         14          0          0          0       9548   stm32f4xx_hal_uart.o
        16          0          0          0          0       3761   stm32f4xx_it.o
       472         10          0          0          0       5925   stm32f4xx_ll_fmc.o
       132         56          0          4        568       2856   sysinit.o
       208         38         16          4          0       2245   system_stm32f4xx.o
      3162        282          0         68        300      30248   tasks.o
       880         84          0         20         40       9471   timers.o
      2136        428         57         77       4626      14297   tinysh.o

    ----------------------------------------------------------------------
     46978       4576     176244        808   26995284     895586   Object Totals
         0          0         32          0          0          0   (incl. Generated)
        78          0         27          6          6          0   (incl. Padding)

    ----------------------------------------------------------------------

      Code (inc. data)   RO Data    RW Data    ZI Data      Debug   Library Member Name

         0          0       1816          0          0          0   f6x8.o
       216         18          0         40          0        616   gui__alpha.o
       292          0          0          0          0        124   gui__compactpixelindices.o
         0          0         16          0          0          0   gui__divtbl_15_255.o
         0          0        256          0          0          0   gui__divtbl_255_15.o
         0          0        256          0          0          0   gui__divtbl_255_31.o
         0          0        256          0          0          0   gui__divtbl_255_63.o
         0          0         32          0          0          0   gui__divtbl_31_255.o
         0          0         64          0          0          0   gui__divtbl_63_255.o
        58          0          0          0          0        116   gui__intersectrect.o
        82          0          0          0          0        128   gui__intersectrects.o
        76          0          0          0          0        124   gui__memset.o
        60          0          0          0          0        124   gui__memset16.o
      1726         94          0          8        204       2628   gui_alloc.o
        46          0          0          0          0        128   gui_alloc_alloczero.o
        60          0          0          0          0        124   gui_calccolordist.o
       394         12          0          0          0        492   gui_charm.o
       520         80          8         54        112       1136   gui_core.o
       366         24          0          0          0        976   gui_device.o
        24          4          0          0          0        124   gui_getdrawmode.o
        66         12          0          0          0        360   gui_goto.o
        88          0          0          0          0        124   gui_mergerect.o
        30          0          0          0          0        116   gui_moverect.o
       324         46          8         36          0        724   gui_multibuf.o
        16          4          0         16         88        116   gui_onkey.o
        56          0          0          0          0        116   gui_rectsintersect.o
        94         10          0          0          0        264   gui_selectlayer.o
        26          0          0          0          0        128   gui_selectlcd.o
        22          0          0          0          0        128   gui_setcolor.o
        64         16          0          0          0        136   gui_setorg.o
       376         42          0         28          0        764   gui_task.o
        18          0         16          0          0        464   gui_uc_encodenone.o
        16          4          0         12          0        116   gui_waitevent.o
       198          0         24          0          0        388   guicc_0.o
       172          0         24          0          0        376   guicc_16.o
       228         36         24          0          0        636   guicc_1616i.o
       190          0         24          0          0        356   guicc_8666.o
       194         18         24          0          0        636   guicc_88666i.o
       290         32         24          8          0        768   guicc_m1555i.o
       312         22         24          8          0        768   guicc_m4444i.o
       258         46         24          8          0        652   guicc_m565.o
       142         16         24          8          0        636   guicc_m888.o
       184         12         24          8          0        644   guicc_m8888i.o
        30          0          0          0          0        124   guicc_m8888i_index2color.o
        20          0          0          0          0        116   guicc_m888_index2color.o
       122          6          0          0          0        256   guidev.o
      2282         60        116          0          0       2104   guidev_16.o
        40          0          0          0          0        128   guidev_getdataptr.o
        84          0          0          0          0        260   guidev_usage.o
      1854         18          8          0          0        732   guidev_writetoactiveopaque.o
      3240        182         52          0          0       4480   guidrv_lin_16.o
      1646        110         12          4          0       2164   lcd.o
       276         30          0         16          0        748   lcd_color.o
       412         46          0          8          0       2484   lcd_getex.o
        26          0          0          0          0        128   lcd_getnumdisplays.o
         0          0        256          0          0          0   lcd_mirror.o
        64          8          0          0          0        128   lcd_selectlcd.o
       260          0          0          0          0        788   lcd_set.o
        48         10          0          0          0        128   lcd_setcliprectex.o
        36          4          0          0          0        128   lcd_updatecolorindices.o
      2992        132          0        100         24       4096   wm.o
        18          0          0          0          0        124   wm__getfirstsibling.o
        36          0          0          0          0        128   wm__getprevsibling.o
        60          6          0          4          0        136   wm__sendmessage.o
       136          0          0          0          0        140   wm_bringtobottom.o
        16          6          0          0          0        116   wm_criticalhandle.o
        32          0          0          0          0        128   wm_getclientrect.o
        24         10          0          0          0        116   wm_getdesktopwindow.o
        26          0          0          0          0        124   wm_getfirstchild.o
        26          0          0          0          0        124   wm_getparent.o
        28         10          0          0          0        116   wm_multibuf.o
        38          0          0          0          0        140   wm_sendtoparent.o
        16          6          0          0          0        116   wm_setcreateflags.o
         0          0          0          0         72          0   wm_touch.o
        24          4          0          0          0         84   __2printf.o
        56          6          0          0          0         88   __2snprintf.o
        44          6          0          0          0         84   __2sprintf.o
        90          0          0          0          0          0   __dczerorl2.o
         8          0          0          0          0         68   __main.o
       392          4         17          0          0         92   __printf_flags_ss_wp.o
        14          0          0          0          0         68   __printf_wp.o
         0          0          0          0          0          0   __rtentry.o
        12          0          0          0          0          0   __rtentry2.o
         6          0          0          0          0          0   __rtentry4.o
        52          8          0          0          0          0   __scatter.o
        28          0          0          0          0          0   __scatter_zi.o
        28          0          0          0          0         68   _chval.o
         6          0          0          0          0          0   _printf_a.o
         6          0          0          0          0          0   _printf_c.o
        44          0          0          0          0        108   _printf_char.o
        48          6          0          0          0         96   _printf_char_common.o
        36          4          0          0          0         80   _printf_char_file.o
        40          0          0          0          0         68   _printf_charcount.o
         6          0          0          0          0          0   _printf_d.o
       120         16          0          0          0         92   _printf_dec.o
         6          0          0          0          0          0   _printf_e.o
         6          0          0          0          0          0   _printf_f.o
      1050          0          0          0          0        216   _printf_fp_dec.o
       128         16          0          0          0         84   _printf_fp_infnan.o
         6          0          0          0          0          0   _printf_g.o
       148          4         40          0          0        160   _printf_hex_int_ll_ptr.o
         6          0          0          0          0          0   _printf_i.o
       178          0          0          0          0         88   _printf_intcommon.o
        10          0          0          0          0          0   _printf_l.o
         6          0          0          0          0          0   _printf_lc.o
        10          0          0          0          0          0   _printf_ll.o
         6          0          0          0          0          0   _printf_lld.o
         6          0          0          0          0          0   _printf_lli.o
         6          0          0          0          0          0   _printf_llo.o
         6          0          0          0          0          0   _printf_llu.o
         6          0          0          0          0          0   _printf_llx.o
       124         16          0          0          0         92   _printf_longlong_dec.o
         6          0          0          0          0          0   _printf_ls.o
         6          0          0          0          0          0   _printf_n.o
         6          0          0          0          0          0   _printf_o.o
       112          8          0          0          0        124   _printf_oct_int_ll.o
         6          0          0          0          0          0   _printf_p.o
        78          0          0          0          0        108   _printf_pad.o
         0          0          0          0          0          0   _printf_percent.o
         4          0          0          0          0          0   _printf_percent_end.o
         6          0          0          0          0          0   _printf_s.o
        82          0          0          0          0         80   _printf_str.o
        36          0          0          0          0         84   _printf_truncate.o
         6          0          0          0          0          0   _printf_u.o
        44          0          0          0          0        108   _printf_wchar.o
       188          6          8          0          0         92   _printf_wctomb.o
         6          0          0          0          0          0   _printf_x.o
        16          0          0          0          0         68   _snputc.o
        10          0          0          0          0         68   _sputc.o
       158          0          0          0          0         92   _strtoul.o
        64          0          0          0          0         92   _wcrtomb.o
        16          0          0          0          0         68   aeabi_memset.o
        26          0          0          0          0         80   atoi.o
       220          4        148          0          0         96   bigflt0.o
      1910        128          0          0          0        672   btod.o
        52          4          0          0          0         80   c89vsnprintf.o
        10          0          0          0          0         68   defsig_exit.o
        50          0          0          0          0         88   defsig_general.o
        80         58          0          0          0         76   defsig_rtmem_inner.o
        14          0          0          0          0         80   defsig_rtmem_outer.o
        18          0          0          0          0         80   exit.o
        94          0          0          0          0         80   h1_alloc.o
        52          0          0          0          0         68   h1_extend.o
        78          0          0          0          0         80   h1_free.o
        14          0          0          0          0         84   h1_init.o
       184          0          0          0          0         92   h1_realloc.o
         6          0          0          0          0        152   heapauxi.o
         4          0          0          0          0        136   hguard.o
       138          0          0          0          0        168   init_alloc.o
        44         10        272          0          0         76   lc_ctype_c.o
        44         10         28          0          0         76   lc_numeric_c.o
         2          0          0          0          0          0   libinit.o
        42          0          0          0          0          0   libinit2.o
         2          0          0          0          0          0   libshutdown.o
         2          0          0          0          0          0   libshutdown2.o
         8          4          0          0         96         68   libspace.o
       138          0          0          0          0         80   lludiv10.o
       238          0          0          0          0        100   lludivv7m.o
         0          0          0          0          0          0   maybetermalloc1.o
         8          0          0          0          0         76   memcpy.o
        22          0          0          0          0         76   memset.o
         4          0          0          0          0         68   putc.o
        16          4          0          0          0         76   rt_ctype_table.o
         8          4          0          0          0         68   rt_errno_addr_intlibspace.o
         8          4          0          0          0         68   rt_heap_descriptor_intlibspace.o
         8          4          0          0          0         68   rt_locale_intlibspace.o
        68          0          0          0          0         68   rt_memclr.o
        78          0          0          0          0         80   rt_memclr_w.o
       138          0          0          0          0         68   rt_memcpy_v6.o
       100          0          0          0          0         80   rt_memcpy_w.o
       132          0          0          0          0         68   rt_memmove_v6.o
       122          0          0          0          0         80   rt_memmove_w.o
         2          0          0          0          0          0   rtexit.o
        10          0          0          0          0          0   rtexit2.o
        42          0          0          0          0         84   strcasecmp.o
        20          0          0          0          0         68   strchr.o
       128          0          0          0          0         68   strcmpv7m.o
        72          0          0          0          0         80   strcpy.o
        32          0          0          0          0         80   strcspn.o
        62          0          0          0          0         76   strlen.o
       150          0          0          0          0         80   strncmp.o
        86          0          0          0          0         76   strncpy.o
        28          0          0          0          0         80   strspn.o
        36          0          0          0          0         80   strstr.o
       112          0          0          0          0         88   strtol.o
        74          0          0          0          0         80   sys_stackheap_outer.o
        26          0          0          0          0         76   tolower.o
         2          0          0          0          0         68   use_no_semi.o
        10          0          0          0          0        116   fpinit.o
         4          0          0          0          0        116   printf1.o
         0          0          0          0          0          0   usenofp.o
        48          0          0          0          0        124   fpclassify.o

    ----------------------------------------------------------------------
     29986       1530       3928        368        596      44340   Library Totals
        70          0          3          2          0          0   (incl. Padding)

    ----------------------------------------------------------------------

      Code (inc. data)   RO Data    RW Data    ZI Data      Debug   Library Name

     21172       1192       3412        366        500      36756   STemWin532_CM4_OS_Keil.lib
      8682        338        513          0         96       7228   c_w.l
        14          0          0          0          0        232   fz_wm.l
        48          0          0          0          0        124   m_wm.l

    ----------------------------------------------------------------------
     29986       1530       3928        368        596      44340   Library Totals

    ----------------------------------------------------------------------

==============================================================================


      Code (inc. data)   RO Data    RW Data    ZI Data      Debug   

     76964       6106     180172       1176   26995880     867462   Grand Totals
     76964       6106     180172        340   26995880     867462   ELF Image Totals (compressed)
     76964       6106     180172        340          0          0   ROM Totals

==============================================================================

    Total RO  Size (Code + RO Data)               257136 ( 251.11kB)
    Total RW  Size (RW Data + ZI Data)          26997056 (26364.31kB)
    Total ROM Size (Code + RO Data + RW Data)     257476 ( 251.44kB)

==============================================================================

