Component: ARM Compiler 5.06 update 2 (build 183) Tool: armlink [4d35b7]

==============================================================================

Section Cross References

    main.o(.text) refers to port.o(.text) for vPortEnterCritical
    main.o(.text) refers to bsp.o(.text) for bsp_Init
    main.o(.text) refers to noretval__2printf.o(.text) for __2printf
    main.o(.text) refers to apptask.o(.text) for AppTaskCreate
    main.o(.text) refers to tasks.o(.text) for vTaskStartScheduler
    apptask.o(.text) refers to cli_main.o(.text) for cli_main
    apptask.o(.text) refers to tasks.o(.text) for vTaskDelay
    apptask.o(.text) refers to apptask.o(.data) for .data
    cli_main.o(.text) refers to putc.o(.text) for putc
    cli_main.o(.text) refers to tinysh.o(.text) for tinysh_set_prompt
    cli_main.o(.text) refers to tasks.o(.text) for vTaskDelay
    cli_main.o(.text) refers to bsp_uart.o(.data) for __stdout
    cli_main.o(.text) refers to cli_app.o(.data) for cli_hello_cmd
    cli_main.o(.text) refers to cli_rtos.o(.data) for cli_tasklist_cmd
    cli_main.o(.text) refers to cli_app.o(.data) for cli_testsdram_cmd
    cli_main.o(.text) refers to cli_main.o(.data) for .data
    cli_main.o(.text) refers to bsp_uart.o(.data) for aCliRxBuffer
    cli_app.o(.text) refers to _printf_percent.o(.ARM.Collect$$_printf_percent$$00000000) for _printf_percent
    cli_app.o(.text) refers to _printf_d.o(.ARM.Collect$$_printf_percent$$00000009) for _printf_d
    cli_app.o(.text) refers to _printf_dec.o(.text) for _printf_int_dec
    cli_app.o(.text) refers to _printf_x.o(.ARM.Collect$$_printf_percent$$0000000C) for _printf_x
    cli_app.o(.text) refers to _printf_hex_int.o(.text) for _printf_longlong_hex
    cli_app.o(.text) refers to noretval__2printf.o(.text) for __2printf
    cli_app.o(.text) refers to bsp_ltdc.o(.text) for LTDC_Clear
    cli_app.o(.text) refers to bsp_dwt.o(.text) for bsp_DelayMS
    cli_app.o(.text) refers to port.o(.text) for vPortEnterCritical
    cli_app.o(.text) refers to system_stm32f4xx.o(.data) for SystemCoreClock
    cli_app.o(.data) refers to cli_app.o(.conststring) for .conststring
    cli_app.o(.data) refers to cli_app.o(.text) for cli_hello_fnt
    cli_app.o(.data) refers to cli_app.o(.conststring) for .conststring
    cli_app.o(.data) refers to cli_app.o(.text) for cli_testsdram_fnt
    cli_rtos.o(.text) refers to _printf_percent.o(.ARM.Collect$$_printf_percent$$00000000) for _printf_percent
    cli_rtos.o(.text) refers to _printf_s.o(.ARM.Collect$$_printf_percent$$00000014) for _printf_s
    cli_rtos.o(.text) refers to _printf_str.o(.text) for _printf_str
    cli_rtos.o(.text) refers to port.o(.text) for vPortEnterCritical
    cli_rtos.o(.text) refers to noretval__2printf.o(.text) for __2printf
    cli_rtos.o(.text) refers to tasks.o(.text) for vTaskList
    cli_rtos.o(.text) refers to cli_rtos.o(.bss) for .bss
    cli_rtos.o(.data) refers to cli_rtos.o(.conststring) for .conststring
    cli_rtos.o(.data) refers to cli_rtos.o(.text) for cli_tasklist_fnt
    bsp.o(.text) refers to stm32f4xx_hal.o(.text) for HAL_Init
    bsp.o(.text) refers to system_stm32f4xx.o(.text) for SystemCoreClockUpdate
    bsp.o(.text) refers to bsp_dwt.o(.text) for bsp_DWT_Init
    bsp.o(.text) refers to bsp_uart.o(.text) for bsp_Uart_Init
    bsp.o(.text) refers to bsp_sdram.o(.text) for bsp_SDRAM_Init
    bsp.o(.text) refers to bsp_ltdc.o(.text) for bsp_LTDC_Init
    bsp.o(.text) refers to stm32f4xx_hal_rcc.o(.text) for HAL_RCC_OscConfig
    bsp.o(.text) refers to stm32f4xx_hal_pwr_ex.o(.text) for HAL_PWREx_EnableOverDrive
    bsp_uart.o(.rev16_text) refers (Special) to use_no_semi.o(.text) for __use_no_semihosting_swi
    bsp_uart.o(.revsh_text) refers (Special) to use_no_semi.o(.text) for __use_no_semihosting_swi
    bsp_uart.o(.rrx_text) refers (Special) to use_no_semi.o(.text) for __use_no_semihosting_swi
    bsp_uart.o(.text) refers (Special) to use_no_semi.o(.text) for __use_no_semihosting_swi
    bsp_uart.o(.text) refers to stm32f4xx_hal_uart.o(.text) for HAL_UART_Init
    bsp_uart.o(.text) refers to stm32f4xx_hal_gpio.o(.text) for HAL_GPIO_Init
    bsp_uart.o(.text) refers to stm32f4xx_hal_cortex.o(.text) for HAL_NVIC_EnableIRQ
    bsp_uart.o(.text) refers to bsp_uart.o(.bss) for .bss
    bsp_uart.o(.text) refers to bsp_uart.o(.data) for .data
    bsp_uart.o(.text) refers to cli_main.o(.data) for CLI_RX_STA
    bsp_uart.o(.bss) refers (Special) to use_no_semi.o(.text) for __use_no_semihosting_swi
    bsp_uart.o(.data) refers (Special) to use_no_semi.o(.text) for __use_no_semihosting_swi
    bsp_uart.o(.data) refers (Special) to use_no_semi.o(.text) for __use_no_semihosting_swi
    bsp_uart.o(.data) refers (Special) to use_no_semi.o(.text) for __use_no_semihosting_swi
    bsp_sdram.o(.text) refers to stm32f4xx_hal_sdram.o(.text) for HAL_SDRAM_SendCommand
    bsp_sdram.o(.text) refers to bsp_dwt.o(.text) for bsp_DelayUS
    bsp_sdram.o(.text) refers to stm32f4xx_hal_gpio.o(.text) for HAL_GPIO_Init
[...]
    .constdata                               0x08008332   Section       40  _printf_hex_int.o(.constdata)
    uc_hextab                                0x08008332   Data          20  _printf_hex_int.o(.constdata)
    lc_hextab                                0x08008346   Data          20  _printf_hex_int.o(.constdata)
    .conststring                             0x0800835c   Section       22  cli_app.o(.conststring)
    .conststring                             0x08008374   Section       22  cli_app.o(.conststring)
    .conststring                             0x0800838c   Section       29  cli_rtos.o(.conststring)
    .conststring                             0x080083ac   Section       57  tinysh.o(.conststring)
    .data                                    0x20000000   Section       20  apptask.o(.data)
    .data                                    0x20000014   Section        2  cli_main.o(.data)
    .data                                    0x20000018   Section       32  cli_app.o(.data)
    .data                                    0x20000038   Section       32  cli_app.o(.data)
    .data                                    0x20000058   Section       32  cli_rtos.o(.data)
    .data                                    0x20000078   Section        1  bsp_uart.o(.data)
    .data                                    0x2000007c   Section        4  bsp_uart.o(.data)
    .data                                    0x20000080   Section        8  bsp_ltdc.o(.data)
    .data                                    0x20000088   Section        4  system_stm32f4xx.o(.data)
    .data                                    0x2000008c   Section        4  stm32f4xx_hal.o(.data)
    .data                                    0x20000090   Section       68  tasks.o(.data)
    uxDeletedTasksWaitingCleanUp             0x20000094   Data           4  tasks.o(.data)
    uxCurrentNumberOfTasks                   0x20000098   Data           4  tasks.o(.data)
    xTickCount                               0x2000009c   Data           4  tasks.o(.data)
    uxTopReadyPriority                       0x200000a0   Data           4  tasks.o(.data)
    xSchedulerRunning                        0x200000a4   Data           4  tasks.o(.data)
    uxPendedTicks                            0x200000a8   Data           4  tasks.o(.data)
    xYieldPending                            0x200000ac   Data           4  tasks.o(.data)
    xNumOfOverflows                          0x200000b0   Data           4  tasks.o(.data)
    uxTaskNumber                             0x200000b4   Data           4  tasks.o(.data)
    xNextTaskUnblockTime                     0x200000b8   Data           4  tasks.o(.data)
    xIdleTaskHandle                          0x200000bc   Data           4  tasks.o(.data)
    uxSchedulerSuspended                     0x200000c0   Data           4  tasks.o(.data)
    ulTaskSwitchedInTime                     0x200000c4   Data           4  tasks.o(.data)
    ulTotalRunTime                           0x200000c8   Data           4  tasks.o(.data)
    pxDelayedTaskList                        0x200000cc   Data           4  tasks.o(.data)
    pxOverflowDelayedTaskList                0x200000d0   Data           4  tasks.o(.data)
    .data                                    0x200000d4   Section       20  timers.o(.data)
    xTimerQueue                              0x200000d4   Data           4  timers.o(.data)
    xTimerTaskHandle                         0x200000d8   Data           4  timers.o(.data)
    xLastTime                                0x200000dc   Data           4  timers.o(.data)
    pxCurrentTimerList                       0x200000e0   Data           4  timers.o(.data)
    pxOverflowTimerList                      0x200000e4   Data           4  timers.o(.data)
    .data                                    0x200000e8   Section       12  port.o(.data)
    ucMaxSysCallPriority                     0x200000e8   Data           1  port.o(.data)
    uxCriticalNesting                        0x200000ec   Data           4  port.o(.data)
    ulMaxPRIGROUPValue                       0x200000f0   Data           4  port.o(.data)
    .data                                    0x200000f4   Section       24  heap_4.o(.data)
    pxEnd                                    0x200000f4   Data           4  heap_4.o(.data)
    xFreeBytesRemaining                      0x200000f8   Data           4  heap_4.o(.data)
    xMinimumEverFreeBytesRemaining           0x200000fc   Data           4  heap_4.o(.data)
    xBlockAllocatedBit                       0x20000100   Data           4  heap_4.o(.data)
    xStart                                   0x20000104   Data           8  heap_4.o(.data)
    .data                                    0x2000010c   Section       32  tinysh.o(.data)
    help_cmd                                 0x2000010c   Data          32  tinysh.o(.data)
    .data                                    0x2000012c   Section       45  tinysh.o(.data)
    cur_buf_index                            0x2000012c   Data           4  tinysh.o(.data)
    cur_context                              0x20000130   Data           4  tinysh.o(.data)
    cur_index                                0x20000134   Data           4  tinysh.o(.data)
    echo                                     0x20000138   Data           4  tinysh.o(.data)
    root_cmd                                 0x2000013c   Data           4  tinysh.o(.data)
    cur_cmd_ctx                              0x20000140   Data           4  tinysh.o(.data)
    tinysh_arg                               0x20000144   Data           4  tinysh.o(.data)
    prompt                                   0x20000148   Data          17  tinysh.o(.data)
    .bss                                     0x2000015c   Section      500  cli_rtos.o(.bss)
    .bss                                     0x20000350   Section      128  bsp_uart.o(.bss)
    .bss                                     0x200003d0   Section       52  bsp_sdram.o(.bss)
    .bss                                     0x20000404   Section      200  bsp_ltdc.o(.bss)
    .bss                                     0x200004cc   Section       64  queue.o(.bss)
    .bss                                     0x2000050c   Section      300  tasks.o(.bss)
    pxReadyTasksLists                        0x2000050c   Data         200  tasks.o(.bss)
    xDelayedTaskList1                        0x200005d4   Data          20  tasks.o(.bss)
    xDelayedTaskList2                        0x200005e8   Data          20  tasks.o(.bss)
    xPendingReadyList                        0x200005fc   Data          20  tasks.o(.bss)
    xTasksWaitingTermination                 0x20000610   Data          20  tasks.o(.bss)
    xSuspendedTaskList                       0x20000624   Data          20  tasks.o(.bss)
    .bss                                     0x20000638   Section       40  timers.o(.bss)
    xActiveTimerList1                        0x20000638   Data          20  timers.o(.bss)
    xActiveTimerList2                        0x2000064c   Data          20  timers.o(.bss)
    .bss                                     0x20000660   Section    76800  heap_4.o(.bss)
    ucHeap                                   0x20000660   Data       76800  heap_4.o(.bss)
    .bss                                     0x20013260   Section     4626  tinysh.o(.bss)
    input_buffers                            0x20013260   Data        4112  tinysh.o(.bss)
    trash_buffer                             0x20014270   Data         257  tinysh.o(.bss)
    context_buffer                           0x20014371   Data         257  tinysh.o(.bss)
    .bss                                     0x20014474   Section       96  libspace.o(.bss)
    HEAP                                     0x200144d8   Section      512  startup_stm32f429xx.o(HEAP)
    Heap_Mem                                 0x200144d8   Data         512  startup_stm32f429xx.o(HEAP)
    STACK                                    0x200146d8   Section     1024  startup_stm32f429xx.o(STACK)
    Stack_Mem                                0x200146d8   Data        1024  startup_stm32f429xx.o(STACK)
    __initial_sp                             0x20014ad8   Data           0  startup_stm32f429xx.o(STACK)
    .ARM.__AT_0xC0000000                     0xc0000000   Section    2048000  bsp_ltdc.o(.ARM.__AT_0xC0000000)

    Global Symbols

    Symbol Name                              Value     Ov Type        Size  Object(Section)

    BuildAttributes$$THM_ISAv4$E$P$D$K$B$S$7EM$VFPi3$EXTD16$VFPS$VFMA$PE$A:L22UL41UL21$X:L11$S22US41US21$IEEE1$IW$USESV6$~STKCKD$USESV7$~SHL$OSPACE$ROPI$EBA8$UX$STANDARDLIB$REQ8$PRES8$EABIv2 0x00000000   Number         0  anon$$obj.o ABSOLUTE
    __ARM_use_no_argv                        0x00000000   Number         0  main.o ABSOLUTE
    __ARM_exceptions_init                     - Undefined Weak Reference
    __alloca_initialize                       - Undefined Weak Reference
    __arm_preinit_                            - Undefined Weak Reference
    __cpp_initialize__aeabi_                  - Undefined Weak Reference
    __cxa_finalize                            - Undefined Weak Reference
    __rt_locale                               - Undefined Weak Reference
    __sigvec_lookup                           - Undefined Weak Reference
    _atexit_init                              - Undefined Weak Reference
    _call_atexit_fns                          - Undefined Weak Reference
    _clock_init                               - Undefined Weak Reference
    _fp_trap_init                             - Undefined Weak Reference
    _fp_trap_shutdown                         - Undefined Weak Reference
    _get_lc_collate                           - Undefined Weak Reference
    _get_lc_ctype                             - Undefined Weak Reference
    _get_lc_monetary                          - Undefined Weak Reference
    _get_lc_numeric                           - Undefined Weak Reference
    _get_lc_time                              - Undefined Weak Reference
    _getenv_init                              - Undefined Weak Reference
    _handle_redirection                       - Undefined Weak Reference
    _init_alloc                               - Undefined Weak Reference
    _init_user_alloc                          - Undefined Weak Reference
    _initio                                   - Undefined Weak Reference
    _printf_mbtowc                            - Undefined Weak Reference
    _printf_post_padding                      - Undefined Weak Reference
    _printf_pre_padding                       - Undefined Weak Reference
    _printf_truncate_signed                   - Undefined Weak Reference
    _printf_truncate_unsigned                 - Undefined Weak Reference
    _rand_init                                - Undefined Weak Reference
    _signal_finish                            - Undefined Weak Reference
    _signal_init                              - Undefined Weak Reference
    _terminate_alloc                          - Undefined Weak Reference
    _terminate_user_alloc                     - Undefined Weak Reference
    _terminateio                              - Undefined Weak Reference
    __Vectors_Size                           0x000001ac   Number         0  startup_stm32f429xx.o ABSOLUTE
    __Vectors                                0x08000000   Data           4  startup_stm32f429xx.o(RESET)
    __Vectors_End                            0x080001ac   Data           0  startup_stm32f429xx.o(RESET)
    __main                                   0x080001ad   Thumb Code     8  __main.o(!!!main)
    __scatterload                            0x080001b5   Thumb Code     0  __scatter.o(!!!scatter)
    __scatterload_rt2                        0x080001b5   Thumb Code    44  __scatter.o(!!!scatter)
    __scatterload_rt2_thumb_only             0x080001b5   Thumb Code     0  __scatter.o(!!!scatter)
    __scatterload_null                       0x080001c3   Thumb Code     0  __scatter.o(!!!scatter)
    __decompress                             0x080001e9   Thumb Code    90  __dczerorl2.o(!!dczerorl2)
    __decompress1                            0x080001e9   Thumb Code     0  __dczerorl2.o(!!dczerorl2)
    __scatterload_zeroinit                   0x08000245   Thumb Code    28  __scatter_zi.o(!!handler_zi)
    _printf_d                                0x08000261   Thumb Code     0  _printf_d.o(.ARM.Collect$$_printf_percent$$00000009)
    _printf_percent                          0x08000261   Thumb Code     0  _printf_percent.o(.ARM.Collect$$_printf_percent$$00000000)
    _printf_u                                0x08000267   Thumb Code     0  _printf_u.o(.ARM.Collect$$_printf_percent$$0000000A)
    _printf_x                                0x0800026d   Thumb Code     0  _printf_x.o(.ARM.Collect$$_printf_percent$$0000000C)
    _printf_c                                0x08000273   Thumb Code     0  _printf_c.o(.ARM.Collect$$_printf_percent$$00000013)
    _printf_s                                0x08000279   Thumb Code     0  _printf_s.o(.ARM.Collect$$_printf_percent$$00000014)
    _printf_percent_end                      0x0800027f   Thumb Code     0  _printf_percent_end.o(.ARM.Collect$$_printf_percent$$00000017)
    __rt_lib_init                            0x08000283   Thumb Code     0  libinit.o(.ARM.Collect$$libinit$$00000000)
    __rt_lib_init_fp_1                       0x08000285   Thumb Code     0  libinit2.o(.ARM.Collect$$libinit$$00000001)
    __rt_lib_init_alloca_1                   0x08000289   Thumb Code     0  libinit2.o(.ARM.Collect$$libinit$$0000002E)
    __rt_lib_init_argv_1                     0x08000289   Thumb Code     0  libinit2.o(.ARM.Collect$$libinit$$0000002C)
    __rt_lib_init_atexit_1                   0x08000289   Thumb Code     0  libinit2.o(.ARM.Collect$$libinit$$0000001B)
    __rt_lib_init_clock_1                    0x08000289   Thumb Code     0  libinit2.o(.ARM.Collect$$libinit$$00000021)
    __rt_lib_init_cpp_1                      0x08000289   Thumb Code     0  libinit2.o(.ARM.Collect$$libinit$$00000032)
    __rt_lib_init_exceptions_1               0x08000289   Thumb Code     0  libinit2.o(.ARM.Collect$$libinit$$00000030)
    __rt_lib_init_fp_trap_1                  0x08000289   Thumb Code     0  libinit2.o(.ARM.Collect$$libinit$$0000001F)
    __rt_lib_init_getenv_1                   0x08000289   Thumb Code     0  libinit2.o(.ARM.Collect$$libinit$$00000023)
    __rt_lib_init_heap_1                     0x08000289   Thumb Code     0  libinit2.o(.ARM.Collect$$libinit$$0000000A)
    __rt_lib_init_lc_collate_1               0x08000289   Thumb Code     0  libinit2.o(.ARM.Collect$$libinit$$00000011)
    __rt_lib_init_lc_ctype_1                 0x08000289   Thumb Code     0  libinit2.o(.ARM.Collect$$libinit$$00000013)
    __rt_lib_init_lc_monetary_1              0x08000289   Thumb Code     0  libinit2.o(.ARM.Collect$$libinit$$00000015)
    __rt_lib_init_lc_numeric_1               0x08000289   Thumb Code     0  libinit2.o(.ARM.Collect$$libinit$$00000017)
    __rt_lib_init_lc_time_1                  0x08000289   Thumb Code     0  libinit2.o(.ARM.Collect$$libinit$$00000019)
    __rt_lib_init_preinit_1                  0x08000289   Thumb Code     0  libinit2.o(.ARM.Collect$$libinit$$00000004)
    __rt_lib_init_rand_1                     0x08000289   Thumb Code     0  libinit2.o(.ARM.Collect$$libinit$$0000000E)
    __rt_lib_init_return                     0x08000289   Thumb Code     0  libinit2.o(.ARM.Collect$$libinit$$00000033)
    __rt_lib_init_signal_1                   0x08000289   Thumb Code     0  libinit2.o(.ARM.Collect$$libinit$$0000001D)
    __rt_lib_init_stdio_1                    0x08000289   Thumb Code     0  libinit2.o(.ARM.Collect$$libinit$$00000025)
    __rt_lib_init_user_alloc_1               0x08000289   Thumb Code     0  libinit2.o(.ARM.Collect$$libinit$$0000000C)
    __rt_lib_shutdown                        0x0800028b   Thumb Code     0  libshutdown.o(.ARM.Collect$$libshutdown$$00000000)
    __rt_lib_shutdown_cpp_1                  0x0800028d   Thumb Code     0  libshutdown2.o(.ARM.Collect$$libshutdown$$00000002)
    __rt_lib_shutdown_fp_trap_1              0x0800028d   Thumb Code     0  libshutdown2.o(.ARM.Collect$$libshutdown$$00000007)
    __rt_lib_shutdown_heap_1                 0x0800028d   Thumb Code     0  libshutdown2.o(.ARM.Collect$$libshutdown$$0000000F)
    __rt_lib_shutdown_return                 0x0800028d   Thumb Code     0  libshutdown2.o(.ARM.Collect$$libshutdown$$00000010)
    __rt_lib_shutdown_signal_1               0x0800028d   Thumb Code     0  libshutdown2.o(.ARM.Collect$$libshutdown$$0000000A)
    __rt_lib_shutdown_stdio_1                0x0800028d   Thumb Code     0  libshutdown2.o(.ARM.Collect$$libshutdown$$00000004)
    __rt_lib_shutdown_user_alloc_1           0x0800028d   Thumb Code     0  libshutdown2.o(.ARM.Collect$$libshutdown$$0000000C)
    __rt_entry                               0x0800028f   Thumb Code     0  __rtentry.o(.ARM.Collect$$rtentry$$00000000)
    __rt_entry_presh_1                       0x0800028f   Thumb Code     0  __rtentry2.o(.ARM.Collect$$rtentry$$00000002)
    __rt_entry_sh                            0x0800028f   Thumb Code     0  __rtentry4.o(.ARM.Collect$$rtentry$$00000004)
    __rt_entry_li                            0x08000295   Thumb Code     0  __rtentry2.o(.ARM.Collect$$rtentry$$0000000A)
    __rt_entry_postsh_1                      0x08000295   Thumb Code     0  __rtentry2.o(.ARM.Collect$$rtentry$$00000009)
    __rt_entry_main                          0x08000299   Thumb Code     0  __rtentry2.o(.ARM.Collect$$rtentry$$0000000D)
    __rt_entry_postli_1                      0x08000299   Thumb Code     0  __rtentry2.o(.ARM.Collect$$rtentry$$0000000C)
    __rt_exit                                0x080002a1   Thumb Code     0  rtexit.o(.ARM.Collect$$rtexit$$00000000)
    __rt_exit_ls                             0x080002a3   Thumb Code     0  rtexit2.o(.ARM.Collect$$rtexit$$00000003)
    __rt_exit_prels_1                        0x080002a3   Thumb Code     0  rtexit2.o(.ARM.Collect$$rtexit$$00000002)
    __rt_exit_exit                           0x080002a7   Thumb Code     0  rtexit2.o(.ARM.Collect$$rtexit$$00000004)
    SVC_Handler                              0x080002ad   Thumb Code    28  port.o(.emb_text)
    __asm___6_port_c_39a90d8d__prvStartFirstTask 0x080002cd   Thumb Code    28  port.o(.emb_text)
    __asm___6_port_c_39a90d8d__prvEnableVFP  0x080002ed   Thumb Code    16  port.o(.emb_text)
    PendSV_Handler                           0x08000301   Thumb Code    88  port.o(.emb_text)
    vPortGetIPSR                             0x0800035d   Thumb Code     6  port.o(.emb_text)
    main                                     0x08000365   Thumb Code    24  main.o(.text)
    NMI_Handler                              0x0800038d   Thumb Code     2  stm32f4xx_it.o(.text)
    HardFault_Handler                        0x0800038f   Thumb Code     2  stm32f4xx_it.o(.text)
    MemManage_Handler                        0x08000391   Thumb Code     2  stm32f4xx_it.o(.text)
    BusFault_Handler                         0x08000393   Thumb Code     2  stm32f4xx_it.o(.text)
    UsageFault_Handler                       0x08000395   Thumb Code     2  stm32f4xx_it.o(.text)
    DebugMon_Handler                         0x08000397   Thumb Code     2  stm32f4xx_it.o(.text)
    EXTI9_5_IRQHandler                       0x08000399   Thumb Code     2  stm32f4xx_it.o(.text)
    EXTI15_10_IRQHandler                     0x0800039b   Thumb Code     2  stm32f4xx_it.o(.text)
    AppTaskCreate                            0x080003c5   Thumb Code    92  apptask.o(.text)
    vApplicationTickHook                     0x08000421   Thumb Code    12  apptask.o(.text)
    vApplicationMallocFailedHook             0x0800042d   Thumb Code    16  apptask.o(.text)
    vApplicationIdleHook                     0x0800043d   Thumb Code     2  apptask.o(.text)
    vApplicationStackOverflowHook            0x0800043f   Thumb Code    16  apptask.o(.text)
    tinysh_char_out                          0x08000495   Thumb Code     6  cli_main.o(.text)
    cli_init                                 0x0800049b   Thumb Code    30  cli_main.o(.text)
    cli_main                                 0x080004b9   Thumb Code    32  cli_main.o(.text)
    cli_hello_fnt                            0x08000501   Thumb Code   190  cli_app.o(.text)
    fsmc_sdram_test                          0x080005bf   Thumb Code    86  cli_app.o(.text)
    cli_testsdram_fnt                        0x08000615   Thumb Code    18  cli_app.o(.text)
    cli_tasklist_fnt                         0x08000729   Thumb Code    66  cli_rtos.o(.text)
    bsp_Error_Handler                        0x0800080d   Thumb Code     2  bsp.o(.text)
    bsp_Init                                 0x0800080f   Thumb Code    34  bsp.o(.text)
    bsp_Uart_Init                            0x080008b9   Thumb Code    74  bsp_uart.o(.text)
    HAL_UART_MspInit                         0x08000903   Thumb Code   208  bsp_uart.o(.text)
    USART1_IRQHandler                        0x080009d3   Thumb Code    56  bsp_uart.o(.text)
    USART2_IRQHandler                        0x08000a0b   Thumb Code     2  bsp_uart.o(.text)
    HAL_UART_TxCpltCallback                  0x08000a0d   Thumb Code     2  bsp_uart.o(.text)
    HAL_UART_RxCpltCallback                  0x08000a0f   Thumb Code     8  bsp_uart.o(.text)
    HAL_UART_ErrorCallback                   0x08000a17   Thumb Code     2  bsp_uart.o(.text)
    fputc                                    0x08000a19   Thumb Code    66  bsp_uart.o(.text)
    fgetc                                    0x08000a5b   Thumb Code    22  bsp_uart.o(.text)
    ferror                                   0x08000a71   Thumb Code     6  bsp_uart.o(.text)
    _ttywrch                                 0x08000a77   Thumb Code    24  bsp_uart.o(.text)
    _sys_exit                                0x08000a8f   Thumb Code     2  bsp_uart.o(.text)
    SDRAM_Send_Cmd                           0x08000aad   Thumb Code    48  bsp_sdram.o(.text)
    SDRAM_Initialization_Sequence            0x08000add   Thumb Code    62  bsp_sdram.o(.text)
    bsp_SDRAM_Init                           0x08000b1b   Thumb Code   122  bsp_sdram.o(.text)
    HAL_SDRAM_MspInit                        0x08000b95   Thumb Code   194  bsp_sdram.o(.text)
    FMC_SDRAM_WriteBuffer                    0x08000c57   Thumb Code    24  bsp_sdram.o(.text)
    FMC_SDRAM_ReadBuffer                     0x08000c6f   Thumb Code    22  bsp_sdram.o(.text)
    bsp_DWT_Init                             0x08000ca5   Thumb Code    26  bsp_dwt.o(.text)
    bsp_DelayUS                              0x08000cbf   Thumb Code    32  bsp_dwt.o(.text)
    bsp_DelayMS                              0x08000cdf   Thumb Code     8  bsp_dwt.o(.text)
    LTDC_Draw_Point                          0x08000cf9   Thumb Code    52  bsp_ltdc.o(.text)
    LTDC_Read_Point                          0x08000d2d   Thumb Code    48  bsp_ltdc.o(.text)
    LTDC_Fill                                0x08000d5d   Thumb Code   162  bsp_ltdc.o(.text)
    LTDC_Color_Fill                          0x08000dff   Thumb Code   174  bsp_ltdc.o(.text)
    LTDC_Clear                               0x08000ead   Thumb Code    28  bsp_ltdc.o(.text)
    LTDC_Switch                              0x08000ec9   Thumb Code    32  bsp_ltdc.o(.text)
    LCD_BackLight                            0x08000ee9   Thumb Code    26  bsp_ltdc.o(.text)
    LTDC_Layer_Window_Config                 0x08000f03   Thumb Code    36  bsp_ltdc.o(.text)
    LTDC_Layer_Parameter_Config              0x08000f27   Thumb Code    80  bsp_ltdc.o(.text)
    bsp_LTDC_Init                            0x08000f77   Thumb Code   182  bsp_ltdc.o(.text)
    HAL_LTDC_MspInit                         0x0800102d   Thumb Code   258  bsp_ltdc.o(.text)
    Reset_Handler                            0x0800118d   Thumb Code     8  startup_stm32f429xx.o(.text)
    ADC_IRQHandler                           0x080011a7   Thumb Code     0  startup_stm32f429xx.o(.text)
    CAN1_RX0_IRQHandler                      0x080011a7   Thumb Code     0  startup_stm32f429xx.o(.text)
    CAN1_RX1_IRQHandler                      0x080011a7   Thumb Code     0  startup_stm32f429xx.o(.text)
    CAN1_SCE_IRQHandler                      0x080011a7   Thumb Code     0  startup_stm32f429xx.o(.text)
    CAN1_TX_IRQHandler                       0x080011a7   Thumb Code     0  startup_stm32f429xx.o(.text)
    CAN2_RX0_IRQHandler                      0x080011a7   Thumb Code     0  startup_stm32f429xx.o(.text)
    CAN2_RX1_IRQHandler                      0x080011a7   Thumb Code     0  startup_stm32f429xx.o(.text)
    CAN2_SCE_IRQHandler                      0x080011a7   Thumb Code     0  startup_stm32f429xx.o(.text)
    CAN2_TX_IRQHandler                       0x080011a7   Thumb Code     0  startup_stm32f429xx.o(.text)
    DCMI_IRQHandler                          0x080011a7   Thumb Code     0  startup_stm32f429xx.o(.text)
    DMA1_Stream0_IRQHandler                  0x080011a7   Thumb Code     0  startup_stm32f429xx.o(.text)
    DMA1_Stream1_IRQHandler                  0x080011a7   Thumb Code     0  startup_stm32f429xx.o(.text)
    DMA1_Stream2_IRQHandler                  0x080011a7   Thumb Code     0  startup_stm32f429xx.o(.text)
    DMA1_Stream3_IRQHandler                  0x080011a7   Thumb Code     0  startup_stm32f429xx.o(.text)
    DMA1_Stream4_IRQHandler                  0x080011a7   Thumb Code     0  startup_stm32f429xx.o(.text)
    DMA1_Stream5_IRQHandler                  0x080011a7   Thumb Code     0  startup_stm32f429xx.o(.text)
    DMA1_Stream6_IRQHandler                  0x080011a7   Thumb Code     0  startup_stm32f429xx.o(.text)
    DMA1_Stream7_IRQHandler                  0x080011a7   Thumb Code     0  startup_stm32f429xx.o(.text)
    DMA2D_IRQHandler                         0x080011a7   Thumb Code     0  startup_stm32f429xx.o(.text)
    DMA2_Stream0_IRQHandler                  0x080011a7   Thumb Code     0  startup_stm32f429xx.o(.text)
    DMA2_Stream1_IRQHandler                  0x080011a7   Thumb Code     0  startup_stm32f429xx.o(.text)
    DMA2_Stream2_IRQHandler                  0x080011a7   Thumb Code     0  startup_stm32f429xx.o(.text)
    DMA2_Stream3_IRQHandler                  0x080011a7   Thumb Code     0  startup_stm32f429xx.o(.text)
    DMA2_Stream4_IRQHandler                  0x080011a7   Thumb Code     0  startup_stm32f429xx.o(.text)
    DMA2_Stream5_IRQHandler                  0x080011a7   Thumb Code     0  startup_stm32f429xx.o(.text)
    DMA2_Stream6_IRQHandler                  0x080011a7   Thumb Code     0  startup_stm32f429xx.o(.text)
    DMA2_Stream7_IRQHandler                  0x080011a7   Thumb Code     0  startup_stm32f429xx.o(.text)
    ETH_IRQHandler                           0x080011a7   Thumb Code     0  startup_stm32f429xx.o(.text)
    ETH_WKUP_IRQHandler                      0x080011a7   Thumb Code     0  startup_stm32f429xx.o(.text)
    EXTI0_IRQHandler                         0x080011a7   Thumb Code     0  startup_stm32f429xx.o(.text)
    EXTI1_IRQHandler                         0x080011a7   Thumb Code     0  startup_stm32f429xx.o(.text)
    EXTI2_IRQHandler                         0x080011a7   Thumb Code     0  startup_stm32f429xx.o(.text)
    EXTI3_IRQHandler                         0x080011a7   Thumb Code     0  startup_stm32f429xx.o(.text)
    EXTI4_IRQHandler                         0x080011a7   Thumb Code     0  startup_stm32f429xx.o(.text)
    FLASH_IRQHandler                         0x080011a7   Thumb Code     0  startup_stm32f429xx.o(.text)
    FMC_IRQHandler                           0x080011a7   Thumb Code     0  startup_stm32f429xx.o(.text)
    FPU_IRQHandler                           0x080011a7   Thumb Code     0  startup_stm32f429xx.o(.text)
    HASH_RNG_IRQHandler                      0x080011a7   Thumb Code     0  startup_stm32f429xx.o(.text)
    I2C1_ER_IRQHandler                       0x080011a7   Thumb Code     0  startup_stm32f429xx.o(.text)
    I2C1_EV_IRQHandler                       0x080011a7   Thumb Code     0  startup_stm32f429xx.o(.text)
    I2C2_ER_IRQHandler                       0x080011a7   Thumb Code     0  startup_stm32f429xx.o(.text)
    I2C2_EV_IRQHandler                       0x080011a7   Thumb Code     0  startup_stm32f429xx.o(.text)
    I2C3_ER_IRQHandler                       0x080011a7   Thumb Code     0  startup_stm32f429xx.o(.text)
    I2C3_EV_IRQHandler                       0x080011a7   Thumb Code     0  startup_stm32f429xx.o(.text)
    LTDC_ER_IRQHandler                       0x080011a7   Thumb Code     0  startup_stm32f429xx.o(.text)
    LTDC_IRQHandler                          0x080011a7   Thumb Code     0  startup_stm32f429xx.o(.text)
    OTG_FS_IRQHandler                        0x080011a7   Thumb Code     0  startup_stm32f429xx.o(.text)
    OTG_FS_WKUP_IRQHandler                   0x080011a7   Thumb Code     0  startup_stm32f429xx.o(.text)
    OTG_HS_EP1_IN_IRQHandler                 0x080011a7   Thumb Code     0  startup_stm32f429xx.o(.text)
    OTG_HS_EP1_OUT_IRQHandler                0x080011a7   Thumb Code     0  startup_stm32f429xx.o(.text)
    OTG_HS_IRQHandler                        0x080011a7   Thumb Code     0  startup_stm32f429xx.o(.text)
    OTG_HS_WKUP_IRQHandler                   0x080011a7   Thumb Code     0  startup_stm32f429xx.o(.text)
    PVD_IRQHandler                           0x080011a7   Thumb Code     0  startup_stm32f429xx.o(.text)
    RCC_IRQHandler                           0x080011a7   Thumb Code     0  startup_stm32f429xx.o(.text)
    RTC_Alarm_IRQHandler                     0x080011a7   Thumb Code     0  startup_stm32f429xx.o(.text)
    RTC_WKUP_IRQHandler                      0x080011a7   Thumb Code     0  startup_stm32f429xx.o(.text)
    SAI1_IRQHandler                          0x080011a7   Thumb Code     0  startup_stm32f429xx.o(.text)
    SDIO_IRQHandler                          0x080011a7   Thumb Code     0  startup_stm32f429xx.o(.text)
    SPI1_IRQHandler                          0x080011a7   Thumb Code     0  startup_stm32f429xx.o(.text)
    SPI2_IRQHandler                          0x080011a7   Thumb Code     0  startup_stm32f429xx.o(.text)
    SPI3_IRQHandler                          0x080011a7   Thumb Code     0  startup_stm32f429xx.o(.text)
    SPI4_IRQHandler                          0x080011a7   Thumb Code     0  startup_stm32f429xx.o(.text)
    SPI5_IRQHandler                          0x080011a7   Thumb Code     0  startup_stm32f429xx.o(.text)
    SPI6_IRQHandler                          0x080011a7   Thumb Code     0  startup_stm32f429xx.o(.text)
    TAMP_STAMP_IRQHandler                    0x080011a7   Thumb Code     0  startup_stm32f429xx.o(.text)
    TIM1_BRK_TIM9_IRQHandler                 0x080011a7   Thumb Code     0  startup_stm32f429xx.o(.text)
    TIM1_CC_IRQHandler                       0x080011a7   Thumb Code     0  startup_stm32f429xx.o(.text)
    TIM1_TRG_COM_TIM11_IRQHandler            0x080011a7   Thumb Code     0  startup_stm32f429xx.o(.text)
    TIM1_UP_TIM10_IRQHandler                 0x080011a7   Thumb Code     0  startup_stm32f429xx.o(.text)
    TIM2_IRQHandler                          0x080011a7   Thumb Code     0  startup_stm32f429xx.o(.text)
    TIM3_IRQHandler                          0x080011a7   Thumb Code     0  startup_stm32f429xx.o(.text)
    TIM4_IRQHandler                          0x080011a7   Thumb Code     0  startup_stm32f429xx.o(.text)
    TIM5_IRQHandler                          0x080011a7   Thumb Code     0  startup_stm32f429xx.o(.text)
    TIM6_DAC_IRQHandler                      0x080011a7   Thumb Code     0  startup_stm32f429xx.o(.text)
    TIM7_IRQHandler                          0x080011a7   Thumb Code     0  startup_stm32f429xx.o(.text)
    TIM8_BRK_TIM12_IRQHandler                0x080011a7   Thumb Code     0  startup_stm32f429xx.o(.text)
    TIM8_CC_IRQHandler                       0x080011a7   Thumb Code     0  startup_stm32f429xx.o(.text)
    TIM8_TRG_COM_TIM14_IRQHandler            0x080011a7   Thumb Code     0  startup_stm32f429xx.o(.text)
    TIM8_UP_TIM13_IRQHandler                 0x080011a7   Thumb Code     0  startup_stm32f429xx.o(.text)
    UART4_IRQHandler                         0x080011a7   Thumb Code     0  startup_stm32f429xx.o(.text)
    UART5_IRQHandler                         0x080011a7   Thumb Code     0  startup_stm32f429xx.o(.text)
    UART7_IRQHandler                         0x080011a7   Thumb Code     0  startup_stm32f429xx.o(.text)
    UART8_IRQHandler                         0x080011a7   Thumb Code     0  startup_stm32f429xx.o(.text)
    USART3_IRQHandler                        0x080011a7   Thumb Code     0  startup_stm32f429xx.o(.text)
    USART6_IRQHandler                        0x080011a7   Thumb Code     0  startup_stm32f429xx.o(.text)
    WWDG_IRQHandler                          0x080011a7   Thumb Code     0  startup_stm32f429xx.o(.text)
    __user_initial_stackheap                 0x080011a9   Thumb Code     0  startup_stm32f429xx.o(.text)
    SystemInit                               0x080011cd   Thumb Code    66  system_stm32f4xx.o(.text)
    SystemCoreClockUpdate                    0x0800120f   Thumb Code   106  system_stm32f4xx.o(.text)
    HAL_MspInit                              0x08001299   Thumb Code     2  stm32f4xx_hal.o(.text)
    HAL_InitTick                             0x0800129b   Thumb Code    34  stm32f4xx_hal.o(.text)
    HAL_Init                                 0x080012bd   Thumb Code    48  stm32f4xx_hal.o(.text)
    HAL_MspDeInit                            0x080012ed   Thumb Code     2  stm32f4xx_hal.o(.text)
    HAL_DeInit                               0x080012ef   Thumb Code    48  stm32f4xx_hal.o(.text)
    HAL_IncTick                              0x0800131f   Thumb Code    10  stm32f4xx_hal.o(.text)
    HAL_GetTick                              0x08001329   Thumb Code     6  stm32f4xx_hal.o(.text)
    HAL_Delay                                0x0800132f   Thumb Code    22  stm32f4xx_hal.o(.text)
    HAL_SuspendTick                          0x08001345   Thumb Code    14  stm32f4xx_hal.o(.text)
    HAL_ResumeTick                           0x08001353   Thumb Code    14  stm32f4xx_hal.o(.text)
    HAL_GetHalVersion                        0x08001361   Thumb Code     4  stm32f4xx_hal.o(.text)
    HAL_GetREVID                             0x08001365   Thumb Code     8  stm32f4xx_hal.o(.text)
    HAL_GetDEVID                             0x0800136d   Thumb Code    10  stm32f4xx_hal.o(.text)
    HAL_DBGMCU_EnableDBGSleepMode            0x08001377   Thumb Code    12  stm32f4xx_hal.o(.text)
    HAL_DBGMCU_DisableDBGSleepMode           0x08001383   Thumb Code    12  stm32f4xx_hal.o(.text)
    HAL_DBGMCU_EnableDBGStopMode             0x0800138f   Thumb Code    12  stm32f4xx_hal.o(.text)
    HAL_DBGMCU_DisableDBGStopMode            0x0800139b   Thumb Code    12  stm32f4xx_hal.o(.text)
    HAL_DBGMCU_EnableDBGStandbyMode          0x080013a7   Thumb Code    12  stm32f4xx_hal.o(.text)
    HAL_DBGMCU_DisableDBGStandbyMode         0x080013b3   Thumb Code    12  stm32f4xx_hal.o(.text)
    HAL_EnableCompensationCell               0x080013bf   Thumb Code    22  stm32f4xx_hal.o(.text)
    HAL_DisableCompensationCell              0x080013d5   Thumb Code    24  stm32f4xx_hal.o(.text)
    HAL_EnableMemorySwappingBank             0x080013ed   Thumb Code    20  stm32f4xx_hal.o(.text)
    HAL_DisableMemorySwappingBank            0x08001401   Thumb Code    22  stm32f4xx_hal.o(.text)
    HAL_NVIC_SetPriorityGrouping             0x08001435   Thumb Code    26  stm32f4xx_hal_cortex.o(.text)
    HAL_NVIC_SetPriority                     0x0800144f   Thumb Code    60  stm32f4xx_hal_cortex.o(.text)
    HAL_NVIC_EnableIRQ                       0x0800148b   Thumb Code    22  stm32f4xx_hal_cortex.o(.text)
    HAL_NVIC_DisableIRQ                      0x080014a1   Thumb Code    22  stm32f4xx_hal_cortex.o(.text)
    HAL_NVIC_SystemReset                     0x080014b7   Thumb Code    28  stm32f4xx_hal_cortex.o(.text)
    HAL_SYSTICK_Config                       0x080014d3   Thumb Code    40  stm32f4xx_hal_cortex.o(.text)
    HAL_MPU_ConfigRegion                     0x080014fb   Thumb Code    82  stm32f4xx_hal_cortex.o(.text)
    HAL_NVIC_GetPriorityGrouping             0x0800154d   Thumb Code    10  stm32f4xx_hal_cortex.o(.text)
    HAL_NVIC_GetPriority                     0x08001557   Thumb Code    84  stm32f4xx_hal_cortex.o(.text)
    HAL_NVIC_SetPendingIRQ                   0x080015ab   Thumb Code    22  stm32f4xx_hal_cortex.o(.text)
    HAL_NVIC_GetPendingIRQ                   0x080015c1   Thumb Code    32  stm32f4xx_hal_cortex.o(.text)
    HAL_NVIC_ClearPendingIRQ                 0x080015e1   Thumb Code    22  stm32f4xx_hal_cortex.o(.text)
    HAL_NVIC_GetActive                       0x080015f7   Thumb Code    32  stm32f4xx_hal_cortex.o(.text)
    HAL_SYSTICK_CLKSourceConfig              0x08001617   Thumb Code    24  stm32f4xx_hal_cortex.o(.text)
    HAL_SYSTICK_Callback                     0x0800162f   Thumb Code     2  stm32f4xx_hal_cortex.o(.text)
    HAL_SYSTICK_IRQHandler                   0x08001631   Thumb Code     8  stm32f4xx_hal_cortex.o(.text)
    HAL_GPIO_Init                            0x08001661   Thumb Code   422  stm32f4xx_hal_gpio.o(.text)
    HAL_GPIO_DeInit                          0x08001807   Thumb Code   270  stm32f4xx_hal_gpio.o(.text)
    HAL_GPIO_ReadPin                         0x08001915   Thumb Code    10  stm32f4xx_hal_gpio.o(.text)
    HAL_GPIO_WritePin                        0x0800191f   Thumb Code    10  stm32f4xx_hal_gpio.o(.text)
    HAL_GPIO_TogglePin                       0x08001929   Thumb Code     8  stm32f4xx_hal_gpio.o(.text)
    HAL_GPIO_LockPin                         0x08001931   Thumb Code    34  stm32f4xx_hal_gpio.o(.text)
    HAL_GPIO_EXTI_Callback                   0x08001953   Thumb Code     2  stm32f4xx_hal_gpio.o(.text)
    HAL_GPIO_EXTI_IRQHandler                 0x08001955   Thumb Code    20  stm32f4xx_hal_gpio.o(.text)
    HAL_RCC_OscConfig                        0x0800199f   Thumb Code   706  stm32f4xx_hal_rcc.o(.text)
    HAL_RCC_GetSysClockFreq                  0x08001c61   Thumb Code   104  stm32f4xx_hal_rcc.o(.text)
    HAL_RCC_ClockConfig                      0x08001cc9   Thumb Code   388  stm32f4xx_hal_rcc.o(.text)
    HAL_RCC_MCOConfig                        0x08001e4d   Thumb Code   126  stm32f4xx_hal_rcc.o(.text)
    HAL_RCC_EnableCSS                        0x08001ecb   Thumb Code     8  stm32f4xx_hal_rcc.o(.text)
    HAL_RCC_DisableCSS                       0x08001ed3   Thumb Code     8  stm32f4xx_hal_rcc.o(.text)
    HAL_RCC_GetHCLKFreq                      0x08001edb   Thumb Code     6  stm32f4xx_hal_rcc.o(.text)
    HAL_RCC_GetPCLK1Freq                     0x08001ee1   Thumb Code    36  stm32f4xx_hal_rcc.o(.text)
    HAL_RCC_GetPCLK2Freq                     0x08001f05   Thumb Code    36  stm32f4xx_hal_rcc.o(.text)
    HAL_RCC_GetOscConfig                     0x08001f29   Thumb Code   220  stm32f4xx_hal_rcc.o(.text)
    HAL_RCC_GetClockConfig                   0x08002005   Thumb Code    56  stm32f4xx_hal_rcc.o(.text)
    HAL_RCC_CSSCallback                      0x0800203d   Thumb Code     2  stm32f4xx_hal_rcc.o(.text)
    HAL_RCC_NMI_IRQHandler                   0x0800203f   Thumb Code    26  stm32f4xx_hal_rcc.o(.text)
    HAL_PWREx_EnableBkUpReg                  0x08002075   Thumb Code    64  stm32f4xx_hal_pwr_ex.o(.text)
    HAL_PWREx_DisableBkUpReg                 0x080020b5   Thumb Code    66  stm32f4xx_hal_pwr_ex.o(.text)
    HAL_PWREx_EnableFlashPowerDown           0x080020f7   Thumb Code    20  stm32f4xx_hal_pwr_ex.o(.text)
    HAL_PWREx_DisableFlashPowerDown          0x0800210b   Thumb Code    22  stm32f4xx_hal_pwr_ex.o(.text)
    HAL_PWREx_GetVoltageRange                0x08002121   Thumb Code    10  stm32f4xx_hal_pwr_ex.o(.text)
    HAL_PWREx_ControlVoltageScaling          0x0800212b   Thumb Code   160  stm32f4xx_hal_pwr_ex.o(.text)
    HAL_PWREx_EnableOverDrive                0x080021cb   Thumb Code   122  stm32f4xx_hal_pwr_ex.o(.text)
    HAL_PWREx_DisableOverDrive               0x08002245   Thumb Code   122  stm32f4xx_hal_pwr_ex.o(.text)
    HAL_PWREx_EnterUnderDriveSTOPMode        0x080022bf   Thumb Code   126  stm32f4xx_hal_pwr_ex.o(.text)
    HAL_UART_Init                            0x080025f7   Thumb Code    98  stm32f4xx_hal_uart.o(.text)
    HAL_HalfDuplex_Init                      0x08002659   Thumb Code   108  stm32f4xx_hal_uart.o(.text)
    HAL_LIN_Init                             0x080026c5   Thumb Code   128  stm32f4xx_hal_uart.o(.text)
    HAL_MultiProcessor_Init                  0x08002745   Thumb Code   150  stm32f4xx_hal_uart.o(.text)
    HAL_UART_MspDeInit                       0x080027db   Thumb Code     2  stm32f4xx_hal_uart.o(.text)
    HAL_UART_DeInit                          0x080027dd   Thumb Code    40  stm32f4xx_hal_uart.o(.text)
    HAL_UART_Transmit                        0x08002865   Thumb Code   186  stm32f4xx_hal_uart.o(.text)
    HAL_UART_Receive                         0x0800291f   Thumb Code   184  stm32f4xx_hal_uart.o(.text)
    HAL_UART_Transmit_IT                     0x080029d7   Thumb Code    62  stm32f4xx_hal_uart.o(.text)
    HAL_UART_Receive_IT                      0x08002a15   Thumb Code    72  stm32f4xx_hal_uart.o(.text)
    HAL_UART_TxHalfCpltCallback              0x08002aa9   Thumb Code     2  stm32f4xx_hal_uart.o(.text)
    HAL_UART_Transmit_DMA                    0x08002ae5   Thumb Code   116  stm32f4xx_hal_uart.o(.text)
    HAL_UART_RxHalfCpltCallback              0x08002b59   Thumb Code     2  stm32f4xx_hal_uart.o(.text)
    HAL_UART_Receive_DMA                     0x08002ba3   Thumb Code   128  stm32f4xx_hal_uart.o(.text)
    HAL_UART_DMAPause                        0x08002c23   Thumb Code   102  stm32f4xx_hal_uart.o(.text)
    HAL_UART_DMAResume                       0x08002c89   Thumb Code    94  stm32f4xx_hal_uart.o(.text)
    HAL_UART_DMAStop                         0x08002ce7   Thumb Code    88  stm32f4xx_hal_uart.o(.text)
    HAL_UART_IRQHandler                      0x08002ddb   Thumb Code   264  stm32f4xx_hal_uart.o(.text)
    HAL_LIN_SendBreak                        0x08002ee3   Thumb Code    70  stm32f4xx_hal_uart.o(.text)
    HAL_MultiProcessor_EnterMuteMode         0x08002f29   Thumb Code    46  stm32f4xx_hal_uart.o(.text)
    HAL_MultiProcessor_ExitMuteMode          0x08002f57   Thumb Code    46  stm32f4xx_hal_uart.o(.text)
    HAL_HalfDuplex_EnableTransmitter         0x08002f85   Thumb Code    50  stm32f4xx_hal_uart.o(.text)
    HAL_HalfDuplex_EnableReceiver            0x08002fb7   Thumb Code    50  stm32f4xx_hal_uart.o(.text)
    HAL_UART_GetState                        0x08002fe9   Thumb Code    10  stm32f4xx_hal_uart.o(.text)
    HAL_UART_GetError                        0x08002ff3   Thumb Code     4  stm32f4xx_hal_uart.o(.text)
    HAL_DMA_Init                             0x080030ab   Thumb Code   202  stm32f4xx_hal_dma.o(.text)
    HAL_DMA_DeInit                           0x08003175   Thumb Code    86  stm32f4xx_hal_dma.o(.text)
    HAL_DMA_Start                            0x080031f3   Thumb Code    70  stm32f4xx_hal_dma.o(.text)
    HAL_DMA_Start_IT                         0x08003239   Thumb Code   118  stm32f4xx_hal_dma.o(.text)
    HAL_DMA_Abort                            0x080032af   Thumb Code   140  stm32f4xx_hal_dma.o(.text)
    HAL_DMA_Abort_IT                         0x0800333b   Thumb Code    36  stm32f4xx_hal_dma.o(.text)
    HAL_DMA_PollForTransfer                  0x0800335f   Thumb Code   290  stm32f4xx_hal_dma.o(.text)
    HAL_DMA_IRQHandler                       0x08003481   Thumb Code   416  stm32f4xx_hal_dma.o(.text)
    HAL_DMA_RegisterCallback                 0x08003621   Thumb Code    80  stm32f4xx_hal_dma.o(.text)
    HAL_DMA_UnRegisterCallback               0x08003671   Thumb Code    96  stm32f4xx_hal_dma.o(.text)
    HAL_DMA_GetState                         0x080036d1   Thumb Code     6  stm32f4xx_hal_dma.o(.text)
    HAL_DMA_GetError                         0x080036d7   Thumb Code     4  stm32f4xx_hal_dma.o(.text)
    HAL_SDRAM_Init                           0x0800373b   Thumb Code    66  stm32f4xx_hal_sdram.o(.text)
    HAL_SDRAM_MspDeInit                      0x0800377d   Thumb Code     2  stm32f4xx_hal_sdram.o(.text)
    HAL_SDRAM_DeInit                         0x0800377f   Thumb Code    28  stm32f4xx_hal_sdram.o(.text)
    HAL_SDRAM_RefreshErrorCallback           0x0800379b   Thumb Code     2  stm32f4xx_hal_sdram.o(.text)
    HAL_SDRAM_IRQHandler                     0x0800379d   Thumb Code    30  stm32f4xx_hal_sdram.o(.text)
    HAL_SDRAM_DMA_XferCpltCallback           0x080037bb   Thumb Code     2  stm32f4xx_hal_sdram.o(.text)
    HAL_SDRAM_DMA_XferErrorCallback          0x080037bd   Thumb Code     2  stm32f4xx_hal_sdram.o(.text)
    HAL_SDRAM_Read_8b                        0x080037bf   Thumb Code    66  stm32f4xx_hal_sdram.o(.text)
    HAL_SDRAM_Write_8b                       0x08003801   Thumb Code    66  stm32f4xx_hal_sdram.o(.text)
    HAL_SDRAM_Read_16b                       0x08003843   Thumb Code    66  stm32f4xx_hal_sdram.o(.text)
    HAL_SDRAM_Write_16b                      0x08003885   Thumb Code    66  stm32f4xx_hal_sdram.o(.text)
    HAL_SDRAM_Read_32b                       0x080038c7   Thumb Code    62  stm32f4xx_hal_sdram.o(.text)
    HAL_SDRAM_Write_32b                      0x08003905   Thumb Code    62  stm32f4xx_hal_sdram.o(.text)
    HAL_SDRAM_Read_DMA                       0x08003943   Thumb Code    64  stm32f4xx_hal_sdram.o(.text)
    HAL_SDRAM_Write_DMA                      0x08003983   Thumb Code    74  stm32f4xx_hal_sdram.o(.text)
    HAL_SDRAM_WriteProtection_Enable         0x080039cd   Thumb Code    36  stm32f4xx_hal_sdram.o(.text)
    HAL_SDRAM_WriteProtection_Disable        0x080039f1   Thumb Code    36  stm32f4xx_hal_sdram.o(.text)
    HAL_SDRAM_SendCommand                    0x08003a15   Thumb Code    46  stm32f4xx_hal_sdram.o(.text)
    HAL_SDRAM_ProgramRefreshRate             0x08003a43   Thumb Code    34  stm32f4xx_hal_sdram.o(.text)
    HAL_SDRAM_SetAutoRefreshNumber           0x08003a65   Thumb Code    34  stm32f4xx_hal_sdram.o(.text)
    HAL_SDRAM_GetModeStatus                  0x08003a87   Thumb Code     6  stm32f4xx_hal_sdram.o(.text)
    HAL_SDRAM_GetState                       0x08003a8d   Thumb Code     6  stm32f4xx_hal_sdram.o(.text)
    FMC_NORSRAM_Init                         0x08003a9d   Thumb Code   104  stm32f4xx_ll_fmc.o(.text)
    FMC_NORSRAM_DeInit                       0x08003b05   Thumb Code    48  stm32f4xx_ll_fmc.o(.text)
    FMC_NORSRAM_Timing_Init                  0x08003b35   Thumb Code    86  stm32f4xx_ll_fmc.o(.text)
    FMC_NORSRAM_Extended_Timing_Init         0x08003b8b   Thumb Code    60  stm32f4xx_ll_fmc.o(.text)
    FMC_NORSRAM_WriteOperation_Enable        0x08003bc7   Thumb Code    16  stm32f4xx_ll_fmc.o(.text)
    FMC_NORSRAM_WriteOperation_Disable       0x08003bd7   Thumb Code    16  stm32f4xx_ll_fmc.o(.text)
    FMC_NAND_Init                            0x08003be7   Thumb Code    74  stm32f4xx_ll_fmc.o(.text)
    FMC_NAND_CommonSpace_Timing_Init         0x08003c31   Thumb Code    48  stm32f4xx_ll_fmc.o(.text)
    FMC_NAND_AttributeSpace_Timing_Init      0x08003c61   Thumb Code    48  stm32f4xx_ll_fmc.o(.text)
    FMC_NAND_DeInit                          0x08003c91   Thumb Code    52  stm32f4xx_ll_fmc.o(.text)
    FMC_NAND_ECC_Enable                      0x08003cc5   Thumb Code    26  stm32f4xx_ll_fmc.o(.text)
    FMC_NAND_ECC_Disable                     0x08003cdf   Thumb Code    26  stm32f4xx_ll_fmc.o(.text)
    FMC_NAND_GetECC                          0x08003cf9   Thumb Code    78  stm32f4xx_ll_fmc.o(.text)
    FMC_PCCARD_Init                          0x08003d47   Thumb Code    34  stm32f4xx_ll_fmc.o(.text)
    FMC_PCCARD_CommonSpace_Timing_Init       0x08003d69   Thumb Code    28  stm32f4xx_ll_fmc.o(.text)
    FMC_PCCARD_AttributeSpace_Timing_Init    0x08003d85   Thumb Code    28  stm32f4xx_ll_fmc.o(.text)
    FMC_PCCARD_IOSpace_Timing_Init           0x08003da1   Thumb Code    28  stm32f4xx_ll_fmc.o(.text)
    FMC_PCCARD_DeInit                        0x08003dbd   Thumb Code    30  stm32f4xx_ll_fmc.o(.text)
    FMC_SDRAM_Init                           0x08003ddb   Thumb Code    80  stm32f4xx_ll_fmc.o(.text)
    FMC_SDRAM_Timing_Init                    0x08003e2b   Thumb Code   146  stm32f4xx_ll_fmc.o(.text)
    FMC_SDRAM_DeInit                         0x08003ebd   Thumb Code    30  stm32f4xx_ll_fmc.o(.text)
    FMC_SDRAM_WriteProtection_Enable         0x08003edb   Thumb Code    16  stm32f4xx_ll_fmc.o(.text)
    FMC_SDRAM_WriteProtection_Disable        0x08003eeb   Thumb Code    16  stm32f4xx_ll_fmc.o(.text)
    FMC_SDRAM_SendCommand                    0x08003efb   Thumb Code    72  stm32f4xx_ll_fmc.o(.text)
    FMC_SDRAM_ProgramRefreshRate             0x08003f43   Thumb Code    12  stm32f4xx_ll_fmc.o(.text)
    FMC_SDRAM_SetAutoRefreshNumber           0x08003f4f   Thumb Code    12  stm32f4xx_ll_fmc.o(.text)
    FMC_SDRAM_GetModeStatus                  0x08003f5b   Thumb Code    18  stm32f4xx_ll_fmc.o(.text)
    HAL_LTDC_Init                            0x08003f73   Thumb Code   248  stm32f4xx_hal_ltdc.o(.text)
    HAL_LTDC_MspDeInit                       0x0800406b   Thumb Code     2  stm32f4xx_hal_ltdc.o(.text)
    HAL_LTDC_DeInit                          0x0800406d   Thumb Code    24  stm32f4xx_hal_ltdc.o(.text)
    HAL_LTDC_ReloadEventCallback             0x08004085   Thumb Code     2  stm32f4xx_hal_ltdc.o(.text)
    HAL_LTDC_LineEventCallback               0x08004087   Thumb Code     2  stm32f4xx_hal_ltdc.o(.text)
    HAL_LTDC_ErrorCallback                   0x08004089   Thumb Code     2  stm32f4xx_hal_ltdc.o(.text)
    HAL_LTDC_IRQHandler                      0x0800408b   Thumb Code   206  stm32f4xx_hal_ltdc.o(.text)
    HAL_LTDC_ConfigLayer                     0x080042bb   Thumb Code    82  stm32f4xx_hal_ltdc.o(.text)
    HAL_LTDC_ConfigColorKeying               0x0800430d   Thumb Code    64  stm32f4xx_hal_ltdc.o(.text)
    HAL_LTDC_ConfigCLUT                      0x0800434d   Thumb Code   122  stm32f4xx_hal_ltdc.o(.text)
    HAL_LTDC_EnableColorKeying               0x080043c7   Thumb Code    58  stm32f4xx_hal_ltdc.o(.text)
    HAL_LTDC_DisableColorKeying              0x08004401   Thumb Code    58  stm32f4xx_hal_ltdc.o(.text)
    HAL_LTDC_EnableCLUT                      0x0800443b   Thumb Code    58  stm32f4xx_hal_ltdc.o(.text)
    HAL_LTDC_DisableCLUT                     0x08004475   Thumb Code    58  stm32f4xx_hal_ltdc.o(.text)
    HAL_LTDC_EnableDither                    0x080044af   Thumb Code    42  stm32f4xx_hal_ltdc.o(.text)
    HAL_LTDC_DisableDither                   0x080044d9   Thumb Code    42  stm32f4xx_hal_ltdc.o(.text)
    HAL_LTDC_SetWindowSize                   0x08004503   Thumb Code    82  stm32f4xx_hal_ltdc.o(.text)
    HAL_LTDC_SetWindowPosition               0x08004555   Thumb Code    84  stm32f4xx_hal_ltdc.o(.text)
    HAL_LTDC_SetPixelFormat                  0x080045a9   Thumb Code    68  stm32f4xx_hal_ltdc.o(.text)
    HAL_LTDC_SetAlpha                        0x080045ed   Thumb Code    68  stm32f4xx_hal_ltdc.o(.text)
    HAL_LTDC_SetAddress                      0x08004631   Thumb Code    68  stm32f4xx_hal_ltdc.o(.text)
    HAL_LTDC_SetPitch                        0x08004675   Thumb Code   138  stm32f4xx_hal_ltdc.o(.text)
    HAL_LTDC_ProgramLineEvent                0x080046ff   Thumb Code    52  stm32f4xx_hal_ltdc.o(.text)
    HAL_LTDC_Relaod                          0x08004733   Thumb Code    52  stm32f4xx_hal_ltdc.o(.text)
    HAL_LTDC_ConfigLayer_NoReload            0x08004767   Thumb Code    76  stm32f4xx_hal_ltdc.o(.text)
    HAL_LTDC_SetWindowSize_NoReload          0x080047b3   Thumb Code    78  stm32f4xx_hal_ltdc.o(.text)
    HAL_LTDC_SetWindowPosition_NoReload      0x08004801   Thumb Code    80  stm32f4xx_hal_ltdc.o(.text)
    HAL_LTDC_SetPixelFormat_NoReload         0x08004851   Thumb Code    64  stm32f4xx_hal_ltdc.o(.text)
    HAL_LTDC_SetAlpha_NoReload               0x08004891   Thumb Code    74  stm32f4xx_hal_ltdc.o(.text)
    HAL_LTDC_SetAddress_NoReload             0x080048db   Thumb Code    64  stm32f4xx_hal_ltdc.o(.text)
    HAL_LTDC_SetPitch_NoReload               0x0800491b   Thumb Code   118  stm32f4xx_hal_ltdc.o(.text)
    HAL_LTDC_ConfigColorKeying_NoReload      0x08004991   Thumb Code    58  stm32f4xx_hal_ltdc.o(.text)
    HAL_LTDC_EnableColorKeying_NoReload      0x080049cb   Thumb Code    52  stm32f4xx_hal_ltdc.o(.text)
    HAL_LTDC_DisableColorKeying_NoReload     0x080049ff   Thumb Code    52  stm32f4xx_hal_ltdc.o(.text)
    HAL_LTDC_EnableCLUT_NoReload             0x08004a33   Thumb Code    52  stm32f4xx_hal_ltdc.o(.text)
    HAL_LTDC_DisableCLUT_NoReload            0x08004a67   Thumb Code    52  stm32f4xx_hal_ltdc.o(.text)
    HAL_LTDC_GetState                        0x08004a9b   Thumb Code     6  stm32f4xx_hal_ltdc.o(.text)
    HAL_LTDC_GetError                        0x08004aa1   Thumb Code     6  stm32f4xx_hal_ltdc.o(.text)
    HAL_RCC_DeInit                           0x08004aad   Thumb Code    76  stm32f4xx_hal_rcc_ex.o(.text)
    HAL_RCCEx_PeriphCLKConfig                0x08004af9   Thumb Code   648  stm32f4xx_hal_rcc_ex.o(.text)
    HAL_RCCEx_GetPeriphCLKConfig             0x08004d81   Thumb Code   220  stm32f4xx_hal_rcc_ex.o(.text)
    vListInitialise                          0x08004e95   Thumb Code    22  list.o(.text)
    vListInitialiseItem                      0x08004eab   Thumb Code     6  list.o(.text)
    vListInsertEnd                           0x08004eb1   Thumb Code    24  list.o(.text)
    vListInsert                              0x08004ec9   Thumb Code    48  list.o(.text)
    uxListRemove                             0x08004ef9   Thumb Code    36  list.o(.text)
    xQueueGenericReset                       0x08004f1d   Thumb Code   132  queue.o(.text)
    xQueueGenericCreate                      0x08004fa1   Thumb Code    82  queue.o(.text)
    xQueueGenericSend                        0x080050c7   Thumb Code   350  queue.o(.text)
    xQueueCreateMutex                        0x08005225   Thumb Code    36  queue.o(.text)
    xQueueGiveMutexRecursive                 0x08005249   Thumb Code    62  queue.o(.text)
    xQueueGenericReceive                     0x080052ad   Thumb Code   364  queue.o(.text)
    xQueueTakeMutexRecursive                 0x08005419   Thumb Code    68  queue.o(.text)
    xQueueCreateCountingSemaphore            0x0800545d   Thumb Code    58  queue.o(.text)
    xQueueGenericSendFromISR                 0x08005497   Thumb Code   188  queue.o(.text)
    xQueueGiveFromISR                        0x08005553   Thumb Code   156  queue.o(.text)
    xQueueReceiveFromISR                     0x080055ef   Thumb Code   152  queue.o(.text)
    xQueuePeekFromISR                        0x08005687   Thumb Code   114  queue.o(.text)
    uxQueueMessagesWaiting                   0x080056f9   Thumb Code    36  queue.o(.text)
    uxQueueSpacesAvailable                   0x0800571d   Thumb Code    40  queue.o(.text)
    uxQueueMessagesWaitingFromISR            0x08005745   Thumb Code    22  queue.o(.text)
    vQueueUnregisterQueue                    0x0800575b   Thumb Code    36  queue.o(.text)
    vQueueDelete                             0x0800577f   Thumb Code    36  queue.o(.text)
    uxQueueGetQueueNumber                    0x080057a3   Thumb Code     4  queue.o(.text)
    vQueueSetQueueNumber                     0x080057a7   Thumb Code     4  queue.o(.text)
    ucQueueGetQueueType                      0x080057ab   Thumb Code     6  queue.o(.text)
    xQueueIsQueueEmptyFromISR                0x080057b1   Thumb Code    30  queue.o(.text)
    xQueueIsQueueFullFromISR                 0x080057cf   Thumb Code    34  queue.o(.text)
    vQueueAddToRegistry                      0x080057f1   Thumb Code    32  queue.o(.text)
    pcQueueGetName                           0x08005811   Thumb Code    34  queue.o(.text)
    vQueueWaitForMessageRestricted           0x08005833   Thumb Code    68  queue.o(.text)
    xTaskCreate                              0x08005957   Thumb Code    86  tasks.o(.text)
    vTaskDelete                              0x080059ad   Thumb Code   156  tasks.o(.text)
    xTaskIncrementTick                       0x08005a49   Thumb Code   200  tasks.o(.text)
    xTaskResumeAll                           0x08005b11   Thumb Code   184  tasks.o(.text)
    vTaskSuspendAll                          0x08005c2f   Thumb Code    10  tasks.o(.text)
    vTaskDelayUntil                          0x08005c39   Thumb Code   152  tasks.o(.text)
    vTaskDelay                               0x08005cd1   Thumb Code    66  tasks.o(.text)
    eTaskGetState                            0x08005d13   Thumb Code    94  tasks.o(.text)
    uxTaskPriorityGet                        0x08005d71   Thumb Code    24  tasks.o(.text)
    uxTaskPriorityGetFromISR                 0x08005d89   Thumb Code    40  tasks.o(.text)
    vTaskPrioritySet                         0x08005db1   Thumb Code   182  tasks.o(.text)
    vTaskSwitchContext                       0x08005e67   Thumb Code   150  tasks.o(.text)
    vTaskSuspend                             0x08005efd   Thumb Code   156  tasks.o(.text)
    vTaskResume                              0x08005fc9   Thumb Code   112  tasks.o(.text)
    xTaskResumeFromISR                       0x08006039   Thumb Code   148  tasks.o(.text)
    vTaskStartScheduler                      0x080060ef   Thumb Code    98  tasks.o(.text)
    vTaskEndScheduler                        0x08006151   Thumb Code    26  tasks.o(.text)
    xTaskGetTickCount                        0x0800616b   Thumb Code     8  tasks.o(.text)
    xTaskGetTickCountFromISR                 0x08006173   Thumb Code    14  tasks.o(.text)
    uxTaskGetNumberOfTasks                   0x08006181   Thumb Code     8  tasks.o(.text)
    pcTaskGetName                            0x08006189   Thumb Code    30  tasks.o(.text)
    vTaskGetInfo                             0x080061a7   Thumb Code   124  tasks.o(.text)
    uxTaskGetSystemState                     0x08006277   Thumb Code   162  tasks.o(.text)
    vTaskPlaceOnEventList                    0x08006319   Thumb Code    44  tasks.o(.text)
    vTaskPlaceOnUnorderedEventList           0x08006345   Thumb Code    72  tasks.o(.text)
    vTaskPlaceOnEventListRestricted          0x0800638d   Thumb Code    52  tasks.o(.text)
    xTaskRemoveFromEventList                 0x080063c1   Thumb Code   108  tasks.o(.text)
    xTaskRemoveFromUnorderedEventList        0x0800642d   Thumb Code   112  tasks.o(.text)
    vTaskSetTimeOutState                     0x0800649d   Thumb Code    64  tasks.o(.text)
    xTaskCheckForTimeOut                     0x080064dd   Thumb Code   102  tasks.o(.text)
    vTaskMissedYield                         0x08006543   Thumb Code     8  tasks.o(.text)
    uxTaskGetTaskNumber                      0x0800654b   Thumb Code     8  tasks.o(.text)
    vTaskSetTaskNumber                       0x08006553   Thumb Code     8  tasks.o(.text)
    xTaskGetCurrentTaskHandle                0x0800655b   Thumb Code     6  tasks.o(.text)
    xTaskGetSchedulerState                   0x08006561   Thumb Code    22  tasks.o(.text)
    vTaskPriorityInherit                     0x08006577   Thumb Code   124  tasks.o(.text)
    xTaskPriorityDisinherit                  0x080065f3   Thumb Code   144  tasks.o(.text)
    vTaskList                                0x08006683   Thumb Code   164  tasks.o(.text)
    vTaskGetRunTimeStats                     0x08006727   Thumb Code   146  tasks.o(.text)
    uxTaskResetEventItemValue                0x080067b9   Thumb Code    20  tasks.o(.text)
    pvTaskIncrementMutexHeldCount            0x080067cd   Thumb Code    18  tasks.o(.text)
    ulTaskNotifyTake                         0x080067df   Thumb Code    96  tasks.o(.text)
    xTaskNotifyWait                          0x0800683f   Thumb Code   128  tasks.o(.text)
    xTaskGenericNotify                       0x080068bf   Thumb Code   244  tasks.o(.text)
    xTaskGenericNotifyFromISR                0x080069b3   Thumb Code   228  tasks.o(.text)
    vTaskNotifyGiveFromISR                   0x08006a97   Thumb Code   172  tasks.o(.text)
    xTaskNotifyStateClear                    0x08006b43   Thumb Code    44  tasks.o(.text)
    xTimerGenericCommand                     0x08006ce9   Thumb Code    94  timers.o(.text)
    xTimerCreateTimerTask                    0x08006e69   Thumb Code    58  timers.o(.text)
    xTimerCreate                             0x08006ea3   Thumb Code    78  timers.o(.text)
    xTimerGetTimerDaemonTaskHandle           0x08006ef1   Thumb Code    26  timers.o(.text)
    xTimerGetPeriod                          0x08006f0b   Thumb Code    22  timers.o(.text)
    xTimerGetExpiryTime                      0x08006f21   Thumb Code    22  timers.o(.text)
    pcTimerGetName                           0x08006f37   Thumb Code    22  timers.o(.text)
    xTimerIsTimerActive                      0x08006f4d   Thumb Code    44  timers.o(.text)
    pvTimerGetTimerID                        0x08006f79   Thumb Code    36  timers.o(.text)
    vTimerSetTimerID                         0x08006f9d   Thumb Code    38  timers.o(.text)
    xTimerPendFunctionCallFromISR            0x08006fc3   Thumb Code    34  timers.o(.text)
    xTimerPendFunctionCall                   0x08006fe5   Thumb Code    52  timers.o(.text)
    pxPortInitialiseStack                    0x08007199   Thumb Code    40  port.o(.text)
    vPortSetupTimerInterrupt                 0x080071c1   Thumb Code    26  port.o(.text)
    xPortStartScheduler                      0x080071db   Thumb Code   208  port.o(.text)
    vPortEndScheduler                        0x080072ab   Thumb Code    28  port.o(.text)
    vPortEnterCritical                       0x080072c7   Thumb Code    56  port.o(.text)
    vPortExitCritical                        0x080072ff   Thumb Code    34  port.o(.text)
    SysTick_Handler                          0x08007321   Thumb Code    40  port.o(.text)
    vPortValidateInterruptPriority           0x08007349   Thumb Code    76  port.o(.text)
    pvPortMalloc                             0x080073f9   Thumb Code   216  heap_4.o(.text)
    vPortFree                                0x080074d1   Thumb Code    90  heap_4.o(.text)
    xPortGetFreeHeapSize                     0x0800752b   Thumb Code     8  heap_4.o(.text)
    xPortGetMinimumEverFreeHeapSize          0x08007533   Thumb Code     8  heap_4.o(.text)
    vPortInitialiseBlocks                    0x0800753b   Thumb Code     2  heap_4.o(.text)
    strstart                                 0x080075b3   Thumb Code    42  tinysh.o(.text)
    tinysh_char_in                           0x08007ac1   Thumb Code     2  tinysh.o(.text)
    tinysh_add_command                       0x08007bf9   Thumb Code    44  tinysh.o(.text)
    tinysh_set_prompt                        0x08007c25   Thumb Code    28  tinysh.o(.text)
    tinysh_get_arg                           0x08007c41   Thumb Code     6  tinysh.o(.text)
    tinysh_atoxi                             0x08007c47   Thumb Code    98  tinysh.o(.text)
    __I$use$semihosting                      0x08007d6d   Thumb Code     0  use_no_semi.o(.text)
    __use_no_semihosting_swi                 0x08007d6d   Thumb Code     2  use_no_semi.o(.text)
    __2printf                                0x08007d71   Thumb Code    20  noretval__2printf.o(.text)
    __2sprintf                               0x08007d89   Thumb Code    34  noretval__2sprintf.o(.text)
    __printf                                 0x08007db1   Thumb Code   104  __printf.o(.text)
    _printf_str                              0x08007e19   Thumb Code    82  _printf_str.o(.text)
    _printf_int_dec                          0x08007e6d   Thumb Code   104  _printf_dec.o(.text)
    _printf_int_hex                          0x08007ee5   Thumb Code    84  _printf_hex_int.o(.text)
    _printf_longlong_hex                     0x08007ee5   Thumb Code     0  _printf_hex_int.o(.text)
    putc                                     0x08007f3d   Thumb Code     4  putc.o(.text)
    strcpy                                   0x08007f41   Thumb Code    72  strcpy.o(.text)
    strlen                                   0x08007f89   Thumb Code    62  strlen.o(.text)
    __aeabi_memcpy                           0x08007fc7   Thumb Code     0  rt_memcpy_v6.o(.text)
    __rt_memcpy                              0x08007fc7   Thumb Code   138  rt_memcpy_v6.o(.text)
    _memcpy_lastbytes                        0x0800802d   Thumb Code     0  rt_memcpy_v6.o(.text)
    __aeabi_memcpy4                          0x08008051   Thumb Code     0  rt_memcpy_w.o(.text)
    __aeabi_memcpy8                          0x08008051   Thumb Code     0  rt_memcpy_w.o(.text)
    __rt_memcpy_w                            0x08008051   Thumb Code   100  rt_memcpy_w.o(.text)
    _memcpy_lastbytes_aligned                0x08008099   Thumb Code     0  rt_memcpy_w.o(.text)
    __aeabi_memset                           0x080080b5   Thumb Code    16  aeabi_memset.o(.text)
    __use_two_region_memory                  0x080080c5   Thumb Code     2  heapauxi.o(.text)
    __rt_heap_escrow$2region                 0x080080c7   Thumb Code     2  heapauxi.o(.text)
    __rt_heap_expand$2region                 0x080080c9   Thumb Code     2  heapauxi.o(.text)
    _printf_int_common                       0x080080cb   Thumb Code   178  _printf_intcommon.o(.text)
    _printf_char_common                      0x08008187   Thumb Code    32  _printf_char_common.o(.text)
    _sputc                                   0x080081ad   Thumb Code    10  _sputc.o(.text)
    _printf_cs_common                        0x080081b7   Thumb Code    20  _printf_char.o(.text)
    _printf_char                             0x080081cb   Thumb Code    16  _printf_char.o(.text)
    _printf_string                           0x080081db   Thumb Code     8  _printf_char.o(.text)
    _printf_char_file                        0x080081e5   Thumb Code    32  _printf_char_file.o(.text)
    __aeabi_memclr                           0x08008209   Thumb Code     0  rt_memclr.o(.text)
    __rt_memclr                              0x08008209   Thumb Code    68  rt_memclr.o(.text)
    _memset                                  0x0800820d   Thumb Code     0  rt_memclr.o(.text)
    __aeabi_memclr4                          0x0800824d   Thumb Code     0  rt_memclr_w.o(.text)
    __aeabi_memclr8                          0x0800824d   Thumb Code     0  rt_memclr_w.o(.text)
    __rt_memclr_w                            0x0800824d   Thumb Code    78  rt_memclr_w.o(.text)
    _memset_w                                0x08008251   Thumb Code     0  rt_memclr_w.o(.text)
    __user_setup_stackheap                   0x0800829b   Thumb Code    74  sys_stackheap_outer.o(.text)
    exit                                     0x080082e5   Thumb Code    18  exit.o(.text)
    __user_libspace                          0x080082f9   Thumb Code     8  libspace.o(.text)
    __user_perproc_libspace                  0x080082f9   Thumb Code     0  libspace.o(.text)
    __user_perthread_libspace                0x080082f9   Thumb Code     0  libspace.o(.text)
    _fp_init                                 0x08008301   Thumb Code    10  fpinit.o(x$fpl$fpinit)
    __fplib_config_fpu_vfp                   0x08008309   Thumb Code     0  fpinit.o(x$fpl$fpinit)
    __fplib_config_pureend_doubles           0x08008309   Thumb Code     0  fpinit.o(x$fpl$fpinit)
    AHBPrescTable                            0x0800830a   Data          16  system_stm32f4xx.o(.constdata)
    APBAHBPrescTable                         0x0800831a   Data          16  stm32f4xx_hal_rcc.o(.constdata)
    Region$$Table$$Base                      0x080083e8   Number         0  anon$$obj.o(Region$$Table)
    Region$$Table$$Limit                     0x08008408   Number         0  anon$$obj.o(Region$$Table)
    xHandleTaskCLI                           0x20000000   Data           4  apptask.o(.data)
    xHandleTaskLED                           0x20000004   Data           4  apptask.o(.data)
    xHandleTaskMsgPro                        0x20000008   Data           4  apptask.o(.data)
    xHandleTaskStart                         0x2000000c   Data           4  apptask.o(.data)
    ulHighFrequencyTimerTicks                0x20000010   Data           4  apptask.o(.data)
    CLI_RX_STA                               0x20000014   Data           2  cli_main.o(.data)
    cli_hello_cmd                            0x20000018   Data          32  cli_app.o(.data)
    cli_testsdram_cmd                        0x20000038   Data          32  cli_app.o(.data)
    cli_tasklist_cmd                         0x20000058   Data          32  cli_rtos.o(.data)
    aCliRxBuffer                             0x20000078   Data           1  bsp_uart.o(.data)
    __stdout                                 0x2000007c   Data           4  bsp_uart.o(.data)
    ltdc_framebuf                            0x20000080   Data           8  bsp_ltdc.o(.data)
    SystemCoreClock                          0x20000088   Data           4  system_stm32f4xx.o(.data)
    uwTick                                   0x2000008c   Data           4  stm32f4xx_hal.o(.data)
    pxCurrentTCB                             0x20000090   Data           4  tasks.o(.data)
    acTaskStatusBuffer                       0x2000015c   Data         500  cli_rtos.o(.bss)
    UART1_Handler                            0x20000350   Data          64  bsp_uart.o(.bss)
    UART2_Handler                            0x20000390   Data          64  bsp_uart.o(.bss)
    SDRAM_Handler                            0x200003d0   Data          52  bsp_sdram.o(.bss)
    lcdltdc                                  0x20000404   Data          32  bsp_ltdc.o(.bss)
    LTDC_Handler                             0x20000424   Data         168  bsp_ltdc.o(.bss)
    xQueueRegistry                           0x200004cc   Data          64  queue.o(.bss)
    __libspace_start                         0x20014474   Data          96  libspace.o(.bss)
    __temporary_stack_top$libspace           0x200144d4   Data           0  libspace.o(.bss)
    ltdc_lcd_framebuf                        0xc0000000   Data       2048000  bsp_ltdc.o(.ARM.__AT_0xC0000000)



==============================================================================

Memory Map of the image

  Image Entry point : 0x080001ad

  Load Region LR_IROM1 (Base: 0x08000000, Size: 0x00008564, Max: 0x00100000, ABSOLUTE, COMPRESSED[0x00008454])

    Execution Region ER_IROM1 (Base: 0x08000000, Size: 0x00008408, Max: 0x00100000, ABSOLUTE)

    Base Addr    Size         Type   Attr      Idx    E Section Name        Object

    0x08000000   0x000001ac   Data   RO           64    RESET               startup_stm32f429xx.o
    0x080001ac   0x00000008   Code   RO          198  * !!!main             c_w.l(__main.o)
    0x080001b4   0x00000034   Code   RO          330    !!!scatter          c_w.l(__scatter.o)
    0x080001e8   0x0000005a   Code   RO          329    !!dczerorl2         c_w.l(__dczerorl2.o)
    0x08000242   0x00000002   PAD
    0x08000244   0x0000001c   Code   RO          331    !!handler_zi        c_w.l(__scatter_zi.o)
    0x08000260   0x00000000   Code   RO          190    .ARM.Collect$$_printf_percent$$00000000  c_w.l(_printf_percent.o)
    0x08000260   0x00000006   Code   RO          188    .ARM.Collect$$_printf_percent$$00000009  c_w.l(_printf_d.o)
    0x08000266   0x00000006   Code   RO          189    .ARM.Collect$$_printf_percent$$0000000A  c_w.l(_printf_u.o)
    0x0800026c   0x00000006   Code   RO          187    .ARM.Collect$$_printf_percent$$0000000C  c_w.l(_printf_x.o)
    0x08000272   0x00000006   Code   RO          185    .ARM.Collect$$_printf_percent$$00000013  c_w.l(_printf_c.o)
    0x08000278   0x00000006   Code   RO          186    .ARM.Collect$$_printf_percent$$00000014  c_w.l(_printf_s.o)
    0x0800027e   0x00000004   Code   RO          205    .ARM.Collect$$_printf_percent$$00000017  c_w.l(_printf_percent_end.o)
    0x08000282   0x00000002   Code   RO          229    .ARM.Collect$$libinit$$00000000  c_w.l(libinit.o)
    0x08000284   0x00000004   Code   RO          234    .ARM.Collect$$libinit$$00000001  c_w.l(libinit2.o)
    0x08000288   0x00000000   Code   RO          237    .ARM.Collect$$libinit$$00000004  c_w.l(libinit2.o)
    0x08000288   0x00000000   Code   RO          240    .ARM.Collect$$libinit$$0000000A  c_w.l(libinit2.o)
    0x08000288   0x00000000   Code   RO          242    .ARM.Collect$$libinit$$0000000C  c_w.l(libinit2.o)
    0x08000288   0x00000000   Code   RO          244    .ARM.Collect$$libinit$$0000000E  c_w.l(libinit2.o)
    0x08000288   0x00000000   Code   RO          247    .ARM.Collect$$libinit$$00000011  c_w.l(libinit2.o)
    0x08000288   0x00000000   Code   RO          249    .ARM.Collect$$libinit$$00000013  c_w.l(libinit2.o)
    0x08000288   0x00000000   Code   RO          251    .ARM.Collect$$libinit$$00000015  c_w.l(libinit2.o)
    0x08000288   0x00000000   Code   RO          253    .ARM.Collect$$libinit$$00000017  c_w.l(libinit2.o)
    0x08000288   0x00000000   Code   RO          255    .ARM.Collect$$libinit$$00000019  c_w.l(libinit2.o)
    0x08000288   0x00000000   Code   RO          257    .ARM.Collect$$libinit$$0000001B  c_w.l(libinit2.o)
    0x08000288   0x00000000   Code   RO          259    .ARM.Collect$$libinit$$0000001D  c_w.l(libinit2.o)
    0x08000288   0x00000000   Code   RO          261    .ARM.Collect$$libinit$$0000001F  c_w.l(libinit2.o)
    0x08000288   0x00000000   Code   RO          263    .ARM.Collect$$libinit$$00000021  c_w.l(libinit2.o)
    0x08000288   0x00000000   Code   RO          265    .ARM.Collect$$libinit$$00000023  c_w.l(libinit2.o)
    0x08000288   0x00000000   Code   RO          267    .ARM.Collect$$libinit$$00000025  c_w.l(libinit2.o)
    0x08000288   0x00000000   Code   RO          271    .ARM.Collect$$libinit$$0000002C  c_w.l(libinit2.o)
    0x08000288   0x00000000   Code   RO          273    .ARM.Collect$$libinit$$0000002E  c_w.l(libinit2.o)
    0x08000288   0x00000000   Code   RO          275    .ARM.Collect$$libinit$$00000030  c_w.l(libinit2.o)
    0x08000288   0x00000000   Code   RO          277    .ARM.Collect$$libinit$$00000032  c_w.l(libinit2.o)
    0x08000288   0x00000002   Code   RO          278    .ARM.Collect$$libinit$$00000033  c_w.l(libinit2.o)
    0x0800028a   0x00000002   Code   RO          291    .ARM.Collect$$libshutdown$$00000000  c_w.l(libshutdown.o)
    0x0800028c   0x00000000   Code   RO          297    .ARM.Collect$$libshutdown$$00000002  c_w.l(libshutdown2.o)
    0x0800028c   0x00000000   Code   RO          299    .ARM.Collect$$libshutdown$$00000004  c_w.l(libshutdown2.o)
    0x0800028c   0x00000000   Code   RO          302    .ARM.Collect$$libshutdown$$00000007  c_w.l(libshutdown2.o)
    0x0800028c   0x00000000   Code   RO          305    .ARM.Collect$$libshutdown$$0000000A  c_w.l(libshutdown2.o)
    0x0800028c   0x00000000   Code   RO          307    .ARM.Collect$$libshutdown$$0000000C  c_w.l(libshutdown2.o)
    0x0800028c   0x00000000   Code   RO          310    .ARM.Collect$$libshutdown$$0000000F  c_w.l(libshutdown2.o)
    0x0800028c   0x00000002   Code   RO          311    .ARM.Collect$$libshutdown$$00000010  c_w.l(libshutdown2.o)
    0x0800028e   0x00000000   Code   RO          199    .ARM.Collect$$rtentry$$00000000  c_w.l(__rtentry.o)
    0x0800028e   0x00000000   Code   RO          208    .ARM.Collect$$rtentry$$00000002  c_w.l(__rtentry2.o)
    0x0800028e   0x00000006   Code   RO          220    .ARM.Collect$$rtentry$$00000004  c_w.l(__rtentry4.o)
    0x08000294   0x00000000   Code   RO          210    .ARM.Collect$$rtentry$$00000009  c_w.l(__rtentry2.o)
    0x08000294   0x00000004   Code   RO          211    .ARM.Collect$$rtentry$$0000000A  c_w.l(__rtentry2.o)
    0x08000298   0x00000000   Code   RO          213    .ARM.Collect$$rtentry$$0000000C  c_w.l(__rtentry2.o)
    0x08000298   0x00000008   Code   RO          214    .ARM.Collect$$rtentry$$0000000D  c_w.l(__rtentry2.o)
    0x080002a0   0x00000002   Code   RO          232    .ARM.Collect$$rtexit$$00000000  c_w.l(rtexit.o)
    0x080002a2   0x00000000   Code   RO          280    .ARM.Collect$$rtexit$$00000002  c_w.l(rtexit2.o)
    0x080002a2   0x00000004   Code   RO          281    .ARM.Collect$$rtexit$$00000003  c_w.l(rtexit2.o)
    0x080002a6   0x00000006   Code   RO          282    .ARM.Collect$$rtexit$$00000004  c_w.l(rtexit2.o)
    0x080002ac   0x000000b6   Code   RO          137    .emb_text           port.o
    0x08000362   0x00000002   PAD
    0x08000364   0x00000028   Code   RO            4    .text               main.o
    0x0800038c   0x00000010   Code   RO            8    .text               stm32f4xx_it.o
    0x0800039c   0x000000f8   Code   RO           12    .text               apptask.o
    0x08000494   0x0000006c   Code   RO           17    .text               cli_main.o
    0x08000500   0x00000228   Code   RO           22    .text               cli_app.o
    0x08000728   0x000000e4   Code   RO           30    .text               cli_rtos.o
    0x0800080c   0x000000ac   Code   RO           37    .text               bsp.o
    0x080008b8   0x000001f4   Code   RO           41    .text               bsp_uart.o
    0x08000aac   0x000001f8   Code   RO           49    .text               bsp_sdram.o
    0x08000ca4   0x00000054   Code   RO           54    .text               bsp_dwt.o
    0x08000cf8   0x00000494   Code   RO           58    .text               bsp_ltdc.o
    0x0800118c   0x00000040   Code   RO           65    .text               startup_stm32f429xx.o
    0x080011cc   0x000000cc   Code   RO           69    .text               system_stm32f4xx.o
    0x08001298   0x0000019c   Code   RO           75    .text               stm32f4xx_hal.o
    0x08001434   0x0000022c   Code   RO           80    .text               stm32f4xx_hal_cortex.o
    0x08001660   0x0000033c   Code   RO           84    .text               stm32f4xx_hal_gpio.o
    0x0800199c   0x000006d8   Code   RO           88    .text               stm32f4xx_hal_rcc.o
    0x08002074   0x000002dc   Code   RO           93    .text               stm32f4xx_hal_pwr_ex.o
    0x08002350   0x00000d36   Code   RO           97    .text               stm32f4xx_hal_uart.o
    0x08003086   0x00000002   PAD
    0x08003088   0x000006b0   Code   RO          105    .text               stm32f4xx_hal_dma.o
    0x08003738   0x00000364   Code   RO          110    .text               stm32f4xx_hal_sdram.o
    0x08003a9c   0x000004d4   Code   RO          114    .text               stm32f4xx_ll_fmc.o
    0x08003f70   0x00000b3c   Code   RO          118    .text               stm32f4xx_hal_ltdc.o
    0x08004aac   0x000003e8   Code   RO          126    .text               stm32f4xx_hal_rcc_ex.o
    0x08004e94   0x00000088   Code   RO          128    .text               list.o
    0x08004f1c   0x00000978   Code   RO          129    .text               queue.o
    0x08005894   0x00001420   Code   RO          131    .text               tasks.o
    0x08006cb4   0x000004c0   Code   RO          134    .text               timers.o
    0x08007174   0x0000023c   Code   RO          138    .text               port.o
    0x080073b0   0x000001d8   Code   RO          140    .text               heap_4.o
    0x08007588   0x000007e4   Code   RO          143    .text               tinysh.o
    0x08007d6c   0x00000002   Code   RO          150    .text               c_w.l(use_no_semi.o)
    0x08007d6e   0x00000002   PAD
    0x08007d70   0x00000018   Code   RO          153    .text               c_w.l(noretval__2printf.o)
    0x08007d88   0x00000028   Code   RO          154    .text               c_w.l(noretval__2sprintf.o)
    0x08007db0   0x00000068   Code   RO          155    .text               c_w.l(__printf.o)
    0x08007e18   0x00000052   Code   RO          156    .text               c_w.l(_printf_str.o)
    0x08007e6a   0x00000002   PAD
    0x08007e6c   0x00000078   Code   RO          157    .text               c_w.l(_printf_dec.o)
    0x08007ee4   0x00000058   Code   RO          160    .text               c_w.l(_printf_hex_int.o)
    0x08007f3c   0x00000004   Code   RO          191    .text               c_w.l(putc.o)
    0x08007f40   0x00000048   Code   RO          192    .text               c_w.l(strcpy.o)
    0x08007f88   0x0000003e   Code   RO          193    .text               c_w.l(strlen.o)
    0x08007fc6   0x0000008a   Code   RO          194    .text               c_w.l(rt_memcpy_v6.o)
    0x08008050   0x00000064   Code   RO          195    .text               c_w.l(rt_memcpy_w.o)
    0x080080b4   0x00000010   Code   RO          196    .text               c_w.l(aeabi_memset.o)
    0x080080c4   0x00000006   Code   RO          197    .text               c_w.l(heapauxi.o)
    0x080080ca   0x000000b2   Code   RO          200    .text               c_w.l(_printf_intcommon.o)
    0x0800817c   0x00000030   Code   RO          201    .text               c_w.l(_printf_char_common.o)
    0x080081ac   0x0000000a   Code   RO          202    .text               c_w.l(_sputc.o)
    0x080081b6   0x0000002c   Code   RO          203    .text               c_w.l(_printf_char.o)
    0x080081e2   0x00000002   PAD
    0x080081e4   0x00000024   Code   RO          204    .text               c_w.l(_printf_char_file.o)
    0x08008208   0x00000044   Code   RO          206    .text               c_w.l(rt_memclr.o)
    0x0800824c   0x0000004e   Code   RO          223    .text               c_w.l(rt_memclr_w.o)
    0x0800829a   0x0000004a   Code   RO          224    .text               c_w.l(sys_stackheap_outer.o)
    0x080082e4   0x00000012   Code   RO          225    .text               c_w.l(exit.o)
    0x080082f6   0x00000002   PAD
    0x080082f8   0x00000008   Code   RO          230    .text               c_w.l(libspace.o)
    0x08008300   0x0000000a   Code   RO          287    x$fpl$fpinit        fz_wm.l(fpinit.o)
    0x0800830a   0x00000010   Data   RO           70    .constdata          system_stm32f4xx.o
    0x0800831a   0x00000010   Data   RO           89    .constdata          stm32f4xx_hal_rcc.o
    0x0800832a   0x00000008   Data   RO          106    .constdata          stm32f4xx_hal_dma.o
    0x08008332   0x00000028   Data   RO          161    .constdata          c_w.l(_printf_hex_int.o)
    0x0800835a   0x00000002   PAD
    0x0800835c   0x00000016   Data   RO           23    .conststring        cli_app.o
    0x08008372   0x00000002   PAD
    0x08008374   0x00000016   Data   RO           24    .conststring        cli_app.o
    0x0800838a   0x00000002   PAD
    0x0800838c   0x0000001d   Data   RO           32    .conststring        cli_rtos.o
    0x080083a9   0x00000003   PAD
    0x080083ac   0x00000039   Data   RO          145    .conststring        tinysh.o
    0x080083e5   0x00000003   PAD
    0x080083e8   0x00000020   Data   RO          327    Region$$Table       anon$$obj.o


    Execution Region RW_IRAM1 (Base: 0x20000000, Size: 0x00014ad8, Max: 0x00030000, ABSOLUTE, COMPRESSED[0x0000004c])

    Base Addr    Size         Type   Attr      Idx    E Section Name        Object

    0x20000000   0x00000014   Data   RW           13    .data               apptask.o
    0x20000014   0x00000002   Data   RW           18    .data               cli_main.o
    0x20000016   0x00000002   PAD
    0x20000018   0x00000020   Data   RW           25    .data               cli_app.o
    0x20000038   0x00000020   Data   RW           26    .data               cli_app.o
    0x20000058   0x00000020   Data   RW           33    .data               cli_rtos.o
    0x20000078   0x00000001   Data   RW           43    .data               bsp_uart.o
    0x20000079   0x00000003   PAD
    0x2000007c   0x00000004   Data   RW           44    .data               bsp_uart.o
    0x20000080   0x00000008   Data   RW           61    .data               bsp_ltdc.o
    0x20000088   0x00000004   Data   RW           71    .data               system_stm32f4xx.o
    0x2000008c   0x00000004   Data   RW           76    .data               stm32f4xx_hal.o
    0x20000090   0x00000044   Data   RW          133    .data               tasks.o
    0x200000d4   0x00000014   Data   RW          136    .data               timers.o
    0x200000e8   0x0000000c   Data   RW          139    .data               port.o
    0x200000f4   0x00000018   Data   RW          142    .data               heap_4.o
    0x2000010c   0x00000020   Data   RW          146    .data               tinysh.o
    0x2000012c   0x0000002d   Data   RW          147    .data               tinysh.o
    0x20000159   0x00000003   PAD
    0x2000015c   0x000001f4   Zero   RW           31    .bss                cli_rtos.o
    0x20000350   0x00000080   Zero   RW           42    .bss                bsp_uart.o
    0x200003d0   0x00000034   Zero   RW           50    .bss                bsp_sdram.o
    0x20000404   0x000000c8   Zero   RW           60    .bss                bsp_ltdc.o
    0x200004cc   0x00000040   Zero   RW          130    .bss                queue.o
    0x2000050c   0x0000012c   Zero   RW          132    .bss                tasks.o
    0x20000638   0x00000028   Zero   RW          135    .bss                timers.o
    0x20000660   0x00012c00   Zero   RW          141    .bss                heap_4.o
    0x20013260   0x00001212   Zero   RW          144    .bss                tinysh.o
    0x20014472   0x00000002   PAD
    0x20014474   0x00000060   Zero   RW          231    .bss                c_w.l(libspace.o)
    0x200144d4   0x00000004   PAD
    0x200144d8   0x00000200   Zero   RW           63    HEAP                startup_stm32f429xx.o
    0x200146d8   0x00000400   Zero   RW           62    STACK               startup_stm32f429xx.o



  Load Region LR$$.ARM.__AT_0xC0000000 (Base: 0xc0000000, Size: 0x00000000, Max: 0x001f4000, ABSOLUTE)

    Execution Region ER$$.ARM.__AT_0xC0000000 (Base: 0xc0000000, Size: 0x001f4000, Max: 0x001f4000, ABSOLUTE, UNINIT)

    Base Addr    Size         Type   Attr      Idx    E Section Name        Object

    0xc0000000   0x001f4000   Zero   RW           59    .ARM.__AT_0xC0000000  bsp_ltdc.o


==============================================================================

Image component sizes


      Code (inc. data)   RO Data    RW Data    ZI Data      Debug   Object Name

       248         70          0         20          0          0   apptask.o
       172          8          0          0          0          0   bsp.o
        84         18          0          0          0          0   bsp_dwt.o
      1172         54          0          8    2048200          0   bsp_ltdc.o
       504         32          0          0         52          0   bsp_sdram.o
       500         28          0          5        128          0   bsp_uart.o
       552        270         44         64          0          0   cli_app.o
       108         40          0          2          0          0   cli_main.o
       228        162         29         32        500          0   cli_rtos.o
       472         10          0         24      76800          0   heap_4.o
       136          0          0          0          0          0   list.o
        40         16          0          0          0          0   main.o
       754         44          0         12          0          0   port.o
      2424         10          0          0         64          0   queue.o
        64         26        428          0       1536          0   startup_stm32f429xx.o
       412         30          0          4          0          0   stm32f4xx_hal.o
       556          8          0          0          0          0   stm32f4xx_hal_cortex.o
      1712         36          8          0          0          0   stm32f4xx_hal_dma.o
       828         52          0          0          0          0   stm32f4xx_hal_gpio.o
      2876         18          0          0          0          0   stm32f4xx_hal_ltdc.o
       732         20          0          0          0          0   stm32f4xx_hal_pwr_ex.o
      1752         60         16          0          0          0   stm32f4xx_hal_rcc.o
      1000         56          0          0          0          0   stm32f4xx_hal_rcc_ex.o
       868         10          0          0          0          0   stm32f4xx_hal_sdram.o
      3382         32          0          0          0          0   stm32f4xx_hal_uart.o
        16          0          0          0          0          0   stm32f4xx_it.o
      1236         26          0          0          0          0   stm32f4xx_ll_fmc.o
       204         32         16          4          0          0   system_stm32f4xx.o
      5152        150          0         68        300          0   tasks.o
      1216         46          0         20         40          0   timers.o
      2020        358         57         77       4626          0   tinysh.o

    ----------------------------------------------------------------------
     31424       1722        640        348    2132248          0   Object Totals
         0          0         32          0          0          0   (incl. Generated)
         4          0         10          8          2          0   (incl. Padding)

    ----------------------------------------------------------------------

      Code (inc. data)   RO Data    RW Data    ZI Data      Debug   Library Member Name

        90          0          0          0          0          0   __dczerorl2.o
         8          0          0          0          0          0   __main.o
       104          0          0          0          0          0   __printf.o
         0          0          0          0          0          0   __rtentry.o
        12          0          0          0          0          0   __rtentry2.o
         6          0          0          0          0          0   __rtentry4.o
        52          8          0          0          0          0   __scatter.o
        28          0          0          0          0          0   __scatter_zi.o
         6          0          0          0          0          0   _printf_c.o
        44          0          0          0          0          0   _printf_char.o
        48          6          0          0          0          0   _printf_char_common.o
        36          4          0          0          0          0   _printf_char_file.o
         6          0          0          0          0          0   _printf_d.o
       120         16          0          0          0          0   _printf_dec.o
        88          4         40          0          0          0   _printf_hex_int.o
       178          0          0          0          0          0   _printf_intcommon.o
         0          0          0          0          0          0   _printf_percent.o
         4          0          0          0          0          0   _printf_percent_end.o
         6          0          0          0          0          0   _printf_s.o
        82          0          0          0          0          0   _printf_str.o
         6          0          0          0          0          0   _printf_u.o
         6          0          0          0          0          0   _printf_x.o
        10          0          0          0          0          0   _sputc.o
        16          0          0          0          0          0   aeabi_memset.o
        18          0          0          0          0          0   exit.o
         6          0          0          0          0          0   heapauxi.o
         2          0          0          0          0          0   libinit.o
         6          0          0          0          0          0   libinit2.o
         2          0          0          0          0          0   libshutdown.o
         2          0          0          0          0          0   libshutdown2.o
         8          4          0          0         96          0   libspace.o
        24          4          0          0          0          0   noretval__2printf.o
        40          6          0          0          0          0   noretval__2sprintf.o
         4          0          0          0          0          0   putc.o
        68          0          0          0          0          0   rt_memclr.o
        78          0          0          0          0          0   rt_memclr_w.o
       138          0          0          0          0          0   rt_memcpy_v6.o
       100          0          0          0          0          0   rt_memcpy_w.o
         2          0          0          0          0          0   rtexit.o
        10          0          0          0          0          0   rtexit2.o
        72          0          0          0          0          0   strcpy.o
        62          0          0          0          0          0   strlen.o
        74          0          0          0          0          0   sys_stackheap_outer.o
         2          0          0          0          0          0   use_no_semi.o
        10          0          0          0          0          0   fpinit.o

    ----------------------------------------------------------------------
      1694         52         42          0        100          0   Library Totals
        10          0          2          0          4          0   (incl. Padding)

    ----------------------------------------------------------------------

      Code (inc. data)   RO Data    RW Data    ZI Data      Debug   Library Name

      1674         52         40          0         96          0   c_w.l
        10          0          0          0          0          0   fz_wm.l

    ----------------------------------------------------------------------
      1694         52         42          0        100          0   Library Totals

    ----------------------------------------------------------------------

==============================================================================


      Code (inc. data)   RO Data    RW Data    ZI Data      Debug   

     33118       1774        682        348    2132348          0   Grand Totals
     33118       1774        682         76    2132348          0   ELF Image Totals (compressed)
     33118       1774        682         76          0          0   ROM Totals

==============================================================================

    Total RO  Size (Code + RO Data)                33800 (  33.01kB)
    Total RW  Size (RW Data + ZI Data)           2132696 (2082.71kB)
    Total ROM Size (Code + RO Data + RW Data)      33876 (  33.08kB)

==============================================================================

